Component: ARM Compiler 5.06 update 6 (build 750) Tool: armlink [4d35ed]

==============================================================================

Section Cross References

    stm32f10x_gpio.o(i.GPIO_AFIODeInit) refers to stm32f10x_rcc.o(i.RCC_APB2PeriphResetCmd) for RCC_APB2PeriphResetCmd
    stm32f10x_gpio.o(i.GPIO_DeInit) refers to stm32f10x_rcc.o(i.RCC_APB2PeriphResetCmd) for RCC_APB2PeriphResetCmd
    stm32f10x_rcc.o(i.RCC_GetClocksFreq) refers to stm32f10x_rcc.o(.data) for APBAHBPrescTable
    stm32f10x_rcc.o(i.RCC_WaitForHSEStartUp) refers to stm32f10x_rcc.o(i.RCC_GetFlagStatus) for RCC_GetFlagStatus
    stm32f10x_usart.o(i.USART_DeInit) refers to stm32f10x_rcc.o(i.RCC_APB2PeriphResetCmd) for RCC_APB2PeriphResetCmd
    stm32f10x_usart.o(i.USART_DeInit) refers to stm32f10x_rcc.o(i.RCC_APB1PeriphResetCmd) for RCC_APB1PeriphResetCmd
    stm32f10x_usart.o(i.USART_Init) refers to stm32f10x_rcc.o(i.RCC_GetClocksFreq) for RCC_GetClocksFreq
    stm32f10x_tim.o(i.TIM_DeInit) refers to stm32f10x_rcc.o(i.RCC_APB2PeriphResetCmd) for RCC_APB2PeriphResetCmd
    stm32f10x_tim.o(i.TIM_DeInit) refers to stm32f10x_rcc.o(i.RCC_APB1PeriphResetCmd) for RCC_APB1PeriphResetCmd
    stm32f10x_tim.o(i.TIM_ETRClockMode1Config) refers to stm32f10x_tim.o(i.TIM_ETRConfig) for TIM_ETRConfig
    stm32f10x_tim.o(i.TIM_ETRClockMode2Config) refers to stm32f10x_tim.o(i.TIM_ETRConfig) for TIM_ETRConfig
    stm32f10x_tim.o(i.TIM_ICInit) refers to stm32f10x_tim.o(i.TI1_Config) for TI1_Config
    stm32f10x_tim.o(i.TIM_ICInit) refers to stm32f10x_tim.o(i.TIM_SetIC1Prescaler) for TIM_SetIC1Prescaler
    stm32f10x_tim.o(i.TIM_ICInit) refers to stm32f10x_tim.o(i.TI2_Config) for TI2_Config
    stm32f10x_tim.o(i.TIM_ICInit) refers to stm32f10x_tim.o(i.TIM_SetIC2Prescaler) for TIM_SetIC2Prescaler
    stm32f10x_tim.o(i.TIM_ICInit) refers to stm32f10x_tim.o(i.TI3_Config) for TI3_Config
    stm32f10x_tim.o(i.TIM_ICInit) refers to stm32f10x_tim.o(i.TIM_SetIC3Prescaler) for TIM_SetIC3Prescaler
    stm32f10x_tim.o(i.TIM_ICInit) refers to stm32f10x_tim.o(i.TI4_Config) for TI4_Config
    stm32f10x_tim.o(i.TIM_ICInit) refers to stm32f10x_tim.o(i.TIM_SetIC4Prescaler) for TIM_SetIC4Prescaler
    stm32f10x_tim.o(i.TIM_ITRxExternalClockConfig) refers to stm32f10x_tim.o(i.TIM_SelectInputTrigger) for TIM_SelectInputTrigger
    stm32f10x_tim.o(i.TIM_PWMIConfig) refers to stm32f10x_tim.o(i.TI1_Config) for TI1_Config
    stm32f10x_tim.o(i.TIM_PWMIConfig) refers to stm32f10x_tim.o(i.TIM_SetIC1Prescaler) for TIM_SetIC1Prescaler
    stm32f10x_tim.o(i.TIM_PWMIConfig) refers to stm32f10x_tim.o(i.TI2_Config) for TI2_Config
    stm32f10x_tim.o(i.TIM_PWMIConfig) refers to stm32f10x_tim.o(i.TIM_SetIC2Prescaler) for TIM_SetIC2Prescaler
    stm32f10x_tim.o(i.TIM_TIxExternalClockConfig) refers to stm32f10x_tim.o(i.TI2_Config) for TI2_Config
    stm32f10x_tim.o(i.TIM_TIxExternalClockConfig) refers to stm32f10x_tim.o(i.TI1_Config) for TI1_Config
    stm32f10x_tim.o(i.TIM_TIxExternalClockConfig) refers to stm32f10x_tim.o(i.TIM_SelectInputTrigger) for TIM_SelectInputTrigger
    stm32f10x_adc.o(i.ADC_DeInit) refers to stm32f10x_rcc.o(i.RCC_APB2PeriphResetCmd) for RCC_APB2PeriphResetCmd
    system_stm32f10x.o(i.SetSysClock) refers to system_stm32f10x.o(i.SetSysClockTo72) for SetSysClockTo72
    system_stm32f10x.o(i.SystemCoreClockUpdate) refers to system_stm32f10x.o(.data) for SystemCoreClock
    system_stm32f10x.o(i.SystemInit) refers to system_stm32f10x.o(i.SetSysClock) for SetSysClock
    startup_stm32f10x_md.o(STACK) refers (Special) to heapauxi.o(.text) for __use_two_region_memory
    startup_stm32f10x_md.o(HEAP) refers (Special) to heapauxi.o(.text) for __use_two_region_memory
    startup_stm32f10x_md.o(RESET) refers (Special) to heapauxi.o(.text) for __use_two_region_memory
    startup_stm32f10x_md.o(RESET) refers to startup_stm32f10x_md.o(STACK) for __initial_sp
    startup_stm32f10x_md.o(RESET) refers to startup_stm32f10x_md.o(.text) for Reset_Handler
    startup_stm32f10x_md.o(RESET) refers to stm32f10x_it.o(i.NMI_Handler) for NMI_Handler
    startup_stm32f10x_md.o(RESET) refers to stm32f10x_it.o(i.HardFault_Handler) for HardFault_Handler
    startup_stm32f10x_md.o(RESET) refers to stm32f10x_it.o(i.MemManage_Handler) for MemManage_Handler
    startup_stm32f10x_md.o(RESET) refers to stm32f10x_it.o(i.BusFault_Handler) for BusFault_Handler
    startup_stm32f10x_md.o(RESET) refers to stm32f10x_it.o(i.UsageFault_Handler) for UsageFault_Handler
    startup_stm32f10x_md.o(RESET) refers to stm32f10x_it.o(i.SVC_Handler) for SVC_Handler
    startup_stm32f10x_md.o(RESET) refers to stm32f10x_it.o(i.DebugMon_Handler) for DebugMon_Handler
    startup_stm32f10x_md.o(RESET) refers to stm32f10x_it.o(i.PendSV_Handler) for PendSV_Handler
    startup_stm32f10x_md.o(RESET) refers to stm32f10x_it.o(i.SysTick_Handler) for SysTick_Handler
    startup_stm32f10x_md.o(RESET) refers to main.o(i.EXTI2_IRQHandler) for EXTI2_IRQHandler
[...]
    starup\startup_stm32f10x_md.s            0x00000000   Number         0  startup_stm32f10x_md.o ABSOLUTE
    user\main.c                              0x00000000   Number         0  main.o ABSOLUTE
    user\stm32f10x_it.c                      0x00000000   Number         0  stm32f10x_it.o ABSOLUTE
    RESET                                    0x08000000   Section      236  startup_stm32f10x_md.o(RESET)
    !!!main                                  0x080000ec   Section        8  __main.o(!!!main)
    !!!scatter                               0x080000f4   Section       52  __scatter.o(!!!scatter)
    !!dczerorl2                              0x08000128   Section       90  __dczerorl2.o(!!dczerorl2)
    !!handler_zi                             0x08000184   Section       28  __scatter_zi.o(!!handler_zi)
    .ARM.Collect$$_printf_percent$$00000000  0x080001a0   Section        0  _printf_percent.o(.ARM.Collect$$_printf_percent$$00000000)
    .ARM.Collect$$_printf_percent$$00000003  0x080001a0   Section        6  _printf_f.o(.ARM.Collect$$_printf_percent$$00000003)
    .ARM.Collect$$_printf_percent$$00000017  0x080001a6   Section        4  _printf_percent_end.o(.ARM.Collect$$_printf_percent$$00000017)
    .ARM.Collect$$libinit$$00000000          0x080001aa   Section        2  libinit.o(.ARM.Collect$$libinit$$00000000)
    .ARM.Collect$$libinit$$00000002          0x080001ac   Section        0  libinit2.o(.ARM.Collect$$libinit$$00000002)
    .ARM.Collect$$libinit$$00000004          0x080001ac   Section        0  libinit2.o(.ARM.Collect$$libinit$$00000004)
    .ARM.Collect$$libinit$$0000000A          0x080001ac   Section        0  libinit2.o(.ARM.Collect$$libinit$$0000000A)
    .ARM.Collect$$libinit$$0000000C          0x080001ac   Section        0  libinit2.o(.ARM.Collect$$libinit$$0000000C)
    .ARM.Collect$$libinit$$0000000E          0x080001ac   Section        0  libinit2.o(.ARM.Collect$$libinit$$0000000E)
    .ARM.Collect$$libinit$$0000000F          0x080001ac   Section        6  libinit2.o(.ARM.Collect$$libinit$$0000000F)
    .ARM.Collect$$libinit$$00000011          0x080001b2   Section        0  libinit2.o(.ARM.Collect$$libinit$$00000011)
    .ARM.Collect$$libinit$$00000013          0x080001b2   Section        0  libinit2.o(.ARM.Collect$$libinit$$00000013)
    .ARM.Collect$$libinit$$00000015          0x080001b2   Section        0  libinit2.o(.ARM.Collect$$libinit$$00000015)
    .ARM.Collect$$libinit$$00000016          0x080001b2   Section       10  libinit2.o(.ARM.Collect$$libinit$$00000016)
    .ARM.Collect$$libinit$$00000017          0x080001bc   Section        0  libinit2.o(.ARM.Collect$$libinit$$00000017)
    .ARM.Collect$$libinit$$00000019          0x080001bc   Section        0  libinit2.o(.ARM.Collect$$libinit$$00000019)
    .ARM.Collect$$libinit$$0000001B          0x080001bc   Section        0  libinit2.o(.ARM.Collect$$libinit$$0000001B)
    .ARM.Collect$$libinit$$0000001D          0x080001bc   Section        0  libinit2.o(.ARM.Collect$$libinit$$0000001D)
    .ARM.Collect$$libinit$$0000001F          0x080001bc   Section        0  libinit2.o(.ARM.Collect$$libinit$$0000001F)
    .ARM.Collect$$libinit$$00000021          0x080001bc   Section        0  libinit2.o(.ARM.Collect$$libinit$$00000021)
    .ARM.Collect$$libinit$$00000023          0x080001bc   Section        0  libinit2.o(.ARM.Collect$$libinit$$00000023)
    .ARM.Collect$$libinit$$00000025          0x080001bc   Section        0  libinit2.o(.ARM.Collect$$libinit$$00000025)
    .ARM.Collect$$libinit$$0000002C          0x080001bc   Section        0  libinit2.o(.ARM.Collect$$libinit$$0000002C)
    .ARM.Collect$$libinit$$0000002E          0x080001bc   Section        0  libinit2.o(.ARM.Collect$$libinit$$0000002E)
    .ARM.Collect$$libinit$$00000030          0x080001bc   Section        0  libinit2.o(.ARM.Collect$$libinit$$00000030)
    .ARM.Collect$$libinit$$00000032          0x080001bc   Section        0  libinit2.o(.ARM.Collect$$libinit$$00000032)
    .ARM.Collect$$libinit$$00000033          0x080001bc   Section        2  libinit2.o(.ARM.Collect$$libinit$$00000033)
    .ARM.Collect$$libshutdown$$00000000      0x080001be   Section        2  libshutdown.o(.ARM.Collect$$libshutdown$$00000000)
    .ARM.Collect$$libshutdown$$00000002      0x080001c0   Section        0  libshutdown2.o(.ARM.Collect$$libshutdown$$00000002)
    .ARM.Collect$$libshutdown$$00000004      0x080001c0   Section        0  libshutdown2.o(.ARM.Collect$$libshutdown$$00000004)
    .ARM.Collect$$libshutdown$$00000007      0x080001c0   Section        0  libshutdown2.o(.ARM.Collect$$libshutdown$$00000007)
    .ARM.Collect$$libshutdown$$0000000A      0x080001c0   Section        0  libshutdown2.o(.ARM.Collect$$libshutdown$$0000000A)
    .ARM.Collect$$libshutdown$$0000000C      0x080001c0   Section        0  libshutdown2.o(.ARM.Collect$$libshutdown$$0000000C)
    .ARM.Collect$$libshutdown$$0000000F      0x080001c0   Section        0  libshutdown2.o(.ARM.Collect$$libshutdown$$0000000F)
    .ARM.Collect$$libshutdown$$00000010      0x080001c0   Section        2  libshutdown2.o(.ARM.Collect$$libshutdown$$00000010)
    .ARM.Collect$$rtentry$$00000000          0x080001c2   Section        0  __rtentry.o(.ARM.Collect$$rtentry$$00000000)
    .ARM.Collect$$rtentry$$00000002          0x080001c2   Section        0  __rtentry2.o(.ARM.Collect$$rtentry$$00000002)
    .ARM.Collect$$rtentry$$00000004          0x080001c2   Section        6  __rtentry4.o(.ARM.Collect$$rtentry$$00000004)
    .ARM.Collect$$rtentry$$00000009          0x080001c8   Section        0  __rtentry2.o(.ARM.Collect$$rtentry$$00000009)
    .ARM.Collect$$rtentry$$0000000A          0x080001c8   Section        4  __rtentry2.o(.ARM.Collect$$rtentry$$0000000A)
    .ARM.Collect$$rtentry$$0000000C          0x080001cc   Section        0  __rtentry2.o(.ARM.Collect$$rtentry$$0000000C)
    .ARM.Collect$$rtentry$$0000000D          0x080001cc   Section        8  __rtentry2.o(.ARM.Collect$$rtentry$$0000000D)
    .ARM.Collect$$rtexit$$00000000           0x080001d4   Section        2  rtexit.o(.ARM.Collect$$rtexit$$00000000)
    .ARM.Collect$$rtexit$$00000002           0x080001d6   Section        0  rtexit2.o(.ARM.Collect$$rtexit$$00000002)
    .ARM.Collect$$rtexit$$00000003           0x080001d6   Section        4  rtexit2.o(.ARM.Collect$$rtexit$$00000003)
    .ARM.Collect$$rtexit$$00000004           0x080001da   Section        6  rtexit2.o(.ARM.Collect$$rtexit$$00000004)
    .text                                    0x080001e0   Section       64  startup_stm32f10x_md.o(.text)
    .text                                    0x08000220   Section        0  noretval__2sprintf.o(.text)
    .text                                    0x08000248   Section        0  __printf_flags_wp.o(.text)
    .text                                    0x08000380   Section        0  strstr.o(.text)
    .text                                    0x080003a4   Section        0  strlen.o(.text)
    .text                                    0x080003e2   Section       68  rt_memclr.o(.text)
    .text                                    0x08000426   Section        0  heapauxi.o(.text)
    .text                                    0x0800042c   Section        0  _printf_fp_dec.o(.text)
    _fp_digits                               0x0800042f   Thumb Code   432  _printf_fp_dec.o(.text)
    .text                                    0x0800084c   Section        0  _printf_char_common.o(.text)
    _printf_input_char                       0x0800084d   Thumb Code    10  _printf_char_common.o(.text)
    .text                                    0x0800087c   Section        0  _sputc.o(.text)
    .text                                    0x08000886   Section       78  rt_memclr_w.o(.text)
    .text                                    0x080008d4   Section        8  rt_locale_intlibspace.o(.text)
    .text                                    0x080008dc   Section      138  lludiv10.o(.text)
    .text                                    0x08000968   Section        0  _printf_fp_infnan.o(.text)
    .text                                    0x080009e8   Section        0  bigflt0.o(.text)
    .text                                    0x08000acc   Section        8  libspace.o(.text)
    .text                                    0x08000ad4   Section       74  sys_stackheap_outer.o(.text)
    .text                                    0x08000b1e   Section        0  exit.o(.text)
    .text                                    0x08000b30   Section      128  strcmpv7m.o(.text)
    .text                                    0x08000bb0   Section        2  use_no_semi.o(.text)
    .text                                    0x08000bb2   Section        0  indicate_semi.o(.text)
    .text                                    0x08000bb4   Section        0  sys_exit.o(.text)
    CL$$btod_d2e                             0x08000bc0   Section       62  btod.o(CL$$btod_d2e)
    CL$$btod_d2e_denorm_low                  0x08000bfe   Section       70  btod.o(CL$$btod_d2e_denorm_low)
    CL$$btod_d2e_norm_op1                    0x08000c44   Section       96  btod.o(CL$$btod_d2e_norm_op1)
    CL$$btod_div_common                      0x08000ca4   Section      824  btod.o(CL$$btod_div_common)
    CL$$btod_e2e                             0x08000fdc   Section      220  btod.o(CL$$btod_e2e)
    CL$$btod_ediv                            0x080010b8   Section       42  btod.o(CL$$btod_ediv)
    CL$$btod_emul                            0x080010e2   Section       42  btod.o(CL$$btod_emul)
    CL$$btod_mult_common                     0x0800110c   Section      580  btod.o(CL$$btod_mult_common)
    i.ADC_Cmd                                0x08001350   Section        0  stm32f10x_adc.o(i.ADC_Cmd)
    i.ADC_DeInit                             0x08001368   Section        0  stm32f10x_adc.o(i.ADC_DeInit)
    i.ADC_GetCalibrationStatus               0x080013c4   Section        0  stm32f10x_adc.o(i.ADC_GetCalibrationStatus)
    i.ADC_GetFlagStatus                      0x080013d8   Section        0  stm32f10x_adc.o(i.ADC_GetFlagStatus)
    i.ADC_GetResetCalibrationStatus          0x080013ea   Section        0  stm32f10x_adc.o(i.ADC_GetResetCalibrationStatus)
    i.ADC_Init                               0x08001400   Section        0  stm32f10x_adc.o(i.ADC_Init)
    i.ADC_RegularChannelConfig               0x08001450   Section        0  stm32f10x_adc.o(i.ADC_RegularChannelConfig)
    i.ADC_ResetCalibration                   0x08001508   Section        0  stm32f10x_adc.o(i.ADC_ResetCalibration)
    i.ADC_SoftwareStartConvCmd               0x08001512   Section        0  stm32f10x_adc.o(i.ADC_SoftwareStartConvCmd)
    i.ADC_StartCalibration                   0x08001528   Section        0  stm32f10x_adc.o(i.ADC_StartCalibration)
    i.AdcKey_Init                            0x08001532   Section        0  adckey.o(i.AdcKey_Init)
    i.Adc_Init                               0x08001540   Section        0  adckey.o(i.Adc_Init)
    i.BusFault_Handler                       0x080015b4   Section        0  stm32f10x_it.o(i.BusFault_Handler)
    i.Clear_guangbiao                        0x080015b8   Section        0  oled.o(i.Clear_guangbiao)
    i.DebugMon_Handler                       0x080015e8   Section        0  stm32f10x_it.o(i.DebugMon_Handler)
    i.Driver_Init                            0x080015ec   Section        0  pwm.o(i.Driver_Init)
    i.EXTI2_IRQHandler                       0x080016bc   Section        0  main.o(i.EXTI2_IRQHandler)
    i.EXTI_ClearITPendingBit                 0x080016f4   Section        0  stm32f10x_exti.o(i.EXTI_ClearITPendingBit)
    i.EXTI_GetITStatus                       0x08001700   Section        0  stm32f10x_exti.o(i.EXTI_GetITStatus)
    i.EXTI_Init                              0x08001728   Section        0  stm32f10x_exti.o(i.EXTI_Init)
    i.Esp8266_Init                           0x080017bc   Section        0  usart2.o(i.Esp8266_Init)
    i.Exit_Init                              0x080018d0   Section        0  exit.o(i.Exit_Init)
    i.GET_ADConverter                        0x08001964   Section        0  adckey.o(i.GET_ADConverter)
    i.GPIO_EXTILineConfig                    0x08001998   Section        0  stm32f10x_gpio.o(i.GPIO_EXTILineConfig)
    i.GPIO_Init                              0x080019d8   Section        0  stm32f10x_gpio.o(i.GPIO_Init)
    i.GPIO_PinRemapConfig                    0x08001af0   Section        0  stm32f10x_gpio.o(i.GPIO_PinRemapConfig)
    i.GPIO_ResetBits                         0x08001b80   Section        0  stm32f10x_gpio.o(i.GPIO_ResetBits)
    i.GPIO_SetBits                           0x08001b84   Section        0  stm32f10x_gpio.o(i.GPIO_SetBits)
    i.GPIOinit                               0x08001b88   Section        0  adckey.o(i.GPIOinit)
    i.Go_Ahead                               0x08001bb4   Section        0  pwm.o(i.Go_Ahead)
    i.HardFault_Handler                      0x08001be0   Section        0  stm32f10x_it.o(i.HardFault_Handler)
    i.MemManage_Handler                      0x08001be4   Section        0  stm32f10x_it.o(i.MemManage_Handler)
    i.NMI_Handler                            0x08001be8   Section        0  stm32f10x_it.o(i.NMI_Handler)
    i.NVIC_Init                              0x08001bec   Section        0  misc.o(i.NVIC_Init)
    i.NVIC_PriorityGroupConfig               0x08001c5c   Section        0  misc.o(i.NVIC_PriorityGroupConfig)
    i.OLED_Clear                             0x08001c70   Section        0  oled.o(i.OLED_Clear)
    i.OLED_ClearArea                         0x08001ca0   Section        0  oled.o(i.OLED_ClearArea)
    i.OLED_ClearPoint                        0x08001cd0   Section        0  oled.o(i.OLED_ClearPoint)
    i.OLED_ColorTurn                         0x08001d30   Section        0  oled.o(i.OLED_ColorTurn)
    i.OLED_DisplayTurn                       0x08001d4c   Section        0  oled.o(i.OLED_DisplayTurn)
    i.OLED_DrawPoint                         0x08001d78   Section        0  oled.o(i.OLED_DrawPoint)
    i.OLED_Init                              0x08001db4   Section        0  oled.o(i.OLED_Init)
    i.OLED_Refresh                           0x08001f1c   Section        0  oled.o(i.OLED_Refresh)
    i.OLED_ShowChar                          0x08001f68   Section        0  oled.o(i.OLED_ShowChar)
    i.OLED_ShowChinese                       0x08002064   Section        0  oled.o(i.OLED_ShowChinese)
    i.OLED_ShowString                        0x0800216c   Section        0  oled.o(i.OLED_ShowString)
    i.OLED_WR_Byte                           0x080021b0   Section        0  oled.o(i.OLED_WR_Byte)
    i.OpenBox                                0x08002230   Section        0  main.o(i.OpenBox)
    i.PEC_Calculation                        0x08002232   Section        0  mlx90614.o(i.PEC_Calculation)
    i.PendSV_Handler                         0x080022ec   Section        0  stm32f10x_it.o(i.PendSV_Handler)
    i.RCC_ADCCLKConfig                       0x080022f0   Section        0  stm32f10x_rcc.o(i.RCC_ADCCLKConfig)
    i.RCC_APB1PeriphClockCmd                 0x08002308   Section        0  stm32f10x_rcc.o(i.RCC_APB1PeriphClockCmd)
    i.RCC_APB2PeriphClockCmd                 0x08002328   Section        0  stm32f10x_rcc.o(i.RCC_APB2PeriphClockCmd)
    i.RCC_APB2PeriphResetCmd                 0x08002348   Section        0  stm32f10x_rcc.o(i.RCC_APB2PeriphResetCmd)
    i.RCC_GetClocksFreq                      0x08002368   Section        0  stm32f10x_rcc.o(i.RCC_GetClocksFreq)
    i.Read_Xunji                             0x0800243c   Section        0  xunji.o(i.Read_Xunji)
    i.SET_PWM                                0x08002450   Section        0  pwm.o(i.SET_PWM)
    i.SMBus_Delay                            0x08002460   Section        0  mlx90614.o(i.SMBus_Delay)
    i.SMBus_Init                             0x0800247c   Section        0  mlx90614.o(i.SMBus_Init)
    i.SMBus_ReadMemory                       0x080024b4   Section        0  mlx90614.o(i.SMBus_ReadMemory)
    i.SMBus_ReadTemp                         0x0800255c   Section        0  mlx90614.o(i.SMBus_ReadTemp)
    i.SMBus_ReceiveBit                       0x080025a0   Section        0  mlx90614.o(i.SMBus_ReceiveBit)
    i.SMBus_ReceiveByte                      0x080025e4   Section        0  mlx90614.o(i.SMBus_ReceiveByte)
    i.SMBus_SendBit                          0x08002618   Section        0  mlx90614.o(i.SMBus_SendBit)
    i.SMBus_SendByte                         0x08002654   Section        0  mlx90614.o(i.SMBus_SendByte)
    i.SMBus_StartBit                         0x08002684   Section        0  mlx90614.o(i.SMBus_StartBit)
    i.SMBus_StopBit                          0x080026c0   Section        0  mlx90614.o(i.SMBus_StopBit)
    i.SVC_Handler                            0x080026f8   Section        0  stm32f10x_it.o(i.SVC_Handler)
    i.SendCmd                                0x080026fc   Section        0  usart2.o(i.SendCmd)
    i.SetSysClock                            0x08002748   Section        0  system_stm32f10x.o(i.SetSysClock)
    SetSysClock                              0x08002749   Thumb Code     8  system_stm32f10x.o(i.SetSysClock)
    i.SetSysClockTo72                        0x08002750   Section        0  system_stm32f10x.o(i.SetSysClockTo72)
    SetSysClockTo72                          0x08002751   Thumb Code   214  system_stm32f10x.o(i.SetSysClockTo72)
    i.Show_FirstScream                       0x08002830   Section        0  main.o(i.Show_FirstScream)
    i.Show_Num                               0x08002940   Section        0  main.o(i.Show_Num)
    i.Show_SecondScream                      0x080029b4   Section        0  main.o(i.Show_SecondScream)
    i.Show_guangbiao                         0x08002d34   Section        0  oled.o(i.Show_guangbiao)
    i.Show_thirdscream                       0x08002d64   Section        0  main.o(i.Show_thirdscream)
    i.Stop                                   0x080031d8   Section        0  pwm.o(i.Stop)
    i.SysTick_CLKSourceConfig                0x080031fc   Section        0  misc.o(i.SysTick_CLKSourceConfig)
    i.SysTick_Handler                        0x08003224   Section        0  stm32f10x_it.o(i.SysTick_Handler)
    i.SystemInit                             0x08003228   Section        0  system_stm32f10x.o(i.SystemInit)
    i.TIM_ARRPreloadConfig                   0x08003288   Section        0  stm32f10x_tim.o(i.TIM_ARRPreloadConfig)
    i.TIM_Cmd                                0x080032a0   Section        0  stm32f10x_tim.o(i.TIM_Cmd)
    i.TIM_CtrlPWMOutputs                     0x080032b8   Section        0  stm32f10x_tim.o(i.TIM_CtrlPWMOutputs)
    i.TIM_OC1Init                            0x080032d8   Section        0  stm32f10x_tim.o(i.TIM_OC1Init)
    i.TIM_OC4Init                            0x08003370   Section        0  stm32f10x_tim.o(i.TIM_OC4Init)
    i.TIM_TimeBaseInit                       0x080033ec   Section        0  stm32f10x_tim.o(i.TIM_TimeBaseInit)
    i.Turn180                                0x08003490   Section        0  pwm.o(i.Turn180)
    i.Turn90                                 0x080034dc   Section        0  pwm.o(i.Turn90)
    i.Turn_Left                              0x08003580   Section        0  pwm.o(i.Turn_Left)
    i.Turn_Right                             0x080035ac   Section        0  pwm.o(i.Turn_Right)
    i.USART2_Clear                           0x080035d8   Section        0  usart2.o(i.USART2_Clear)
    i.USART2_Config                          0x080035fc   Section        0  usart2.o(i.USART2_Config)
    i.USART2_IRQHandler                      0x080036a0   Section        0  usart2.o(i.USART2_IRQHandler)
    i.USART2_Write                           0x080036f4   Section        0  usart2.o(i.USART2_Write)
    i.USART_ClearFlag                        0x0800372e   Section        0  stm32f10x_usart.o(i.USART_ClearFlag)
    i.USART_Cmd                              0x08003740   Section        0  stm32f10x_usart.o(i.USART_Cmd)
    i.USART_GetFlagStatus                    0x08003758   Section        0  stm32f10x_usart.o(i.USART_GetFlagStatus)
    i.USART_ITConfig                         0x08003772   Section        0  stm32f10x_usart.o(i.USART_ITConfig)
    i.USART_Init                             0x080037bc   Section        0  stm32f10x_usart.o(i.USART_Init)
    i.USART_SendData                         0x08003894   Section        0  stm32f10x_usart.o(i.USART_SendData)
    i.UsageFault_Handler                     0x0800389c   Section        0  stm32f10x_it.o(i.UsageFault_Handler)
    i.VerifyPassword                         0x080038a0   Section        0  main.o(i.VerifyPassword)
    i.Xunji_Init                             0x080038ec   Section        0  xunji.o(i.Xunji_Init)
    i.__ARM_fpclassify                       0x08003928   Section        0  fpclassify.o(i.__ARM_fpclassify)
    i._is_digit                              0x08003950   Section        0  __printf_wp.o(i._is_digit)
    i.delay_init                             0x08003960   Section        0  delay.o(i.delay_init)
    i.delay_ms                               0x0800399c   Section        0  delay.o(i.delay_ms)
    i.mDelay                                 0x080039e8   Section        0  utils.o(i.mDelay)
    i.main                                   0x08003a04   Section        0  main.o(i.main)
    i.run                                    0x08003a9c   Section        0  main.o(i.run)
    locale$$code                             0x08003c9c   Section       44  lc_numeric_c.o(locale$$code)
    x$fpl$d2f                                0x08003cc8   Section       98  d2f.o(x$fpl$d2f)
    x$fpl$dadd                               0x08003d2c   Section      336  daddsub_clz.o(x$fpl$dadd)
    _dadd1                                   0x08003d3d   Thumb Code     0  daddsub_clz.o(x$fpl$dadd)
    x$fpl$dcmpinf                            0x08003e7c   Section       24  dcmpi.o(x$fpl$dcmpinf)
    x$fpl$dfltu                              0x08003e94   Section       38  dflt_clz.o(x$fpl$dfltu)
    x$fpl$dleqf                              0x08003ebc   Section      120  dleqf.o(x$fpl$dleqf)
    x$fpl$dmul                               0x08003f34   Section      340  dmul.o(x$fpl$dmul)
    x$fpl$dnaninf                            0x08004088   Section      156  dnaninf.o(x$fpl$dnaninf)
    x$fpl$dretinf                            0x08004124   Section       12  dretinf.o(x$fpl$dretinf)
    x$fpl$drleqf                             0x08004130   Section      108  drleqf.o(x$fpl$drleqf)
    x$fpl$dsub                               0x0800419c   Section      468  daddsub_clz.o(x$fpl$dsub)
    _dsub1                                   0x080041ad   Thumb Code     0  daddsub_clz.o(x$fpl$dsub)
    x$fpl$f2d                                0x08004370   Section       86  f2d.o(x$fpl$f2d)
    x$fpl$fnaninf                            0x080043c6   Section      140  fnaninf.o(x$fpl$fnaninf)
    x$fpl$fretinf                            0x08004452   Section       10  fretinf.o(x$fpl$fretinf)
    x$fpl$printf1                            0x0800445c   Section        4  printf1.o(x$fpl$printf1)
    .constdata                               0x08004460   Section     6080  oled.o(.constdata)
    x$fpl$usenofp                            0x08004460   Section        0  usenofp.o(x$fpl$usenofp)
    .constdata                               0x08005c20   Section       17  __printf_flags_wp.o(.constdata)
    maptable                                 0x08005c20   Data          17  __printf_flags_wp.o(.constdata)
    .constdata                               0x08005c34   Section      148  bigflt0.o(.constdata)
    tenpwrs_x                                0x08005c34   Data          60  bigflt0.o(.constdata)
    tenpwrs_i                                0x08005c70   Data          64  bigflt0.o(.constdata)
    locale$$data                             0x08005ce8   Section       28  lc_numeric_c.o(locale$$data)
    __lcnum_c_name                           0x08005cec   Data           2  lc_numeric_c.o(locale$$data)
    __lcnum_c_start                          0x08005cf4   Data           0  lc_numeric_c.o(locale$$data)
    __lcnum_c_point                          0x08005d00   Data           0  lc_numeric_c.o(locale$$data)
    __lcnum_c_thousands                      0x08005d02   Data           0  lc_numeric_c.o(locale$$data)
    __lcnum_c_grouping                       0x08005d03   Data           0  lc_numeric_c.o(locale$$data)
    __lcnum_c_end                            0x08005d04   Data           0  lc_numeric_c.o(locale$$data)
    .data                                    0x20000000   Section       20  stm32f10x_rcc.o(.data)
    APBAHBPrescTable                         0x20000000   Data          16  stm32f10x_rcc.o(.data)
    ADCPrescTable                            0x20000010   Data           4  stm32f10x_rcc.o(.data)
    .data                                    0x20000014   Section       33  main.o(.data)
    yaohe_flag                               0x2000001c   Data           1  main.o(.data)
    scream_flag                              0x2000001d   Data           1  main.o(.data)
    FSC_Offset                               0x2000001e   Data           1  main.o(.data)
    SSC_Offset                               0x2000001f   Data           1  main.o(.data)
    TSC_Offset                               0x20000020   Data           1  main.o(.data)
    .data                                    0x20000036   Section        4  delay.o(.data)
    fac_us                                   0x20000036   Data           1  delay.o(.data)
    fac_ms                                   0x20000038   Data           2  delay.o(.data)
    .data                                    0x2000003a   Section     5464  oled.o(.data)
    .data                                    0x20001594   Section       12  usart2.o(.data)
    len                                      0x2000159c   Data           4  usart2.o(.data)
    .bss                                     0x200015a0   Section     1152  oled.o(.bss)
    .bss                                     0x20001a20   Section     1024  usart2.o(.bss)
    .bss                                     0x20001e20   Section       96  libspace.o(.bss)
    HEAP                                     0x20001e80   Section      512  startup_stm32f10x_md.o(HEAP)
    Heap_Mem                                 0x20001e80   Data         512  startup_stm32f10x_md.o(HEAP)
    STACK                                    0x20002080   Section     1024  startup_stm32f10x_md.o(STACK)
    Stack_Mem                                0x20002080   Data        1024  startup_stm32f10x_md.o(STACK)
    __initial_sp                             0x20002480   Data           0  startup_stm32f10x_md.o(STACK)

    Global Symbols

    Symbol Name                              Value     Ov Type        Size  Object(Section)

    BuildAttributes$$THM_ISAv4$P$D$K$B$S$PE$A:L22UL41UL21$X:L11$S22US41US21$IEEE1$IW$USESV6$~STKCKD$USESV7$~SHL$OTIME$ROPI$IEEEJ$EBA8$UX$STANDARDLIB$REQ8$PRES8$EABIv2 0x00000000   Number         0  anon$$obj.o ABSOLUTE
    __ARM_use_no_argv                        0x00000000   Number         0  main.o ABSOLUTE
    _printf_flags                            0x00000000   Number         0  printf_stubs.o ABSOLUTE
    _printf_return_value                     0x00000000   Number         0  printf_stubs.o ABSOLUTE
    _printf_sizespec                         0x00000000   Number         0  printf_stubs.o ABSOLUTE
    _printf_widthprec                        0x00000000   Number         0  printf_stubs.o ABSOLUTE
    __ARM_exceptions_init                     - Undefined Weak Reference
    __alloca_initialize                       - Undefined Weak Reference
    __arm_preinit_                            - Undefined Weak Reference
    __cpp_initialize__aeabi_                  - Undefined Weak Reference
    __cxa_finalize                            - Undefined Weak Reference
    __sigvec_lookup                           - Undefined Weak Reference
    __user_heap_extent                        - Undefined Weak Reference
    _atexit_init                              - Undefined Weak Reference
    _call_atexit_fns                          - Undefined Weak Reference
    _clock_init                               - Undefined Weak Reference
    _fp_trap_init                             - Undefined Weak Reference
    _fp_trap_shutdown                         - Undefined Weak Reference
    _get_lc_collate                           - Undefined Weak Reference
    _get_lc_ctype                             - Undefined Weak Reference
    _get_lc_monetary                          - Undefined Weak Reference
    _get_lc_time                              - Undefined Weak Reference
    _getenv_init                              - Undefined Weak Reference
    _handle_redirection                       - Undefined Weak Reference
    _mutex_acquire                            - Undefined Weak Reference
    _mutex_free                               - Undefined Weak Reference
    _mutex_release                            - Undefined Weak Reference
    _printf_truncate_unsigned                 - Undefined Weak Reference
    _rand_init                                - Undefined Weak Reference
    _signal_finish                            - Undefined Weak Reference
    _signal_init                              - Undefined Weak Reference
    __Vectors_Size                           0x000000ec   Number         0  startup_stm32f10x_md.o ABSOLUTE
    __Vectors                                0x08000000   Data           4  startup_stm32f10x_md.o(RESET)
    __Vectors_End                            0x080000ec   Data           0  startup_stm32f10x_md.o(RESET)
    __main                                   0x080000ed   Thumb Code     8  __main.o(!!!main)
    __scatterload                            0x080000f5   Thumb Code     0  __scatter.o(!!!scatter)
    __scatterload_rt2                        0x080000f5   Thumb Code    44  __scatter.o(!!!scatter)
    __scatterload_rt2_thumb_only             0x080000f5   Thumb Code     0  __scatter.o(!!!scatter)
    __scatterload_null                       0x08000103   Thumb Code     0  __scatter.o(!!!scatter)
    __decompress                             0x08000129   Thumb Code    90  __dczerorl2.o(!!dczerorl2)
    __decompress1                            0x08000129   Thumb Code     0  __dczerorl2.o(!!dczerorl2)
    __scatterload_zeroinit                   0x08000185   Thumb Code    28  __scatter_zi.o(!!handler_zi)
    _printf_f                                0x080001a1   Thumb Code     0  _printf_f.o(.ARM.Collect$$_printf_percent$$00000003)
    _printf_percent                          0x080001a1   Thumb Code     0  _printf_percent.o(.ARM.Collect$$_printf_percent$$00000000)
    _printf_percent_end                      0x080001a7   Thumb Code     0  _printf_percent_end.o(.ARM.Collect$$_printf_percent$$00000017)
    __rt_lib_init                            0x080001ab   Thumb Code     0  libinit.o(.ARM.Collect$$libinit$$00000000)
    __rt_lib_init_fp_1                       0x080001ad   Thumb Code     0  libinit2.o(.ARM.Collect$$libinit$$00000002)
    __rt_lib_init_heap_1                     0x080001ad   Thumb Code     0  libinit2.o(.ARM.Collect$$libinit$$0000000A)
    __rt_lib_init_lc_common                  0x080001ad   Thumb Code     0  libinit2.o(.ARM.Collect$$libinit$$0000000F)
    __rt_lib_init_preinit_1                  0x080001ad   Thumb Code     0  libinit2.o(.ARM.Collect$$libinit$$00000004)
    __rt_lib_init_rand_1                     0x080001ad   Thumb Code     0  libinit2.o(.ARM.Collect$$libinit$$0000000E)
    __rt_lib_init_user_alloc_1               0x080001ad   Thumb Code     0  libinit2.o(.ARM.Collect$$libinit$$0000000C)
    __rt_lib_init_lc_collate_1               0x080001b3   Thumb Code     0  libinit2.o(.ARM.Collect$$libinit$$00000011)
    __rt_lib_init_lc_ctype_1                 0x080001b3   Thumb Code     0  libinit2.o(.ARM.Collect$$libinit$$00000013)
    __rt_lib_init_lc_monetary_1              0x080001b3   Thumb Code     0  libinit2.o(.ARM.Collect$$libinit$$00000015)
    __rt_lib_init_lc_numeric_2               0x080001b3   Thumb Code     0  libinit2.o(.ARM.Collect$$libinit$$00000016)
    __rt_lib_init_alloca_1                   0x080001bd   Thumb Code     0  libinit2.o(.ARM.Collect$$libinit$$0000002E)
    __rt_lib_init_argv_1                     0x080001bd   Thumb Code     0  libinit2.o(.ARM.Collect$$libinit$$0000002C)
    __rt_lib_init_atexit_1                   0x080001bd   Thumb Code     0  libinit2.o(.ARM.Collect$$libinit$$0000001B)
    __rt_lib_init_clock_1                    0x080001bd   Thumb Code     0  libinit2.o(.ARM.Collect$$libinit$$00000021)
    __rt_lib_init_cpp_1                      0x080001bd   Thumb Code     0  libinit2.o(.ARM.Collect$$libinit$$00000032)
    __rt_lib_init_exceptions_1               0x080001bd   Thumb Code     0  libinit2.o(.ARM.Collect$$libinit$$00000030)
    __rt_lib_init_fp_trap_1                  0x080001bd   Thumb Code     0  libinit2.o(.ARM.Collect$$libinit$$0000001F)
    __rt_lib_init_getenv_1                   0x080001bd   Thumb Code     0  libinit2.o(.ARM.Collect$$libinit$$00000023)
    __rt_lib_init_lc_numeric_1               0x080001bd   Thumb Code     0  libinit2.o(.ARM.Collect$$libinit$$00000017)
    __rt_lib_init_lc_time_1                  0x080001bd   Thumb Code     0  libinit2.o(.ARM.Collect$$libinit$$00000019)
    __rt_lib_init_return                     0x080001bd   Thumb Code     0  libinit2.o(.ARM.Collect$$libinit$$00000033)
    __rt_lib_init_signal_1                   0x080001bd   Thumb Code     0  libinit2.o(.ARM.Collect$$libinit$$0000001D)
    __rt_lib_init_stdio_1                    0x080001bd   Thumb Code     0  libinit2.o(.ARM.Collect$$libinit$$00000025)
    __rt_lib_shutdown                        0x080001bf   Thumb Code     0  libshutdown.o(.ARM.Collect$$libshutdown$$00000000)
    __rt_lib_shutdown_cpp_1                  0x080001c1   Thumb Code     0  libshutdown2.o(.ARM.Collect$$libshutdown$$00000002)
    __rt_lib_shutdown_fp_trap_1              0x080001c1   Thumb Code     0  libshutdown2.o(.ARM.Collect$$libshutdown$$00000007)
    __rt_lib_shutdown_heap_1                 0x080001c1   Thumb Code     0  libshutdown2.o(.ARM.Collect$$libshutdown$$0000000F)
    __rt_lib_shutdown_return                 0x080001c1   Thumb Code     0  libshutdown2.o(.ARM.Collect$$libshutdown$$00000010)
    __rt_lib_shutdown_signal_1               0x080001c1   Thumb Code     0  libshutdown2.o(.ARM.Collect$$libshutdown$$0000000A)
    __rt_lib_shutdown_stdio_1                0x080001c1   Thumb Code     0  libshutdown2.o(.ARM.Collect$$libshutdown$$00000004)
    __rt_lib_shutdown_user_alloc_1           0x080001c1   Thumb Code     0  libshutdown2.o(.ARM.Collect$$libshutdown$$0000000C)
    __rt_entry                               0x080001c3   Thumb Code     0  __rtentry.o(.ARM.Collect$$rtentry$$00000000)
    __rt_entry_presh_1                       0x080001c3   Thumb Code     0  __rtentry2.o(.ARM.Collect$$rtentry$$00000002)
    __rt_entry_sh                            0x080001c3   Thumb Code     0  __rtentry4.o(.ARM.Collect$$rtentry$$00000004)
    __rt_entry_li                            0x080001c9   Thumb Code     0  __rtentry2.o(.ARM.Collect$$rtentry$$0000000A)
    __rt_entry_postsh_1                      0x080001c9   Thumb Code     0  __rtentry2.o(.ARM.Collect$$rtentry$$00000009)
    __rt_entry_main                          0x080001cd   Thumb Code     0  __rtentry2.o(.ARM.Collect$$rtentry$$0000000D)
    __rt_entry_postli_1                      0x080001cd   Thumb Code     0  __rtentry2.o(.ARM.Collect$$rtentry$$0000000C)
    __rt_exit                                0x080001d5   Thumb Code     0  rtexit.o(.ARM.Collect$$rtexit$$00000000)
    __rt_exit_ls                             0x080001d7   Thumb Code     0  rtexit2.o(.ARM.Collect$$rtexit$$00000003)
    __rt_exit_prels_1                        0x080001d7   Thumb Code     0  rtexit2.o(.ARM.Collect$$rtexit$$00000002)
    __rt_exit_exit                           0x080001db   Thumb Code     0  rtexit2.o(.ARM.Collect$$rtexit$$00000004)
    Reset_Handler                            0x080001e1   Thumb Code     8  startup_stm32f10x_md.o(.text)
    ADC1_2_IRQHandler                        0x080001fb   Thumb Code     0  startup_stm32f10x_md.o(.text)
    CAN1_RX1_IRQHandler                      0x080001fb   Thumb Code     0  startup_stm32f10x_md.o(.text)
    CAN1_SCE_IRQHandler                      0x080001fb   Thumb Code     0  startup_stm32f10x_md.o(.text)
    DMA1_Channel1_IRQHandler                 0x080001fb   Thumb Code     0  startup_stm32f10x_md.o(.text)
    DMA1_Channel2_IRQHandler                 0x080001fb   Thumb Code     0  startup_stm32f10x_md.o(.text)
    DMA1_Channel3_IRQHandler                 0x080001fb   Thumb Code     0  startup_stm32f10x_md.o(.text)
    DMA1_Channel4_IRQHandler                 0x080001fb   Thumb Code     0  startup_stm32f10x_md.o(.text)
    DMA1_Channel5_IRQHandler                 0x080001fb   Thumb Code     0  startup_stm32f10x_md.o(.text)
    DMA1_Channel6_IRQHandler                 0x080001fb   Thumb Code     0  startup_stm32f10x_md.o(.text)
    DMA1_Channel7_IRQHandler                 0x080001fb   Thumb Code     0  startup_stm32f10x_md.o(.text)
    EXTI0_IRQHandler                         0x080001fb   Thumb Code     0  startup_stm32f10x_md.o(.text)
    EXTI15_10_IRQHandler                     0x080001fb   Thumb Code     0  startup_stm32f10x_md.o(.text)
    EXTI1_IRQHandler                         0x080001fb   Thumb Code     0  startup_stm32f10x_md.o(.text)
    EXTI3_IRQHandler                         0x080001fb   Thumb Code     0  startup_stm32f10x_md.o(.text)
    EXTI4_IRQHandler                         0x080001fb   Thumb Code     0  startup_stm32f10x_md.o(.text)
    EXTI9_5_IRQHandler                       0x080001fb   Thumb Code     0  startup_stm32f10x_md.o(.text)
    FLASH_IRQHandler                         0x080001fb   Thumb Code     0  startup_stm32f10x_md.o(.text)
    I2C1_ER_IRQHandler                       0x080001fb   Thumb Code     0  startup_stm32f10x_md.o(.text)
    I2C1_EV_IRQHandler                       0x080001fb   Thumb Code     0  startup_stm32f10x_md.o(.text)
    I2C2_ER_IRQHandler                       0x080001fb   Thumb Code     0  startup_stm32f10x_md.o(.text)
    I2C2_EV_IRQHandler                       0x080001fb   Thumb Code     0  startup_stm32f10x_md.o(.text)
    PVD_IRQHandler                           0x080001fb   Thumb Code     0  startup_stm32f10x_md.o(.text)
    RCC_IRQHandler                           0x080001fb   Thumb Code     0  startup_stm32f10x_md.o(.text)
    RTCAlarm_IRQHandler                      0x080001fb   Thumb Code     0  startup_stm32f10x_md.o(.text)
    RTC_IRQHandler                           0x080001fb   Thumb Code     0  startup_stm32f10x_md.o(.text)
    SPI1_IRQHandler                          0x080001fb   Thumb Code     0  startup_stm32f10x_md.o(.text)
    SPI2_IRQHandler                          0x080001fb   Thumb Code     0  startup_stm32f10x_md.o(.text)
    TAMPER_IRQHandler                        0x080001fb   Thumb Code     0  startup_stm32f10x_md.o(.text)
    TIM1_BRK_IRQHandler                      0x080001fb   Thumb Code     0  startup_stm32f10x_md.o(.text)
    TIM1_CC_IRQHandler                       0x080001fb   Thumb Code     0  startup_stm32f10x_md.o(.text)
    TIM1_TRG_COM_IRQHandler                  0x080001fb   Thumb Code     0  startup_stm32f10x_md.o(.text)
    TIM1_UP_IRQHandler                       0x080001fb   Thumb Code     0  startup_stm32f10x_md.o(.text)
    TIM2_IRQHandler                          0x080001fb   Thumb Code     0  startup_stm32f10x_md.o(.text)
    TIM3_IRQHandler                          0x080001fb   Thumb Code     0  startup_stm32f10x_md.o(.text)
    TIM4_IRQHandler                          0x080001fb   Thumb Code     0  startup_stm32f10x_md.o(.text)
    USART1_IRQHandler                        0x080001fb   Thumb Code     0  startup_stm32f10x_md.o(.text)
    USART3_IRQHandler                        0x080001fb   Thumb Code     0  startup_stm32f10x_md.o(.text)
    USBWakeUp_IRQHandler                     0x080001fb   Thumb Code     0  startup_stm32f10x_md.o(.text)
    USB_HP_CAN1_TX_IRQHandler                0x080001fb   Thumb Code     0  startup_stm32f10x_md.o(.text)
    USB_LP_CAN1_RX0_IRQHandler               0x080001fb   Thumb Code     0  startup_stm32f10x_md.o(.text)
    WWDG_IRQHandler                          0x080001fb   Thumb Code     0  startup_stm32f10x_md.o(.text)
    __user_initial_stackheap                 0x080001fd   Thumb Code     0  startup_stm32f10x_md.o(.text)
    __2sprintf                               0x08000221   Thumb Code    34  noretval__2sprintf.o(.text)
    __printf                                 0x08000249   Thumb Code   308  __printf_flags_wp.o(.text)
    strstr                                   0x08000381   Thumb Code    36  strstr.o(.text)
    strlen                                   0x080003a5   Thumb Code    62  strlen.o(.text)
    __aeabi_memclr                           0x080003e3   Thumb Code     0  rt_memclr.o(.text)
    __rt_memclr                              0x080003e3   Thumb Code    68  rt_memclr.o(.text)
    _memset                                  0x080003e7   Thumb Code     0  rt_memclr.o(.text)
    __use_two_region_memory                  0x08000427   Thumb Code     2  heapauxi.o(.text)
    __rt_heap_escrow                         0x08000429   Thumb Code     2  heapauxi.o(.text)
    __rt_heap_expand                         0x0800042b   Thumb Code     2  heapauxi.o(.text)
    __lib_sel_fp_printf                      0x0800042d   Thumb Code     2  _printf_fp_dec.o(.text)
    _printf_fp_dec_real                      0x080005df   Thumb Code   620  _printf_fp_dec.o(.text)
    _printf_char_common                      0x08000857   Thumb Code    32  _printf_char_common.o(.text)
    _sputc                                   0x0800087d   Thumb Code    10  _sputc.o(.text)
    __aeabi_memclr4                          0x08000887   Thumb Code     0  rt_memclr_w.o(.text)
    __aeabi_memclr8                          0x08000887   Thumb Code     0  rt_memclr_w.o(.text)
    __rt_memclr_w                            0x08000887   Thumb Code    78  rt_memclr_w.o(.text)
    _memset_w                                0x0800088b   Thumb Code     0  rt_memclr_w.o(.text)
    __rt_locale                              0x080008d5   Thumb Code     8  rt_locale_intlibspace.o(.text)
    _ll_udiv10                               0x080008dd   Thumb Code   138  lludiv10.o(.text)
    _printf_fp_infnan                        0x08000969   Thumb Code   112  _printf_fp_infnan.o(.text)
    _btod_etento                             0x080009e9   Thumb Code   224  bigflt0.o(.text)
    __user_libspace                          0x08000acd   Thumb Code     8  libspace.o(.text)
    __user_perproc_libspace                  0x08000acd   Thumb Code     0  libspace.o(.text)
    __user_perthread_libspace                0x08000acd   Thumb Code     0  libspace.o(.text)
    __user_setup_stackheap                   0x08000ad5   Thumb Code    74  sys_stackheap_outer.o(.text)
    exit                                     0x08000b1f   Thumb Code    18  exit.o(.text)
    strcmp                                   0x08000b31   Thumb Code   128  strcmpv7m.o(.text)
    __I$use$semihosting                      0x08000bb1   Thumb Code     0  use_no_semi.o(.text)
    __use_no_semihosting_swi                 0x08000bb1   Thumb Code     2  use_no_semi.o(.text)
    __semihosting_library_function           0x08000bb3   Thumb Code     0  indicate_semi.o(.text)
    _sys_exit                                0x08000bb5   Thumb Code     8  sys_exit.o(.text)
    _btod_d2e                                0x08000bc1   Thumb Code    62  btod.o(CL$$btod_d2e)
    _d2e_denorm_low                          0x08000bff   Thumb Code    70  btod.o(CL$$btod_d2e_denorm_low)
    _d2e_norm_op1                            0x08000c45   Thumb Code    96  btod.o(CL$$btod_d2e_norm_op1)
    __btod_div_common                        0x08000ca5   Thumb Code   696  btod.o(CL$$btod_div_common)
    _e2e                                     0x08000fdd   Thumb Code   220  btod.o(CL$$btod_e2e)
    _btod_ediv                               0x080010b9   Thumb Code    42  btod.o(CL$$btod_ediv)
    _btod_emul                               0x080010e3   Thumb Code    42  btod.o(CL$$btod_emul)
    __btod_mult_common                       0x0800110d   Thumb Code   580  btod.o(CL$$btod_mult_common)
    ADC_Cmd                                  0x08001351   Thumb Code    22  stm32f10x_adc.o(i.ADC_Cmd)
    ADC_DeInit                               0x08001369   Thumb Code    78  stm32f10x_adc.o(i.ADC_DeInit)
    ADC_GetCalibrationStatus                 0x080013c5   Thumb Code    20  stm32f10x_adc.o(i.ADC_GetCalibrationStatus)
    ADC_GetFlagStatus                        0x080013d9   Thumb Code    18  stm32f10x_adc.o(i.ADC_GetFlagStatus)
    ADC_GetResetCalibrationStatus            0x080013eb   Thumb Code    20  stm32f10x_adc.o(i.ADC_GetResetCalibrationStatus)
    ADC_Init                                 0x08001401   Thumb Code    70  stm32f10x_adc.o(i.ADC_Init)
    ADC_RegularChannelConfig                 0x08001451   Thumb Code   184  stm32f10x_adc.o(i.ADC_RegularChannelConfig)
    ADC_ResetCalibration                     0x08001509   Thumb Code    10  stm32f10x_adc.o(i.ADC_ResetCalibration)
    ADC_SoftwareStartConvCmd                 0x08001513   Thumb Code    22  stm32f10x_adc.o(i.ADC_SoftwareStartConvCmd)
    ADC_StartCalibration                     0x08001529   Thumb Code    10  stm32f10x_adc.o(i.ADC_StartCalibration)
    AdcKey_Init                              0x08001533   Thumb Code    12  adckey.o(i.AdcKey_Init)
    Adc_Init                                 0x08001541   Thumb Code   110  adckey.o(i.Adc_Init)
    BusFault_Handler                         0x080015b5   Thumb Code     4  stm32f10x_it.o(i.BusFault_Handler)
    Clear_guangbiao                          0x080015b9   Thumb Code    48  oled.o(i.Clear_guangbiao)
    DebugMon_Handler                         0x080015e9   Thumb Code     2  stm32f10x_it.o(i.DebugMon_Handler)
    Driver_Init                              0x080015ed   Thumb Code   196  pwm.o(i.Driver_Init)
    EXTI2_IRQHandler                         0x080016bd   Thumb Code    52  main.o(i.EXTI2_IRQHandler)
    EXTI_ClearITPendingBit                   0x080016f5   Thumb Code     6  stm32f10x_exti.o(i.EXTI_ClearITPendingBit)
    EXTI_GetITStatus                         0x08001701   Thumb Code    34  stm32f10x_exti.o(i.EXTI_GetITStatus)
    EXTI_Init                                0x08001729   Thumb Code   142  stm32f10x_exti.o(i.EXTI_Init)
    Esp8266_Init                             0x080017bd   Thumb Code   148  usart2.o(i.Esp8266_Init)
    Exit_Init                                0x080018d1   Thumb Code   138  exit.o(i.Exit_Init)
    GET_ADConverter                          0x08001965   Thumb Code    46  adckey.o(i.GET_ADConverter)
    GPIO_EXTILineConfig                      0x08001999   Thumb Code    60  stm32f10x_gpio.o(i.GPIO_EXTILineConfig)
    GPIO_Init                                0x080019d9   Thumb Code   278  stm32f10x_gpio.o(i.GPIO_Init)
    GPIO_PinRemapConfig                      0x08001af1   Thumb Code   138  stm32f10x_gpio.o(i.GPIO_PinRemapConfig)
    GPIO_ResetBits                           0x08001b81   Thumb Code     4  stm32f10x_gpio.o(i.GPIO_ResetBits)
    GPIO_SetBits                             0x08001b85   Thumb Code     4  stm32f10x_gpio.o(i.GPIO_SetBits)
    GPIOinit                                 0x08001b89   Thumb Code    38  adckey.o(i.GPIOinit)
    Go_Ahead                                 0x08001bb5   Thumb Code    38  pwm.o(i.Go_Ahead)
    HardFault_Handler                        0x08001be1   Thumb Code     4  stm32f10x_it.o(i.HardFault_Handler)
    MemManage_Handler                        0x08001be5   Thumb Code     4  stm32f10x_it.o(i.MemManage_Handler)
    NMI_Handler                              0x08001be9   Thumb Code     2  stm32f10x_it.o(i.NMI_Handler)
    NVIC_Init                                0x08001bed   Thumb Code   100  misc.o(i.NVIC_Init)
    NVIC_PriorityGroupConfig                 0x08001c5d   Thumb Code    10  misc.o(i.NVIC_PriorityGroupConfig)
    OLED_Clear                               0x08001c71   Thumb Code    42  oled.o(i.OLED_Clear)
    OLED_ClearArea                           0x08001ca1   Thumb Code    48  oled.o(i.OLED_ClearArea)
    OLED_ClearPoint                          0x08001cd1   Thumb Code    90  oled.o(i.OLED_ClearPoint)
    OLED_ColorTurn                           0x08001d31   Thumb Code    28  oled.o(i.OLED_ColorTurn)
    OLED_DisplayTurn                         0x08001d4d   Thumb Code    44  oled.o(i.OLED_DisplayTurn)
    OLED_DrawPoint                           0x08001d79   Thumb Code    54  oled.o(i.OLED_DrawPoint)
    OLED_Init                                0x08001db5   Thumb Code   356  oled.o(i.OLED_Init)
    OLED_Refresh                             0x08001f1d   Thumb Code    70  oled.o(i.OLED_Refresh)
    OLED_ShowChar                            0x08001f69   Thumb Code   240  oled.o(i.OLED_ShowChar)
    OLED_ShowChinese                         0x08002065   Thumb Code   248  oled.o(i.OLED_ShowChinese)
    OLED_ShowString                          0x0800216d   Thumb Code    66  oled.o(i.OLED_ShowString)
    OLED_WR_Byte                             0x080021b1   Thumb Code   122  oled.o(i.OLED_WR_Byte)
    OpenBox                                  0x08002231   Thumb Code     2  main.o(i.OpenBox)
    PEC_Calculation                          0x08002233   Thumb Code   186  mlx90614.o(i.PEC_Calculation)
    PendSV_Handler                           0x080022ed   Thumb Code     2  stm32f10x_it.o(i.PendSV_Handler)
    RCC_ADCCLKConfig                         0x080022f1   Thumb Code    18  stm32f10x_rcc.o(i.RCC_ADCCLKConfig)
    RCC_APB1PeriphClockCmd                   0x08002309   Thumb Code    26  stm32f10x_rcc.o(i.RCC_APB1PeriphClockCmd)
    RCC_APB2PeriphClockCmd                   0x08002329   Thumb Code    26  stm32f10x_rcc.o(i.RCC_APB2PeriphClockCmd)
    RCC_APB2PeriphResetCmd                   0x08002349   Thumb Code    26  stm32f10x_rcc.o(i.RCC_APB2PeriphResetCmd)
    RCC_GetClocksFreq                        0x08002369   Thumb Code   192  stm32f10x_rcc.o(i.RCC_GetClocksFreq)
    Read_Xunji                               0x0800243d   Thumb Code    14  xunji.o(i.Read_Xunji)
    SET_PWM                                  0x08002451   Thumb Code    12  pwm.o(i.SET_PWM)
    SMBus_Delay                              0x08002461   Thumb Code    26  mlx90614.o(i.SMBus_Delay)
    SMBus_Init                               0x0800247d   Thumb Code    50  mlx90614.o(i.SMBus_Init)
    SMBus_ReadMemory                         0x080024b5   Thumb Code   166  mlx90614.o(i.SMBus_ReadMemory)
    SMBus_ReadTemp                           0x0800255d   Thumb Code    54  mlx90614.o(i.SMBus_ReadTemp)
    SMBus_ReceiveBit                         0x080025a1   Thumb Code    62  mlx90614.o(i.SMBus_ReceiveBit)
    SMBus_ReceiveByte                        0x080025e5   Thumb Code    50  mlx90614.o(i.SMBus_ReceiveByte)
    SMBus_SendBit                            0x08002619   Thumb Code    56  mlx90614.o(i.SMBus_SendBit)
    SMBus_SendByte                           0x08002655   Thumb Code    48  mlx90614.o(i.SMBus_SendByte)
    SMBus_StartBit                           0x08002685   Thumb Code    56  mlx90614.o(i.SMBus_StartBit)
    SMBus_StopBit                            0x080026c1   Thumb Code    50  mlx90614.o(i.SMBus_StopBit)
    SVC_Handler                              0x080026f9   Thumb Code     2  stm32f10x_it.o(i.SVC_Handler)
    SendCmd                                  0x080026fd   Thumb Code    66  usart2.o(i.SendCmd)
    Show_FirstScream                         0x08002831   Thumb Code   254  main.o(i.Show_FirstScream)
    Show_Num                                 0x08002941   Thumb Code   114  main.o(i.Show_Num)
    Show_SecondScream                        0x080029b5   Thumb Code   810  main.o(i.Show_SecondScream)
    Show_guangbiao                           0x08002d35   Thumb Code    48  oled.o(i.Show_guangbiao)
    Show_thirdscream                         0x08002d65   Thumb Code  1138  main.o(i.Show_thirdscream)
    Stop                                     0x080031d9   Thumb Code    30  pwm.o(i.Stop)
    SysTick_CLKSourceConfig                  0x080031fd   Thumb Code    40  misc.o(i.SysTick_CLKSourceConfig)
    SysTick_Handler                          0x08003225   Thumb Code     2  stm32f10x_it.o(i.SysTick_Handler)
    SystemInit                               0x08003229   Thumb Code    78  system_stm32f10x.o(i.SystemInit)
    TIM_ARRPreloadConfig                     0x08003289   Thumb Code    24  stm32f10x_tim.o(i.TIM_ARRPreloadConfig)
    TIM_Cmd                                  0x080032a1   Thumb Code    24  stm32f10x_tim.o(i.TIM_Cmd)
    TIM_CtrlPWMOutputs                       0x080032b9   Thumb Code    30  stm32f10x_tim.o(i.TIM_CtrlPWMOutputs)
    TIM_OC1Init                              0x080032d9   Thumb Code   132  stm32f10x_tim.o(i.TIM_OC1Init)
    TIM_OC4Init                              0x08003371   Thumb Code   114  stm32f10x_tim.o(i.TIM_OC4Init)
    TIM_TimeBaseInit                         0x080033ed   Thumb Code   122  stm32f10x_tim.o(i.TIM_TimeBaseInit)
    Turn180                                  0x08003491   Thumb Code    70  pwm.o(i.Turn180)
    Turn90                                   0x080034dd   Thumb Code   160  pwm.o(i.Turn90)
    Turn_Left                                0x08003581   Thumb Code    38  pwm.o(i.Turn_Left)
    Turn_Right                               0x080035ad   Thumb Code    38  pwm.o(i.Turn_Right)
    USART2_Clear                             0x080035d9   Thumb Code    26  usart2.o(i.USART2_Clear)
    USART2_Config                            0x080035fd   Thumb Code   156  usart2.o(i.USART2_Config)
    USART2_IRQHandler                        0x080036a1   Thumb Code    70  usart2.o(i.USART2_IRQHandler)
    USART2_Write                             0x080036f5   Thumb Code    58  usart2.o(i.USART2_Write)
    USART_ClearFlag                          0x0800372f   Thumb Code    18  stm32f10x_usart.o(i.USART_ClearFlag)
    USART_Cmd                                0x08003741   Thumb Code    24  stm32f10x_usart.o(i.USART_Cmd)
    USART_GetFlagStatus                      0x08003759   Thumb Code    26  stm32f10x_usart.o(i.USART_GetFlagStatus)
    USART_ITConfig                           0x08003773   Thumb Code    74  stm32f10x_usart.o(i.USART_ITConfig)
    USART_Init                               0x080037bd   Thumb Code   210  stm32f10x_usart.o(i.USART_Init)
    USART_SendData                           0x08003895   Thumb Code     8  stm32f10x_usart.o(i.USART_SendData)
    UsageFault_Handler                       0x0800389d   Thumb Code     4  stm32f10x_it.o(i.UsageFault_Handler)
    VerifyPassword                           0x080038a1   Thumb Code    70  main.o(i.VerifyPassword)
    Xunji_Init                               0x080038ed   Thumb Code    56  xunji.o(i.Xunji_Init)
    __ARM_fpclassify                         0x08003929   Thumb Code    40  fpclassify.o(i.__ARM_fpclassify)
    _is_digit                                0x08003951   Thumb Code    14  __printf_wp.o(i._is_digit)
    delay_init                               0x08003961   Thumb Code    52  delay.o(i.delay_init)
    delay_ms                                 0x0800399d   Thumb Code    72  delay.o(i.delay_ms)
    mDelay                                   0x080039e9   Thumb Code    26  utils.o(i.mDelay)
    main                                     0x08003a05   Thumb Code   136  main.o(i.main)
    run                                      0x08003a9d   Thumb Code   494  main.o(i.run)
    _get_lc_numeric                          0x08003c9d   Thumb Code    44  lc_numeric_c.o(locale$$code)
    __aeabi_d2f                              0x08003cc9   Thumb Code     0  d2f.o(x$fpl$d2f)
    _d2f                                     0x08003cc9   Thumb Code    98  d2f.o(x$fpl$d2f)
    __aeabi_dadd                             0x08003d2d   Thumb Code     0  daddsub_clz.o(x$fpl$dadd)
    _dadd                                    0x08003d2d   Thumb Code   332  daddsub_clz.o(x$fpl$dadd)
    __fpl_dcmp_Inf                           0x08003e7d   Thumb Code    24  dcmpi.o(x$fpl$dcmpinf)
    __aeabi_ui2d                             0x08003e95   Thumb Code     0  dflt_clz.o(x$fpl$dfltu)
    _dfltu                                   0x08003e95   Thumb Code    38  dflt_clz.o(x$fpl$dfltu)
    __aeabi_cdcmple                          0x08003ebd   Thumb Code     0  dleqf.o(x$fpl$dleqf)
    _dcmple                                  0x08003ebd   Thumb Code   120  dleqf.o(x$fpl$dleqf)
    __fpl_dcmple_InfNaN                      0x08003f1f   Thumb Code     0  dleqf.o(x$fpl$dleqf)
    __aeabi_dmul                             0x08003f35   Thumb Code     0  dmul.o(x$fpl$dmul)
    _dmul                                    0x08003f35   Thumb Code   332  dmul.o(x$fpl$dmul)
    __fpl_dnaninf                            0x08004089   Thumb Code   156  dnaninf.o(x$fpl$dnaninf)
    __fpl_dretinf                            0x08004125   Thumb Code    12  dretinf.o(x$fpl$dretinf)
    __aeabi_cdrcmple                         0x08004131   Thumb Code     0  drleqf.o(x$fpl$drleqf)
    _drcmple                                 0x08004131   Thumb Code   108  drleqf.o(x$fpl$drleqf)
    __aeabi_dsub                             0x0800419d   Thumb Code     0  daddsub_clz.o(x$fpl$dsub)
    _dsub                                    0x0800419d   Thumb Code   464  daddsub_clz.o(x$fpl$dsub)
    __aeabi_f2d                              0x08004371   Thumb Code     0  f2d.o(x$fpl$f2d)
    _f2d                                     0x08004371   Thumb Code    86  f2d.o(x$fpl$f2d)
    __fpl_fnaninf                            0x080043c7   Thumb Code   140  fnaninf.o(x$fpl$fnaninf)
    __fpl_fretinf                            0x08004453   Thumb Code    10  fretinf.o(x$fpl$fretinf)
    _printf_fp_dec                           0x0800445d   Thumb Code     4  printf1.o(x$fpl$printf1)
    __I$use$fp                               0x08004460   Number         0  usenofp.o(x$fpl$usenofp)
    asc2_1206                                0x08004460   Data        1140  oled.o(.constdata)
    asc2_1608                                0x080048d4   Data        1520  oled.o(.constdata)
    asc2_2412                                0x08004ec4   Data        3420  oled.o(.constdata)
    Region$$Table$$Base                      0x08005cc8   Number         0  anon$$obj.o(Region$$Table)
    Region$$Table$$Limit                     0x08005ce8   Number         0  anon$$obj.o(Region$$Table)
    direction_flag                           0x20000014   Data           1  main.o(.data)
    place                                    0x20000015   Data           2  main.o(.data)
    last_state                               0x20000017   Data           1  main.o(.data)
    car_tmp                                  0x20000018   Data           1  main.o(.data)
    adc_num                                  0x2000001a   Data           2  main.o(.data)
    temp                                     0x20000024   Data           4  main.o(.data)
    mima                                     0x20000028   Data           5  main.o(.data)
    ditu                                     0x2000002d   Data           8  main.o(.data)
    Hzk1                                     0x2000003a   Data         640  oled.o(.data)
    Hzk2                                     0x200002ba   Data         216  oled.o(.data)
    Hzk3                                     0x20000392   Data         512  oled.o(.data)
    Hzk4                                     0x20000592   Data        4096  oled.o(.data)
    gprs_ready_flag                          0x20001594   Data           1  usart2.o(.data)
    gprs_ready_count                         0x20001595   Data           1  usart2.o(.data)
    usart2_rcv_len                           0x20001598   Data           4  usart2.o(.data)
    OLED_GRAM                                0x200015a0   Data        1152  oled.o(.bss)
    usart2_rcv_buf                           0x20001a20   Data        1024  usart2.o(.bss)
    __libspace_start                         0x20001e20   Data          96  libspace.o(.bss)
    __temporary_stack_top$libspace           0x20001e80   Data           0  libspace.o(.bss)



==============================================================================

Memory Map of the image

  Image Entry point : 0x080000ed

  Load Region LR_IROM1 (Base: 0x08000000, Size: 0x000072a4, Max: 0x00010000, ABSOLUTE, COMPRESSED[0x00005fcc])

    Execution Region ER_IROM1 (Exec base: 0x08000000, Load base: 0x08000000, Size: 0x00005d04, Max: 0x00010000, ABSOLUTE)

    Exec Addr    Load Addr    Size         Type   Attr      Idx    E Section Name        Object

    0x08000000   0x08000000   0x000000ec   Data   RO         1509    RESET               startup_stm32f10x_md.o
    0x080000ec   0x080000ec   0x00000008   Code   RO         2293  * !!!main             c_w.l(__main.o)
    0x080000f4   0x080000f4   0x00000034   Code   RO         2724    !!!scatter          c_w.l(__scatter.o)
    0x08000128   0x08000128   0x0000005a   Code   RO         2722    !!dczerorl2         c_w.l(__dczerorl2.o)
    0x08000182   0x08000182   0x00000002   PAD
    0x08000184   0x08000184   0x0000001c   Code   RO         2726    !!handler_zi        c_w.l(__scatter_zi.o)
    0x080001a0   0x080001a0   0x00000000   Code   RO         2282    .ARM.Collect$$_printf_percent$$00000000  c_w.l(_printf_percent.o)
    0x080001a0   0x080001a0   0x00000006   Code   RO         2281    .ARM.Collect$$_printf_percent$$00000003  c_w.l(_printf_f.o)
    0x080001a6   0x080001a6   0x00000004   Code   RO         2330    .ARM.Collect$$_printf_percent$$00000017  c_w.l(_printf_percent_end.o)
    0x080001aa   0x080001aa   0x00000002   Code   RO         2518    .ARM.Collect$$libinit$$00000000  c_w.l(libinit.o)
    0x080001ac   0x080001ac   0x00000000   Code   RO         2520    .ARM.Collect$$libinit$$00000002  c_w.l(libinit2.o)
    0x080001ac   0x080001ac   0x00000000   Code   RO         2522    .ARM.Collect$$libinit$$00000004  c_w.l(libinit2.o)
    0x080001ac   0x080001ac   0x00000000   Code   RO         2525    .ARM.Collect$$libinit$$0000000A  c_w.l(libinit2.o)
    0x080001ac   0x080001ac   0x00000000   Code   RO         2527    .ARM.Collect$$libinit$$0000000C  c_w.l(libinit2.o)
    0x080001ac   0x080001ac   0x00000000   Code   RO         2529    .ARM.Collect$$libinit$$0000000E  c_w.l(libinit2.o)
    0x080001ac   0x080001ac   0x00000006   Code   RO         2530    .ARM.Collect$$libinit$$0000000F  c_w.l(libinit2.o)
    0x080001b2   0x080001b2   0x00000000   Code   RO         2532    .ARM.Collect$$libinit$$00000011  c_w.l(libinit2.o)
    0x080001b2   0x080001b2   0x00000000   Code   RO         2534    .ARM.Collect$$libinit$$00000013  c_w.l(libinit2.o)
    0x080001b2   0x080001b2   0x00000000   Code   RO         2536    .ARM.Collect$$libinit$$00000015  c_w.l(libinit2.o)
    0x080001b2   0x080001b2   0x0000000a   Code   RO         2537    .ARM.Collect$$libinit$$00000016  c_w.l(libinit2.o)
    0x080001bc   0x080001bc   0x00000000   Code   RO         2538    .ARM.Collect$$libinit$$00000017  c_w.l(libinit2.o)
    0x080001bc   0x080001bc   0x00000000   Code   RO         2540    .ARM.Collect$$libinit$$00000019  c_w.l(libinit2.o)
    0x080001bc   0x080001bc   0x00000000   Code   RO         2542    .ARM.Collect$$libinit$$0000001B  c_w.l(libinit2.o)
    0x080001bc   0x080001bc   0x00000000   Code   RO         2544    .ARM.Collect$$libinit$$0000001D  c_w.l(libinit2.o)
    0x080001bc   0x080001bc   0x00000000   Code   RO         2546    .ARM.Collect$$libinit$$0000001F  c_w.l(libinit2.o)
    0x080001bc   0x080001bc   0x00000000   Code   RO         2548    .ARM.Collect$$libinit$$00000021  c_w.l(libinit2.o)
    0x080001bc   0x080001bc   0x00000000   Code   RO         2550    .ARM.Collect$$libinit$$00000023  c_w.l(libinit2.o)
    0x080001bc   0x080001bc   0x00000000   Code   RO         2552    .ARM.Collect$$libinit$$00000025  c_w.l(libinit2.o)
    0x080001bc   0x080001bc   0x00000000   Code   RO         2556    .ARM.Collect$$libinit$$0000002C  c_w.l(libinit2.o)
    0x080001bc   0x080001bc   0x00000000   Code   RO         2558    .ARM.Collect$$libinit$$0000002E  c_w.l(libinit2.o)
    0x080001bc   0x080001bc   0x00000000   Code   RO         2560    .ARM.Collect$$libinit$$00000030  c_w.l(libinit2.o)
    0x080001bc   0x080001bc   0x00000000   Code   RO         2562    .ARM.Collect$$libinit$$00000032  c_w.l(libinit2.o)
    0x080001bc   0x080001bc   0x00000002   Code   RO         2563    .ARM.Collect$$libinit$$00000033  c_w.l(libinit2.o)
    0x080001be   0x080001be   0x00000002   Code   RO         2701    .ARM.Collect$$libshutdown$$00000000  c_w.l(libshutdown.o)
    0x080001c0   0x080001c0   0x00000000   Code   RO         2565    .ARM.Collect$$libshutdown$$00000002  c_w.l(libshutdown2.o)
    0x080001c0   0x080001c0   0x00000000   Code   RO         2567    .ARM.Collect$$libshutdown$$00000004  c_w.l(libshutdown2.o)
    0x080001c0   0x080001c0   0x00000000   Code   RO         2570    .ARM.Collect$$libshutdown$$00000007  c_w.l(libshutdown2.o)
    0x080001c0   0x080001c0   0x00000000   Code   RO         2573    .ARM.Collect$$libshutdown$$0000000A  c_w.l(libshutdown2.o)
    0x080001c0   0x080001c0   0x00000000   Code   RO         2575    .ARM.Collect$$libshutdown$$0000000C  c_w.l(libshutdown2.o)
    0x080001c0   0x080001c0   0x00000000   Code   RO         2578    .ARM.Collect$$libshutdown$$0000000F  c_w.l(libshutdown2.o)
    0x080001c0   0x080001c0   0x00000002   Code   RO         2579    .ARM.Collect$$libshutdown$$00000010  c_w.l(libshutdown2.o)
    0x080001c2   0x080001c2   0x00000000   Code   RO         2319    .ARM.Collect$$rtentry$$00000000  c_w.l(__rtentry.o)
    0x080001c2   0x080001c2   0x00000000   Code   RO         2353    .ARM.Collect$$rtentry$$00000002  c_w.l(__rtentry2.o)
    0x080001c2   0x080001c2   0x00000006   Code   RO         2365    .ARM.Collect$$rtentry$$00000004  c_w.l(__rtentry4.o)
    0x080001c8   0x080001c8   0x00000000   Code   RO         2355    .ARM.Collect$$rtentry$$00000009  c_w.l(__rtentry2.o)
    0x080001c8   0x080001c8   0x00000004   Code   RO         2356    .ARM.Collect$$rtentry$$0000000A  c_w.l(__rtentry2.o)
    0x080001cc   0x080001cc   0x00000000   Code   RO         2358    .ARM.Collect$$rtentry$$0000000C  c_w.l(__rtentry2.o)
    0x080001cc   0x080001cc   0x00000008   Code   RO         2359    .ARM.Collect$$rtentry$$0000000D  c_w.l(__rtentry2.o)
    0x080001d4   0x080001d4   0x00000002   Code   RO         2585    .ARM.Collect$$rtexit$$00000000  c_w.l(rtexit.o)
    0x080001d6   0x080001d6   0x00000000   Code   RO         2639    .ARM.Collect$$rtexit$$00000002  c_w.l(rtexit2.o)
    0x080001d6   0x080001d6   0x00000004   Code   RO         2640    .ARM.Collect$$rtexit$$00000003  c_w.l(rtexit2.o)
    0x080001da   0x080001da   0x00000006   Code   RO         2641    .ARM.Collect$$rtexit$$00000004  c_w.l(rtexit2.o)
    0x080001e0   0x080001e0   0x00000040   Code   RO         1510    .text               startup_stm32f10x_md.o
    0x08000220   0x08000220   0x00000028   Code   RO         2233    .text               c_w.l(noretval__2sprintf.o)
    0x08000248   0x08000248   0x00000138   Code   RO         2272    .text               c_w.l(__printf_flags_wp.o)
    0x08000380   0x08000380   0x00000024   Code   RO         2283    .text               c_w.l(strstr.o)
    0x080003a4   0x080003a4   0x0000003e   Code   RO         2285    .text               c_w.l(strlen.o)
    0x080003e2   0x080003e2   0x00000044   Code   RO         2289    .text               c_w.l(rt_memclr.o)
    0x08000426   0x08000426   0x00000006   Code   RO         2291    .text               c_w.l(heapauxi.o)
    0x0800042c   0x0800042c   0x0000041e   Code   RO         2322    .text               c_w.l(_printf_fp_dec.o)
    0x0800084a   0x0800084a   0x00000002   PAD
    0x0800084c   0x0800084c   0x00000030   Code   RO         2324    .text               c_w.l(_printf_char_common.o)
    0x0800087c   0x0800087c   0x0000000a   Code   RO         2326    .text               c_w.l(_sputc.o)
    0x08000886   0x08000886   0x0000004e   Code   RO         2339    .text               c_w.l(rt_memclr_w.o)
    0x080008d4   0x080008d4   0x00000008   Code   RO         2370    .text               c_w.l(rt_locale_intlibspace.o)
    0x080008dc   0x080008dc   0x0000008a   Code   RO         2372    .text               c_w.l(lludiv10.o)
    0x08000966   0x08000966   0x00000002   PAD
    0x08000968   0x08000968   0x00000080   Code   RO         2374    .text               c_w.l(_printf_fp_infnan.o)
    0x080009e8   0x080009e8   0x000000e4   Code   RO         2378    .text               c_w.l(bigflt0.o)
    0x08000acc   0x08000acc   0x00000008   Code   RO         2429    .text               c_w.l(libspace.o)
    0x08000ad4   0x08000ad4   0x0000004a   Code   RO         2434    .text               c_w.l(sys_stackheap_outer.o)
    0x08000b1e   0x08000b1e   0x00000012   Code   RO         2505    .text               c_w.l(exit.o)
    0x08000b30   0x08000b30   0x00000080   Code   RO         2511    .text               c_w.l(strcmpv7m.o)
    0x08000bb0   0x08000bb0   0x00000002   Code   RO         2582    .text               c_w.l(use_no_semi.o)
    0x08000bb2   0x08000bb2   0x00000000   Code   RO         2584    .text               c_w.l(indicate_semi.o)
    0x08000bb2   0x08000bb2   0x00000002   PAD
    0x08000bb4   0x08000bb4   0x0000000c   Code   RO         2636    .text               c_w.l(sys_exit.o)
    0x08000bc0   0x08000bc0   0x0000003e   Code   RO         2381    CL$$btod_d2e        c_w.l(btod.o)
    0x08000bfe   0x08000bfe   0x00000046   Code   RO         2383    CL$$btod_d2e_denorm_low  c_w.l(btod.o)
    0x08000c44   0x08000c44   0x00000060   Code   RO         2382    CL$$btod_d2e_norm_op1  c_w.l(btod.o)
    0x08000ca4   0x08000ca4   0x00000338   Code   RO         2391    CL$$btod_div_common  c_w.l(btod.o)
    0x08000fdc   0x08000fdc   0x000000dc   Code   RO         2388    CL$$btod_e2e        c_w.l(btod.o)
    0x080010b8   0x080010b8   0x0000002a   Code   RO         2385    CL$$btod_ediv       c_w.l(btod.o)
    0x080010e2   0x080010e2   0x0000002a   Code   RO         2384    CL$$btod_emul       c_w.l(btod.o)
    0x0800110c   0x0800110c   0x00000244   Code   RO         2390    CL$$btod_mult_common  c_w.l(btod.o)
    0x08001350   0x08001350   0x00000016   Code   RO         1173    i.ADC_Cmd           stm32f10x_adc.o
    0x08001366   0x08001366   0x00000002   PAD
    0x08001368   0x08001368   0x0000005c   Code   RO         1175    i.ADC_DeInit        stm32f10x_adc.o
    0x080013c4   0x080013c4   0x00000014   Code   RO         1181    i.ADC_GetCalibrationStatus  stm32f10x_adc.o
    0x080013d8   0x080013d8   0x00000012   Code   RO         1184    i.ADC_GetFlagStatus  stm32f10x_adc.o
    0x080013ea   0x080013ea   0x00000014   Code   RO         1187    i.ADC_GetResetCalibrationStatus  stm32f10x_adc.o
    0x080013fe   0x080013fe   0x00000002   PAD
    0x08001400   0x08001400   0x00000050   Code   RO         1191    i.ADC_Init          stm32f10x_adc.o
    0x08001450   0x08001450   0x000000b8   Code   RO         1195    i.ADC_RegularChannelConfig  stm32f10x_adc.o
    0x08001508   0x08001508   0x0000000a   Code   RO         1196    i.ADC_ResetCalibration  stm32f10x_adc.o
    0x08001512   0x08001512   0x00000016   Code   RO         1198    i.ADC_SoftwareStartConvCmd  stm32f10x_adc.o
    0x08001528   0x08001528   0x0000000a   Code   RO         1200    i.ADC_StartCalibration  stm32f10x_adc.o
    0x08001532   0x08001532   0x0000000c   Code   RO         2046    i.AdcKey_Init       adckey.o
    0x0800153e   0x0800153e   0x00000002   PAD
    0x08001540   0x08001540   0x00000074   Code   RO         2047    i.Adc_Init          adckey.o
    0x080015b4   0x080015b4   0x00000004   Code   RO         1621    i.BusFault_Handler  stm32f10x_it.o
    0x080015b8   0x080015b8   0x00000030   Code   RO         1888    i.Clear_guangbiao   oled.o
    0x080015e8   0x080015e8   0x00000002   Code   RO         1622    i.DebugMon_Handler  stm32f10x_it.o
    0x080015ea   0x080015ea   0x00000002   PAD
    0x080015ec   0x080015ec   0x000000d0   Code   RO         1716    i.Driver_Init       pwm.o
    0x080016bc   0x080016bc   0x00000038   Code   RO         1514    i.EXTI2_IRQHandler  main.o
    0x080016f4   0x080016f4   0x0000000c   Code   RO         1390    i.EXTI_ClearITPendingBit  stm32f10x_exti.o
    0x08001700   0x08001700   0x00000028   Code   RO         1394    i.EXTI_GetITStatus  stm32f10x_exti.o
    0x08001728   0x08001728   0x00000094   Code   RO         1395    i.EXTI_Init         stm32f10x_exti.o
    0x080017bc   0x080017bc   0x00000114   Code   RO         2094    i.Esp8266_Init      usart2.o
    0x080018d0   0x080018d0   0x00000094   Code   RO         2079    i.Exit_Init         exit.o
    0x08001964   0x08001964   0x00000034   Code   RO         2048    i.GET_ADConverter   adckey.o
    0x08001998   0x08001998   0x00000040   Code   RO          128    i.GPIO_EXTILineConfig  stm32f10x_gpio.o
    0x080019d8   0x080019d8   0x00000116   Code   RO          131    i.GPIO_Init         stm32f10x_gpio.o
    0x08001aee   0x08001aee   0x00000002   PAD
    0x08001af0   0x08001af0   0x00000090   Code   RO          133    i.GPIO_PinRemapConfig  stm32f10x_gpio.o
    0x08001b80   0x08001b80   0x00000004   Code   RO          138    i.GPIO_ResetBits    stm32f10x_gpio.o
    0x08001b84   0x08001b84   0x00000004   Code   RO          139    i.GPIO_SetBits      stm32f10x_gpio.o
    0x08001b88   0x08001b88   0x0000002c   Code   RO         2049    i.GPIOinit          adckey.o
    0x08001bb4   0x08001bb4   0x0000002c   Code   RO         1717    i.Go_Ahead          pwm.o
    0x08001be0   0x08001be0   0x00000004   Code   RO         1623    i.HardFault_Handler  stm32f10x_it.o
    0x08001be4   0x08001be4   0x00000004   Code   RO         1624    i.MemManage_Handler  stm32f10x_it.o
    0x08001be8   0x08001be8   0x00000002   Code   RO         1625    i.NMI_Handler       stm32f10x_it.o
    0x08001bea   0x08001bea   0x00000002   PAD
    0x08001bec   0x08001bec   0x00000070   Code   RO            1    i.NVIC_Init         misc.o
    0x08001c5c   0x08001c5c   0x00000014   Code   RO            2    i.NVIC_PriorityGroupConfig  misc.o
    0x08001c70   0x08001c70   0x00000030   Code   RO         1889    i.OLED_Clear        oled.o
    0x08001ca0   0x08001ca0   0x00000030   Code   RO         1890    i.OLED_ClearArea    oled.o
    0x08001cd0   0x08001cd0   0x00000060   Code   RO         1891    i.OLED_ClearPoint   oled.o
    0x08001d30   0x08001d30   0x0000001c   Code   RO         1892    i.OLED_ColorTurn    oled.o
    0x08001d4c   0x08001d4c   0x0000002c   Code   RO         1895    i.OLED_DisplayTurn  oled.o
    0x08001d78   0x08001d78   0x0000003c   Code   RO         1898    i.OLED_DrawPoint    oled.o
    0x08001db4   0x08001db4   0x00000168   Code   RO         1899    i.OLED_Init         oled.o
    0x08001f1c   0x08001f1c   0x0000004c   Code   RO         1901    i.OLED_Refresh      oled.o
    0x08001f68   0x08001f68   0x000000fc   Code   RO         1903    i.OLED_ShowChar     oled.o
    0x08002064   0x08002064   0x00000108   Code   RO         1904    i.OLED_ShowChinese  oled.o
    0x0800216c   0x0800216c   0x00000042   Code   RO         1907    i.OLED_ShowString   oled.o
    0x080021ae   0x080021ae   0x00000002   PAD
    0x080021b0   0x080021b0   0x00000080   Code   RO         1909    i.OLED_WR_Byte      oled.o
    0x08002230   0x08002230   0x00000002   Code   RO         1515    i.OpenBox           main.o
    0x08002232   0x08002232   0x000000ba   Code   RO         1813    i.PEC_Calculation   mlx90614.o
    0x080022ec   0x080022ec   0x00000002   Code   RO         1626    i.PendSV_Handler    stm32f10x_it.o
    0x080022ee   0x080022ee   0x00000002   PAD
    0x080022f0   0x080022f0   0x00000018   Code   RO          239    i.RCC_ADCCLKConfig  stm32f10x_rcc.o
    0x08002308   0x08002308   0x00000020   Code   RO          241    i.RCC_APB1PeriphClockCmd  stm32f10x_rcc.o
    0x08002328   0x08002328   0x00000020   Code   RO          243    i.RCC_APB2PeriphClockCmd  stm32f10x_rcc.o
    0x08002348   0x08002348   0x00000020   Code   RO          244    i.RCC_APB2PeriphResetCmd  stm32f10x_rcc.o
    0x08002368   0x08002368   0x000000d4   Code   RO          251    i.RCC_GetClocksFreq  stm32f10x_rcc.o
    0x0800243c   0x0800243c   0x00000014   Code   RO         1795    i.Read_Xunji        xunji.o
    0x08002450   0x08002450   0x00000010   Code   RO         1718    i.SET_PWM           pwm.o
    0x08002460   0x08002460   0x0000001a   Code   RO         1814    i.SMBus_Delay       mlx90614.o
    0x0800247a   0x0800247a   0x00000002   PAD
    0x0800247c   0x0800247c   0x00000038   Code   RO         1815    i.SMBus_Init        mlx90614.o
    0x080024b4   0x080024b4   0x000000a6   Code   RO         1816    i.SMBus_ReadMemory  mlx90614.o
    0x0800255a   0x0800255a   0x00000002   PAD
    0x0800255c   0x0800255c   0x00000044   Code   RO         1817    i.SMBus_ReadTemp    mlx90614.o
    0x080025a0   0x080025a0   0x00000044   Code   RO         1818    i.SMBus_ReceiveBit  mlx90614.o
    0x080025e4   0x080025e4   0x00000032   Code   RO         1819    i.SMBus_ReceiveByte  mlx90614.o
    0x08002616   0x08002616   0x00000002   PAD
    0x08002618   0x08002618   0x0000003c   Code   RO         1820    i.SMBus_SendBit     mlx90614.o
    0x08002654   0x08002654   0x00000030   Code   RO         1821    i.SMBus_SendByte    mlx90614.o
    0x08002684   0x08002684   0x0000003c   Code   RO         1822    i.SMBus_StartBit    mlx90614.o
    0x080026c0   0x080026c0   0x00000038   Code   RO         1823    i.SMBus_StopBit     mlx90614.o
    0x080026f8   0x080026f8   0x00000002   Code   RO         1627    i.SVC_Handler       stm32f10x_it.o
    0x080026fa   0x080026fa   0x00000002   PAD
    0x080026fc   0x080026fc   0x0000004c   Code   RO         2095    i.SendCmd           usart2.o
    0x08002748   0x08002748   0x00000008   Code   RO         1454    i.SetSysClock       system_stm32f10x.o
    0x08002750   0x08002750   0x000000e0   Code   RO         1455    i.SetSysClockTo72   system_stm32f10x.o
    0x08002830   0x08002830   0x00000110   Code   RO         1516    i.Show_FirstScream  main.o
    0x08002940   0x08002940   0x00000072   Code   RO         1517    i.Show_Num          main.o
    0x080029b2   0x080029b2   0x00000002   PAD
    0x080029b4   0x080029b4   0x00000380   Code   RO         1518    i.Show_SecondScream  main.o
    0x08002d34   0x08002d34   0x00000030   Code   RO         1910    i.Show_guangbiao    oled.o
    0x08002d64   0x08002d64   0x00000472   Code   RO         1519    i.Show_thirdscream  main.o
    0x080031d6   0x080031d6   0x00000002   PAD
    0x080031d8   0x080031d8   0x00000024   Code   RO         1719    i.Stop              pwm.o
    0x080031fc   0x080031fc   0x00000028   Code   RO            5    i.SysTick_CLKSourceConfig  misc.o
    0x08003224   0x08003224   0x00000002   Code   RO         1628    i.SysTick_Handler   stm32f10x_it.o
    0x08003226   0x08003226   0x00000002   PAD
    0x08003228   0x08003228   0x00000060   Code   RO         1457    i.SystemInit        system_stm32f10x.o
    0x08003288   0x08003288   0x00000018   Code   RO          623    i.TIM_ARRPreloadConfig  stm32f10x_tim.o
    0x080032a0   0x080032a0   0x00000018   Code   RO          635    i.TIM_Cmd           stm32f10x_tim.o
    0x080032b8   0x080032b8   0x0000001e   Code   RO          637    i.TIM_CtrlPWMOutputs  stm32f10x_tim.o
    0x080032d6   0x080032d6   0x00000002   PAD
    0x080032d8   0x080032d8   0x00000098   Code   RO          664    i.TIM_OC1Init       stm32f10x_tim.o
    0x08003370   0x08003370   0x0000007c   Code   RO          679    i.TIM_OC4Init       stm32f10x_tim.o
    0x080033ec   0x080033ec   0x000000a4   Code   RO          706    i.TIM_TimeBaseInit  stm32f10x_tim.o
    0x08003490   0x08003490   0x0000004c   Code   RO         1720    i.Turn180           pwm.o
    0x080034dc   0x080034dc   0x000000a4   Code   RO         1721    i.Turn90            pwm.o
    0x08003580   0x08003580   0x0000002c   Code   RO         1722    i.Turn_Left         pwm.o
    0x080035ac   0x080035ac   0x0000002c   Code   RO         1723    i.Turn_Right        pwm.o
    0x080035d8   0x080035d8   0x00000024   Code   RO         2096    i.USART2_Clear      usart2.o
    0x080035fc   0x080035fc   0x000000a4   Code   RO         2097    i.USART2_Config     usart2.o
    0x080036a0   0x080036a0   0x00000054   Code   RO         2100    i.USART2_IRQHandler  usart2.o
    0x080036f4   0x080036f4   0x0000003a   Code   RO         2101    i.USART2_Write      usart2.o
    0x0800372e   0x0800372e   0x00000012   Code   RO          439    i.USART_ClearFlag   stm32f10x_usart.o
    0x08003740   0x08003740   0x00000018   Code   RO          443    i.USART_Cmd         stm32f10x_usart.o
    0x08003758   0x08003758   0x0000001a   Code   RO          446    i.USART_GetFlagStatus  stm32f10x_usart.o
    0x08003772   0x08003772   0x0000004a   Code   RO          449    i.USART_ITConfig    stm32f10x_usart.o
    0x080037bc   0x080037bc   0x000000d8   Code   RO          450    i.USART_Init        stm32f10x_usart.o
    0x08003894   0x08003894   0x00000008   Code   RO          460    i.USART_SendData    stm32f10x_usart.o
    0x0800389c   0x0800389c   0x00000004   Code   RO         1629    i.UsageFault_Handler  stm32f10x_it.o
    0x080038a0   0x080038a0   0x0000004c   Code   RO         1520    i.VerifyPassword    main.o
    0x080038ec   0x080038ec   0x0000003c   Code   RO         1796    i.Xunji_Init        xunji.o
    0x08003928   0x08003928   0x00000028   Code   RO         2422    i.__ARM_fpclassify  m_ws.l(fpclassify.o)
    0x08003950   0x08003950   0x0000000e   Code   RO         2270    i._is_digit         c_w.l(__printf_wp.o)
    0x0800395e   0x0800395e   0x00000002   PAD
    0x08003960   0x08003960   0x0000003c   Code   RO         1684    i.delay_init        delay.o
    0x0800399c   0x0800399c   0x0000004c   Code   RO         1685    i.delay_ms          delay.o
    0x080039e8   0x080039e8   0x0000001a   Code   RO         2169    i.mDelay            utils.o
    0x08003a02   0x08003a02   0x00000002   PAD
    0x08003a04   0x08003a04   0x00000098   Code   RO         1521    i.main              main.o
    0x08003a9c   0x08003a9c   0x00000200   Code   RO         1522    i.run               main.o
    0x08003c9c   0x08003c9c   0x0000002c   Code   RO         2418    locale$$code        c_w.l(lc_numeric_c.o)
    0x08003cc8   0x08003cc8   0x00000062   Code   RO         2295    x$fpl$d2f           fz_ws.l(d2f.o)
    0x08003d2a   0x08003d2a   0x00000002   PAD
    0x08003d2c   0x08003d2c   0x00000150   Code   RO         2297    x$fpl$dadd          fz_ws.l(daddsub_clz.o)
    0x08003e7c   0x08003e7c   0x00000018   Code   RO         2341    x$fpl$dcmpinf       fz_ws.l(dcmpi.o)
    0x08003e94   0x08003e94   0x00000026   Code   RO         2303    x$fpl$dfltu         fz_ws.l(dflt_clz.o)
    0x08003eba   0x08003eba   0x00000002   PAD
    0x08003ebc   0x08003ebc   0x00000078   Code   RO         2309    x$fpl$dleqf         fz_ws.l(dleqf.o)
    0x08003f34   0x08003f34   0x00000154   Code   RO         2311    x$fpl$dmul          fz_ws.l(dmul.o)
    0x08004088   0x08004088   0x0000009c   Code   RO         2343    x$fpl$dnaninf       fz_ws.l(dnaninf.o)
    0x08004124   0x08004124   0x0000000c   Code   RO         2345    x$fpl$dretinf       fz_ws.l(dretinf.o)
    0x08004130   0x08004130   0x0000006c   Code   RO         2313    x$fpl$drleqf        fz_ws.l(drleqf.o)
    0x0800419c   0x0800419c   0x000001d4   Code   RO         2299    x$fpl$dsub          fz_ws.l(daddsub_clz.o)
    0x08004370   0x08004370   0x00000056   Code   RO         2315    x$fpl$f2d           fz_ws.l(f2d.o)
    0x080043c6   0x080043c6   0x0000008c   Code   RO         2347    x$fpl$fnaninf       fz_ws.l(fnaninf.o)
    0x08004452   0x08004452   0x0000000a   Code   RO         2349    x$fpl$fretinf       fz_ws.l(fretinf.o)
    0x0800445c   0x0800445c   0x00000004   Code   RO         2317    x$fpl$printf1       fz_ws.l(printf1.o)
    0x08004460   0x08004460   0x00000000   Code   RO         2351    x$fpl$usenofp       fz_ws.l(usenofp.o)
    0x08004460   0x08004460   0x000017c0   Data   RO         1912    .constdata          oled.o
    0x08005c20   0x08005c20   0x00000011   Data   RO         2273    .constdata          c_w.l(__printf_flags_wp.o)
    0x08005c31   0x08005c31   0x00000003   PAD
    0x08005c34   0x08005c34   0x00000094   Data   RO         2379    .constdata          c_w.l(bigflt0.o)
    0x08005cc8   0x08005cc8   0x00000020   Data   RO         2720    Region$$Table       anon$$obj.o
    0x08005ce8   0x08005ce8   0x0000001c   Data   RO         2417    locale$$data        c_w.l(lc_numeric_c.o)


    Execution Region RW_IRAM1 (Exec base: 0x20000000, Load base: 0x08005d04, Size: 0x00002480, Max: 0x00005000, ABSOLUTE, COMPRESSED[0x000002c8])

    Exec Addr    Load Addr    Size         Type   Attr      Idx    E Section Name        Object

    0x20000000   COMPRESSED   0x00000014   Data   RW          271    .data               stm32f10x_rcc.o
    0x20000014   COMPRESSED   0x00000021   Data   RW         1523    .data               main.o
    0x20000035   COMPRESSED   0x00000001   PAD
    0x20000036   COMPRESSED   0x00000004   Data   RW         1687    .data               delay.o
    0x2000003a   COMPRESSED   0x00001558   Data   RW         1913    .data               oled.o
    0x20001592   COMPRESSED   0x00000002   PAD
    0x20001594   COMPRESSED   0x0000000c   Data   RW         2103    .data               usart2.o
    0x200015a0        -       0x00000480   Zero   RW         1911    .bss                oled.o
    0x20001a20        -       0x00000400   Zero   RW         2102    .bss                usart2.o
    0x20001e20        -       0x00000060   Zero   RW         2430    .bss                c_w.l(libspace.o)
    0x20001e80        -       0x00000200   Zero   RW         1508    HEAP                startup_stm32f10x_md.o
    0x20002080        -       0x00000400   Zero   RW         1507    STACK               startup_stm32f10x_md.o


==============================================================================

Image component sizes


      Code (inc. data)   RO Data    RW Data    ZI Data      Debug   Object Name

       224         18          0          0          0       2066   adckey.o
         0          0          0          0          0         32   core_cm3.o
       136         12          0          4          0       1300   delay.o
       148         10          0          0          0        612   exit.o
      3218        168          0         33          0       7353   main.o
       172         22          0          0          0     265141   misc.o
       844         40          0          0          0       7630   mlx90614.o
      1566         62       6080       5464       1152      11213   oled.o
       632         50          0          0          0       4530   pwm.o
        64         26        236          0       1536        820   startup_stm32f10x_md.o
       478         24          0          0          0       8289   stm32f10x_adc.o
       200         18          0          0          0       2268   stm32f10x_exti.o
       494         10          0          0          0       4664   stm32f10x_gpio.o
        26          0          0          0          0       4098   stm32f10x_it.o
       332         44          0         20          0       5758   stm32f10x_rcc.o
       518         72          0          0          0       4445   stm32f10x_tim.o
       366          6          0          0          0       5603   stm32f10x_usart.o
       328         28          0          0          0       2105   system_stm32f10x.o
       694        170          0         12       1024       5251   usart2.o
        26          0          0          0          0        501   utils.o
        80         10          0          0          0       1010   xunji.o

    ----------------------------------------------------------------------
     10580        790       6348       5536       3712     344689   Object Totals
         0          0         32          0          0          0   (incl. Generated)
        34          0          0          3          0          0   (incl. Padding)

    ----------------------------------------------------------------------

      Code (inc. data)   RO Data    RW Data    ZI Data      Debug   Library Member Name

        90          0          0          0          0          0   __dczerorl2.o
         8          0          0          0          0         68   __main.o
       312          4         17          0          0         92   __printf_flags_wp.o
        14          0          0          0          0         68   __printf_wp.o
         0          0          0          0          0          0   __rtentry.o
        12          0          0          0          0          0   __rtentry2.o
         6          0          0          0          0          0   __rtentry4.o
        52          8          0          0          0          0   __scatter.o
        28          0          0          0          0          0   __scatter_zi.o
        48          6          0          0          0         96   _printf_char_common.o
         6          0          0          0          0          0   _printf_f.o
      1054          0          0          0          0        216   _printf_fp_dec.o
       128         16          0          0          0         84   _printf_fp_infnan.o
         0          0          0          0          0          0   _printf_percent.o
         4          0          0          0          0          0   _printf_percent_end.o
        10          0          0          0          0         68   _sputc.o
       228          4        148          0          0         96   bigflt0.o
      1936        128          0          0          0        672   btod.o
        18          0          0          0          0         80   exit.o
         6          0          0          0          0        152   heapauxi.o
         0          0          0          0          0          0   indicate_semi.o
        44         10         28          0          0         76   lc_numeric_c.o
         2          0          0          0          0          0   libinit.o
        18          0          0          0          0          0   libinit2.o
         2          0          0          0          0          0   libshutdown.o
         2          0          0          0          0          0   libshutdown2.o
         8          4          0          0         96         68   libspace.o
       138          0          0          0          0         80   lludiv10.o
        40          6          0          0          0         84   noretval__2sprintf.o
         8          4          0          0          0         68   rt_locale_intlibspace.o
        68          0          0          0          0         68   rt_memclr.o
        78          0          0          0          0         80   rt_memclr_w.o
         2          0          0          0          0          0   rtexit.o
        10          0          0          0          0          0   rtexit2.o
       128          0          0          0          0         68   strcmpv7m.o
        62          0          0          0          0         76   strlen.o
        36          0          0          0          0         80   strstr.o
        12          4          0          0          0         68   sys_exit.o
        74          0          0          0          0         80   sys_stackheap_outer.o
         2          0          0          0          0         68   use_no_semi.o
        98          4          0          0          0         92   d2f.o
       804         16          0          0          0        272   daddsub_clz.o
        24          0          0          0          0         68   dcmpi.o
        38          0          0          0          0         68   dflt_clz.o
       120          4          0          0          0         92   dleqf.o
       340         12          0          0          0        104   dmul.o
       156          4          0          0          0         92   dnaninf.o
        12          0          0          0          0         68   dretinf.o
       108          0          0          0          0         80   drleqf.o
        86          4          0          0          0         84   f2d.o
       140          4          0          0          0         84   fnaninf.o
        10          0          0          0          0         68   fretinf.o
         4          0          0          0          0         68   printf1.o
         0          0          0          0          0          0   usenofp.o
        40          0          0          0          0         68   fpclassify.o

    ----------------------------------------------------------------------
      6688        242        196          0         96       3964   Library Totals
        14          0          3          0          0          0   (incl. Padding)

    ----------------------------------------------------------------------

      Code (inc. data)   RO Data    RW Data    ZI Data      Debug   Library Name

      4694        194        193          0         96       2656   c_w.l
      1940         48          0          0          0       1240   fz_ws.l
        40          0          0          0          0         68   m_ws.l

    ----------------------------------------------------------------------
      6688        242        196          0         96       3964   Library Totals

    ----------------------------------------------------------------------

==============================================================================


      Code (inc. data)   RO Data    RW Data    ZI Data      Debug   

     17268       1032       6544       5536       3808     341005   Grand Totals
     17268       1032       6544        712       3808     341005   ELF Image Totals (compressed)
     17268       1032       6544        712          0          0   ROM Totals

==============================================================================

    Total RO  Size (Code + RO Data)                23812 (  23.25kB)
    Total RW  Size (RW Data + ZI Data)              9344 (   9.13kB)
    Total ROM Size (Code + RO Data + RW Data)      24524 (  23.95kB)

==============================================================================

