<html>
<body>
<pre>
<h1>礦ision Build Log</h1>
<h2>Tool Versions:</h2>
IDE-Version: μVision V5.25.2.0
Copyright (C) 2018 ARM Ltd and ARM Germany GmbH. All rights reserved.
License Information: ads 狗狗绝对牛, asdas, LIC=71EVB-LI5QC-KEBH3-N059F-QL62Z-JRCWQ
 
Tool Versions:
Toolchain:       MDK-ARM Basic (256K)  Version: 5.25.2.0
Toolchain Path:  E:\BaiduNetdiskDownload\Keil Uvision 5.25\Keil Uvision 5.25\ARM\ARMCC\Bin
C Compiler:      Armcc.exe V5.06 update 6 (build 750)
Assembler:       Armasm.exe V5.06 update 6 (build 750)
Linker/Locator:  ArmLink.exe V5.06 update 6 (build 750)
Library Manager: ArmAr.exe V5.06 update 6 (build 750)
Hex Converter:   FromElf.exe V5.06 update 6 (build 750)
CPU DLL:         SARMCM3.DLL V5.25.2.0
Dialog DLL:      DCM.DLL V1.17.1.0
Target DLL:      STLink\ST-LINKIII-KEIL_SWO.dll V3.0.1.0
Dialog DLL:      TCM.DLL V1.35.1.0
 
<h2>Project:</h2>
E:\BaiduNetdiskDownload\Keil Uvision 5.25\Keil Uvision 5.25\工程文件\毕设代码\驱动测试\test.uvprojx
Project File Date:  06/12/2022

<h2>Output:</h2>
*** Using Compiler 'V5.06 update 6 (build 750)', folder: 'E:\BaiduNetdiskDownload\Keil Uvision 5.25\Keil Uvision 5.25\ARM\ARMCC\Bin'
Build target 'Target 1'
compiling main.c...
user\main.c(196): warning:  #111-D: statement is unreachable
  	return;
user\main.c(212): warning:  #167-D: argument of type "unsigned char *" is incompatible with parameter of type "const char *"
  		if(strstr(usart2_rcv_buf,"#H")!=NULL)
user\main.c(216): warning:  #167-D: argument of type "unsigned char *" is incompatible with parameter of type "const char *"
  		else if(strstr(usart2_rcv_buf,"#F")!=NULL)
user\main.c(394): warning:  #167-D: argument of type "unsigned char *" is incompatible with parameter of type "char *__restrict__"
  			sprintf(tempbuffer,"%.1f",temp+0.5);
user\main.c(588): warning:  #167-D: argument of type "unsigned char *" is incompatible with parameter of type "const char *"
  		USART2_GetRcvData(buff,strlen(usart2_rcv_buf));
user\main.c(588): warning:  #167-D: argument of type "char *" is incompatible with parameter of type "uint8_t *"
  		USART2_GetRcvData(buff,strlen(usart2_rcv_buf));
user\main.c: 6 warnings, 0 errors
linking...
Program Size: Code=18740 RO-data=6524 RW-data=5536 ZI-data=3872  
FromELF: creating hex file...
".\Objects\test.axf" - 0 Error(s), 6 Warning(s).

<h2>Software Packages used:</h2>

Package Vendor: Keil
                http://www.keil.com/pack/Keil.STM32F1xx_DFP.2.3.0.pack
                Keil.STM32F1xx_DFP.2.3.0
                STMicroelectronics STM32F1 Series Device Support, Drivers and Examples

<h2>Collection of Component include folders:</h2>
  .\RTE\_Target_1
  E:\BaiduNetdiskDownload\Keil Uvision 5.25\Keil Uvision 5.25\ARM\PACK\Keil\STM32F1xx_DFP\2.3.0\Device\Include

<h2>Collection of Component Files used:</h2>
Build Time Elapsed:  00:00:01
</pre>
</body>
</html>
