Component: ARM Compiler 5.06 update 6 (build 750) Tool: armlink [4d35ed]

==============================================================================

Section Cross References

    stm32f10x_gpio.o(i.GPIO_AFIODeInit) refers to stm32f10x_rcc.o(i.RCC_APB2PeriphResetCmd) for RCC_APB2PeriphResetCmd
    stm32f10x_gpio.o(i.GPIO_DeInit) refers to stm32f10x_rcc.o(i.RCC_APB2PeriphResetCmd) for RCC_APB2PeriphResetCmd
    stm32f10x_rcc.o(i.RCC_GetClocksFreq) refers to stm32f10x_rcc.o(.data) for APBAHBPrescTable
    stm32f10x_rcc.o(i.RCC_WaitForHSEStartUp) refers to stm32f10x_rcc.o(i.RCC_GetFlagStatus) for RCC_GetFlagStatus
    stm32f10x_usart.o(i.USART_DeInit) refers to stm32f10x_rcc.o(i.RCC_APB2PeriphResetCmd) for RCC_APB2PeriphResetCmd
    stm32f10x_usart.o(i.USART_DeInit) refers to stm32f10x_rcc.o(i.RCC_APB1PeriphResetCmd) for RCC_APB1PeriphResetCmd
    stm32f10x_usart.o(i.USART_Init) refers to stm32f10x_rcc.o(i.RCC_GetClocksFreq) for RCC_GetClocksFreq
    stm32f10x_tim.o(i.TIM_DeInit) refers to stm32f10x_rcc.o(i.RCC_APB2PeriphResetCmd) for RCC_APB2PeriphResetCmd
    stm32f10x_tim.o(i.TIM_DeInit) refers to stm32f10x_rcc.o(i.RCC_APB1PeriphResetCmd) for RCC_APB1PeriphResetCmd
    stm32f10x_tim.o(i.TIM_ETRClockMode1Config) refers to stm32f10x_tim.o(i.TIM_ETRConfig) for TIM_ETRConfig
    stm32f10x_tim.o(i.TIM_ETRClockMode2Config) refers to stm32f10x_tim.o(i.TIM_ETRConfig) for TIM_ETRConfig
    stm32f10x_tim.o(i.TIM_ICInit) refers to stm32f10x_tim.o(i.TI1_Config) for TI1_Config
    stm32f10x_tim.o(i.TIM_ICInit) refers to stm32f10x_tim.o(i.TIM_SetIC1Prescaler) for TIM_SetIC1Prescaler
    stm32f10x_tim.o(i.TIM_ICInit) refers to stm32f10x_tim.o(i.TI2_Config) for TI2_Config
    stm32f10x_tim.o(i.TIM_ICInit) refers to stm32f10x_tim.o(i.TIM_SetIC2Prescaler) for TIM_SetIC2Prescaler
    stm32f10x_tim.o(i.TIM_ICInit) refers to stm32f10x_tim.o(i.TI3_Config) for TI3_Config
    stm32f10x_tim.o(i.TIM_ICInit) refers to stm32f10x_tim.o(i.TIM_SetIC3Prescaler) for TIM_SetIC3Prescaler
    stm32f10x_tim.o(i.TIM_ICInit) refers to stm32f10x_tim.o(i.TI4_Config) for TI4_Config
    stm32f10x_tim.o(i.TIM_ICInit) refers to stm32f10x_tim.o(i.TIM_SetIC4Prescaler) for TIM_SetIC4Prescaler
    stm32f10x_tim.o(i.TIM_ITRxExternalClockConfig) refers to stm32f10x_tim.o(i.TIM_SelectInputTrigger) for TIM_SelectInputTrigger
    stm32f10x_tim.o(i.TIM_PWMIConfig) refers to stm32f10x_tim.o(i.TI1_Config) for TI1_Config
    stm32f10x_tim.o(i.TIM_PWMIConfig) refers to stm32f10x_tim.o(i.TIM_SetIC1Prescaler) for TIM_SetIC1Prescaler
    stm32f10x_tim.o(i.TIM_PWMIConfig) refers to stm32f10x_tim.o(i.TI2_Config) for TI2_Config
    stm32f10x_tim.o(i.TIM_PWMIConfig) refers to stm32f10x_tim.o(i.TIM_SetIC2Prescaler) for TIM_SetIC2Prescaler
    stm32f10x_tim.o(i.TIM_TIxExternalClockConfig) refers to stm32f10x_tim.o(i.TI2_Config) for TI2_Config
    stm32f10x_tim.o(i.TIM_TIxExternalClockConfig) refers to stm32f10x_tim.o(i.TI1_Config) for TI1_Config
    stm32f10x_tim.o(i.TIM_TIxExternalClockConfig) refers to stm32f10x_tim.o(i.TIM_SelectInputTrigger) for TIM_SelectInputTrigger
    stm32f10x_adc.o(i.ADC_DeInit) refers to stm32f10x_rcc.o(i.RCC_APB2PeriphResetCmd) for RCC_APB2PeriphResetCmd
    system_stm32f10x.o(i.SetSysClock) refers to system_stm32f10x.o(i.SetSysClockTo72) for SetSysClockTo72
    system_stm32f10x.o(i.SystemCoreClockUpdate) refers to system_stm32f10x.o(.data) for SystemCoreClock
    system_stm32f10x.o(i.SystemInit) refers to system_stm32f10x.o(i.SetSysClock) for SetSysClock
    startup_stm32f10x_md.o(STACK) refers (Special) to heapauxi.o(.text) for __use_two_region_memory
    startup_stm32f10x_md.o(HEAP) refers (Special) to heapauxi.o(.text) for __use_two_region_memory
    startup_stm32f10x_md.o(RESET) refers (Special) to heapauxi.o(.text) for __use_two_region_memory
    startup_stm32f10x_md.o(RESET) refers to startup_stm32f10x_md.o(STACK) for __initial_sp
    startup_stm32f10x_md.o(RESET) refers to startup_stm32f10x_md.o(.text) for Reset_Handler
    startup_stm32f10x_md.o(RESET) refers to stm32f10x_it.o(i.NMI_Handler) for NMI_Handler
    startup_stm32f10x_md.o(RESET) refers to stm32f10x_it.o(i.HardFault_Handler) for HardFault_Handler
    startup_stm32f10x_md.o(RESET) refers to stm32f10x_it.o(i.MemManage_Handler) for MemManage_Handler
    startup_stm32f10x_md.o(RESET) refers to stm32f10x_it.o(i.BusFault_Handler) for BusFault_Handler
    startup_stm32f10x_md.o(RESET) refers to stm32f10x_it.o(i.UsageFault_Handler) for UsageFault_Handler
    startup_stm32f10x_md.o(RESET) refers to stm32f10x_it.o(i.SVC_Handler) for SVC_Handler
    startup_stm32f10x_md.o(RESET) refers to stm32f10x_it.o(i.DebugMon_Handler) for DebugMon_Handler
    startup_stm32f10x_md.o(RESET) refers to stm32f10x_it.o(i.PendSV_Handler) for PendSV_Handler
    startup_stm32f10x_md.o(RESET) refers to stm32f10x_it.o(i.SysTick_Handler) for SysTick_Handler
    startup_stm32f10x_md.o(.text) refers (Special) to heapauxi.o(.text) for __use_two_region_memory
[...]
    Removing oled.o(i.OLED_Pow), (22 bytes).
    Removing oled.o(i.OLED_ScrollDisplay), (164 bytes).
    Removing oled.o(i.OLED_ShowNum), (116 bytes).
    Removing oled.o(i.OLED_ShowPicture), (98 bytes).
    Removing oled.o(i.OLED_WR_BP), (42 bytes).
    Removing sys.o(i.NVIC_Configuration), (12 bytes).

205 unused section(s) (total 7830 bytes) removed from the image.

==============================================================================

Image Symbol Table

    Local Symbols

    Symbol Name                              Value     Ov Type        Size  Object(Section)

    ../clib/angel/boardlib.s                 0x00000000   Number         0  boardinit1.o ABSOLUTE
    ../clib/angel/boardlib.s                 0x00000000   Number         0  boardinit3.o ABSOLUTE
    ../clib/angel/boardlib.s                 0x00000000   Number         0  boardshut.o ABSOLUTE
    ../clib/angel/boardlib.s                 0x00000000   Number         0  boardinit2.o ABSOLUTE
    ../clib/angel/dczerorl2.s                0x00000000   Number         0  __dczerorl2.o ABSOLUTE
    ../clib/angel/handlers.s                 0x00000000   Number         0  __scatter_zi.o ABSOLUTE
    ../clib/angel/kernel.s                   0x00000000   Number         0  __rtentry.o ABSOLUTE
    ../clib/angel/kernel.s                   0x00000000   Number         0  __rtentry2.o ABSOLUTE
    ../clib/angel/kernel.s                   0x00000000   Number         0  __rtentry4.o ABSOLUTE
    ../clib/angel/kernel.s                   0x00000000   Number         0  rtexit2.o ABSOLUTE
    ../clib/angel/kernel.s                   0x00000000   Number         0  rtexit.o ABSOLUTE
    ../clib/angel/rt.s                       0x00000000   Number         0  rt_raise.o ABSOLUTE
    ../clib/angel/rt.s                       0x00000000   Number         0  rt_locale_intlibspace.o ABSOLUTE
    ../clib/angel/rt.s                       0x00000000   Number         0  rt_locale.o ABSOLUTE
    ../clib/angel/scatter.s                  0x00000000   Number         0  __scatter.o ABSOLUTE
    ../clib/angel/startup.s                  0x00000000   Number         0  __main.o ABSOLUTE
    ../clib/angel/sys.s                      0x00000000   Number         0  use_no_semi.o ABSOLUTE
    ../clib/angel/sys.s                      0x00000000   Number         0  libspace.o ABSOLUTE
    ../clib/angel/sys.s                      0x00000000   Number         0  sys_stackheap_outer.o ABSOLUTE
    ../clib/angel/sys.s                      0x00000000   Number         0  indicate_semi.o ABSOLUTE
    ../clib/angel/sysapp.c                   0x00000000   Number         0  sys_exit.o ABSOLUTE
    ../clib/angel/sysapp.c                   0x00000000   Number         0  sys_command.o ABSOLUTE
    ../clib/angel/sysapp.c                   0x00000000   Number         0  sys_wrch.o ABSOLUTE
    ../clib/armsys.c                         0x00000000   Number         0  argv_veneer.o ABSOLUTE
    ../clib/armsys.c                         0x00000000   Number         0  argv_veneer.o ABSOLUTE
    ../clib/armsys.c                         0x00000000   Number         0  _get_argv_nomalloc.o ABSOLUTE
    ../clib/armsys.c                         0x00000000   Number         0  no_argv.o ABSOLUTE
    ../clib/bigflt.c                         0x00000000   Number         0  bigflt0.o ABSOLUTE
    ../clib/btod.s                           0x00000000   Number         0  btod.o ABSOLUTE
    ../clib/heapalloc.c                      0x00000000   Number         0  hrguard.o ABSOLUTE
    ../clib/heapaux.c                        0x00000000   Number         0  heapauxi.o ABSOLUTE
    ../clib/libinit.s                        0x00000000   Number         0  libshutdown.o ABSOLUTE
    ../clib/libinit.s                        0x00000000   Number         0  libinit.o ABSOLUTE
    ../clib/libinit.s                        0x00000000   Number         0  libinit2.o ABSOLUTE
    ../clib/libinit.s                        0x00000000   Number         0  libshutdown2.o ABSOLUTE
    ../clib/locale.s                         0x00000000   Number         0  lc_numeric_c.o ABSOLUTE
    ../clib/longlong.s                       0x00000000   Number         0  lludiv10.o ABSOLUTE
    ../clib/memcpset.s                       0x00000000   Number         0  strcmpv7m.o ABSOLUTE
    ../clib/misc.s                           0x00000000   Number         0  printf_stubs.o ABSOLUTE
    ../clib/printf.c                         0x00000000   Number         0  __printf_flags.o ABSOLUTE
    ../clib/printf.c                         0x00000000   Number         0  __printf_ss.o ABSOLUTE
    ../clib/printf.c                         0x00000000   Number         0  __printf_flags_ss.o ABSOLUTE
    ../clib/printf.c                         0x00000000   Number         0  __printf_wp.o ABSOLUTE
    ../clib/printf.c                         0x00000000   Number         0  __printf_flags_wp.o ABSOLUTE
    ../clib/printf.c                         0x00000000   Number         0  __printf_ss_wp.o ABSOLUTE
    ../clib/printf.c                         0x00000000   Number         0  noretval__2sprintf.o ABSOLUTE
    ../clib/printf.c                         0x00000000   Number         0  __printf_flags_ss_wp.o ABSOLUTE
    ../clib/printf.c                         0x00000000   Number         0  _sputc.o ABSOLUTE
    ../clib/printf.c                         0x00000000   Number         0  _printf_char_common.o ABSOLUTE
    ../clib/printf.c                         0x00000000   Number         0  _printf_fp_dec.o ABSOLUTE
    ../clib/printf.c                         0x00000000   Number         0  __printf_nopercent.o ABSOLUTE
    ../clib/printf.c                         0x00000000   Number         0  _printf_fp_infnan.o ABSOLUTE
    ../clib/printf.c                         0x00000000   Number         0  __2sprintf.o ABSOLUTE
    ../clib/printf.c                         0x00000000   Number         0  __printf.o ABSOLUTE
    ../clib/printf_percent.s                 0x00000000   Number         0  _printf_percent_end.o ABSOLUTE
    ../clib/printf_percent.s                 0x00000000   Number         0  _printf_f.o ABSOLUTE
    ../clib/printf_percent.s                 0x00000000   Number         0  _printf_percent.o ABSOLUTE
    ../clib/signal.c                         0x00000000   Number         0  defsig_rtmem_formal.o ABSOLUTE
    ../clib/signal.c                         0x00000000   Number         0  defsig_pvfn_inner.o ABSOLUTE
    ../clib/signal.c                         0x00000000   Number         0  defsig_cppl_inner.o ABSOLUTE
    ../clib/signal.c                         0x00000000   Number         0  defsig_segv_inner.o ABSOLUTE
    ../clib/signal.c                         0x00000000   Number         0  defsig_rtmem_outer.o ABSOLUTE
    ../clib/signal.c                         0x00000000   Number         0  defsig_other.o ABSOLUTE
    ../clib/signal.c                         0x00000000   Number         0  defsig_stak_inner.o ABSOLUTE
    ../clib/signal.c                         0x00000000   Number         0  defsig_rtred_inner.o ABSOLUTE
    ../clib/signal.c                         0x00000000   Number         0  defsig_fpe_inner.o ABSOLUTE
    ../clib/signal.c                         0x00000000   Number         0  defsig_abrt_inner.o ABSOLUTE
    ../clib/signal.c                         0x00000000   Number         0  defsig_general.o ABSOLUTE
    ../clib/signal.c                         0x00000000   Number         0  __raise.o ABSOLUTE
    ../clib/signal.c                         0x00000000   Number         0  defsig_rtmem_inner.o ABSOLUTE
    ../clib/signal.c                         0x00000000   Number         0  defsig_exit.o ABSOLUTE
    ../clib/signal.s                         0x00000000   Number         0  defsig.o ABSOLUTE
    ../clib/stdlib.c                         0x00000000   Number         0  exit.o ABSOLUTE
    ../clib/string.c                         0x00000000   Number         0  strlen.o ABSOLUTE
    ../fplib/d2f.s                           0x00000000   Number         0  d2f.o ABSOLUTE
    ../fplib/daddsub.s                       0x00000000   Number         0  daddsub_clz.o ABSOLUTE
    ../fplib/dcmpi.s                         0x00000000   Number         0  dcmpi.o ABSOLUTE
    ../fplib/dflt.s                          0x00000000   Number         0  dflt_clz.o ABSOLUTE
    ../fplib/dleqf.s                         0x00000000   Number         0  dleqf.o ABSOLUTE
    ../fplib/dmul.s                          0x00000000   Number         0  dmul.o ABSOLUTE
    ../fplib/dnaninf.s                       0x00000000   Number         0  dnaninf.o ABSOLUTE
    ../fplib/dretinf.s                       0x00000000   Number         0  dretinf.o ABSOLUTE
    ../fplib/drleqf.s                        0x00000000   Number         0  drleqf.o ABSOLUTE
    ../fplib/f2d.s                           0x00000000   Number         0  f2d.o ABSOLUTE
    ../fplib/fnaninf.s                       0x00000000   Number         0  fnaninf.o ABSOLUTE
    ../fplib/fpinit.s                        0x00000000   Number         0  fpinit.o ABSOLUTE
    ../fplib/fretinf.s                       0x00000000   Number         0  fretinf.o ABSOLUTE
    ../fplib/istatus.s                       0x00000000   Number         0  istatus.o ABSOLUTE
    ../fplib/printf1.s                       0x00000000   Number         0  printf1.o ABSOLUTE
    ../fplib/usenofp.s                       0x00000000   Number         0  usenofp.o ABSOLUTE
    ../mathlib/fpclassify.c                  0x00000000   Number         0  fpclassify.o ABSOLUTE
    SYSTEM\sys\sys.c                         0x00000000   Number         0  sys.o ABSOLUTE
    cmsis\\core_cm3.c                        0x00000000   Number         0  core_cm3.o ABSOLUTE
    cmsis\core_cm3.c                         0x00000000   Number         0  core_cm3.o ABSOLUTE
    cmsis\system_stm32f10x.c                 0x00000000   Number         0  system_stm32f10x.o ABSOLUTE
    dc.s                                     0x00000000   Number         0  dc.o ABSOLUTE
    driver\adckey.c                          0x00000000   Number         0  adckey.o ABSOLUTE
    driver\delay.c                           0x00000000   Number         0  delay.o ABSOLUTE
    driver\mlx90614.c                        0x00000000   Number         0  mlx90614.o ABSOLUTE
    driver\oled.c                            0x00000000   Number         0  oled.o ABSOLUTE
    driver\pwm.c                             0x00000000   Number         0  pwm.o ABSOLUTE
    driver\xunji.c                           0x00000000   Number         0  xunji.o ABSOLUTE
    library\src\misc.c                       0x00000000   Number         0  misc.o ABSOLUTE
    library\src\stm32f10x_adc.c              0x00000000   Number         0  stm32f10x_adc.o ABSOLUTE
    library\src\stm32f10x_gpio.c             0x00000000   Number         0  stm32f10x_gpio.o ABSOLUTE
    library\src\stm32f10x_rcc.c              0x00000000   Number         0  stm32f10x_rcc.o ABSOLUTE
    library\src\stm32f10x_tim.c              0x00000000   Number         0  stm32f10x_tim.o ABSOLUTE
    library\src\stm32f10x_usart.c            0x00000000   Number         0  stm32f10x_usart.o ABSOLUTE
    starup\startup_stm32f10x_md.s            0x00000000   Number         0  startup_stm32f10x_md.o ABSOLUTE
    user\main.c                              0x00000000   Number         0  main.o ABSOLUTE
    user\stm32f10x_it.c                      0x00000000   Number         0  stm32f10x_it.o ABSOLUTE
    RESET                                    0x08000000   Section      236  startup_stm32f10x_md.o(RESET)
    !!!main                                  0x080000ec   Section        8  __main.o(!!!main)
    !!!scatter                               0x080000f4   Section       52  __scatter.o(!!!scatter)
    !!dczerorl2                              0x08000128   Section       90  __dczerorl2.o(!!dczerorl2)
    !!handler_zi                             0x08000184   Section       28  __scatter_zi.o(!!handler_zi)
    .ARM.Collect$$_printf_percent$$00000000  0x080001a0   Section        0  _printf_percent.o(.ARM.Collect$$_printf_percent$$00000000)
    .ARM.Collect$$_printf_percent$$00000003  0x080001a0   Section        6  _printf_f.o(.ARM.Collect$$_printf_percent$$00000003)
    .ARM.Collect$$_printf_percent$$00000017  0x080001a6   Section        4  _printf_percent_end.o(.ARM.Collect$$_printf_percent$$00000017)
    .ARM.Collect$$libinit$$00000000          0x080001aa   Section        2  libinit.o(.ARM.Collect$$libinit$$00000000)
    .ARM.Collect$$libinit$$00000002          0x080001ac   Section        0  libinit2.o(.ARM.Collect$$libinit$$00000002)
    .ARM.Collect$$libinit$$00000004          0x080001ac   Section        0  libinit2.o(.ARM.Collect$$libinit$$00000004)
    .ARM.Collect$$libinit$$0000000A          0x080001ac   Section        0  libinit2.o(.ARM.Collect$$libinit$$0000000A)
    .ARM.Collect$$libinit$$0000000C          0x080001ac   Section        0  libinit2.o(.ARM.Collect$$libinit$$0000000C)
    .ARM.Collect$$libinit$$0000000E          0x080001ac   Section        0  libinit2.o(.ARM.Collect$$libinit$$0000000E)
    .ARM.Collect$$libinit$$0000000F          0x080001ac   Section        6  libinit2.o(.ARM.Collect$$libinit$$0000000F)
    .ARM.Collect$$libinit$$00000011          0x080001b2   Section        0  libinit2.o(.ARM.Collect$$libinit$$00000011)
    .ARM.Collect$$libinit$$00000013          0x080001b2   Section        0  libinit2.o(.ARM.Collect$$libinit$$00000013)
    .ARM.Collect$$libinit$$00000015          0x080001b2   Section        0  libinit2.o(.ARM.Collect$$libinit$$00000015)
    .ARM.Collect$$libinit$$00000016          0x080001b2   Section       10  libinit2.o(.ARM.Collect$$libinit$$00000016)
    .ARM.Collect$$libinit$$00000017          0x080001bc   Section        0  libinit2.o(.ARM.Collect$$libinit$$00000017)
    .ARM.Collect$$libinit$$00000019          0x080001bc   Section        0  libinit2.o(.ARM.Collect$$libinit$$00000019)
    .ARM.Collect$$libinit$$0000001B          0x080001bc   Section        0  libinit2.o(.ARM.Collect$$libinit$$0000001B)
    .ARM.Collect$$libinit$$0000001D          0x080001bc   Section        0  libinit2.o(.ARM.Collect$$libinit$$0000001D)
    .ARM.Collect$$libinit$$0000001F          0x080001bc   Section        0  libinit2.o(.ARM.Collect$$libinit$$0000001F)
    .ARM.Collect$$libinit$$00000021          0x080001bc   Section        0  libinit2.o(.ARM.Collect$$libinit$$00000021)
    .ARM.Collect$$libinit$$00000023          0x080001bc   Section        0  libinit2.o(.ARM.Collect$$libinit$$00000023)
    .ARM.Collect$$libinit$$00000025          0x080001bc   Section        0  libinit2.o(.ARM.Collect$$libinit$$00000025)
    .ARM.Collect$$libinit$$0000002C          0x080001bc   Section        0  libinit2.o(.ARM.Collect$$libinit$$0000002C)
    .ARM.Collect$$libinit$$0000002E          0x080001bc   Section        0  libinit2.o(.ARM.Collect$$libinit$$0000002E)
    .ARM.Collect$$libinit$$00000030          0x080001bc   Section        0  libinit2.o(.ARM.Collect$$libinit$$00000030)
    .ARM.Collect$$libinit$$00000032          0x080001bc   Section        0  libinit2.o(.ARM.Collect$$libinit$$00000032)
    .ARM.Collect$$libinit$$00000033          0x080001bc   Section        2  libinit2.o(.ARM.Collect$$libinit$$00000033)
    .ARM.Collect$$libshutdown$$00000000      0x080001be   Section        2  libshutdown.o(.ARM.Collect$$libshutdown$$00000000)
    .ARM.Collect$$libshutdown$$00000002      0x080001c0   Section        0  libshutdown2.o(.ARM.Collect$$libshutdown$$00000002)
    .ARM.Collect$$libshutdown$$00000004      0x080001c0   Section        0  libshutdown2.o(.ARM.Collect$$libshutdown$$00000004)
    .ARM.Collect$$libshutdown$$00000007      0x080001c0   Section        0  libshutdown2.o(.ARM.Collect$$libshutdown$$00000007)
    .ARM.Collect$$libshutdown$$0000000A      0x080001c0   Section        0  libshutdown2.o(.ARM.Collect$$libshutdown$$0000000A)
    .ARM.Collect$$libshutdown$$0000000C      0x080001c0   Section        0  libshutdown2.o(.ARM.Collect$$libshutdown$$0000000C)
    .ARM.Collect$$libshutdown$$0000000F      0x080001c0   Section        0  libshutdown2.o(.ARM.Collect$$libshutdown$$0000000F)
    .ARM.Collect$$libshutdown$$00000010      0x080001c0   Section        2  libshutdown2.o(.ARM.Collect$$libshutdown$$00000010)
    .ARM.Collect$$rtentry$$00000000          0x080001c2   Section        0  __rtentry.o(.ARM.Collect$$rtentry$$00000000)
    .ARM.Collect$$rtentry$$00000002          0x080001c2   Section        0  __rtentry2.o(.ARM.Collect$$rtentry$$00000002)
    .ARM.Collect$$rtentry$$00000004          0x080001c2   Section        6  __rtentry4.o(.ARM.Collect$$rtentry$$00000004)
    .ARM.Collect$$rtentry$$00000009          0x080001c8   Section        0  __rtentry2.o(.ARM.Collect$$rtentry$$00000009)
    .ARM.Collect$$rtentry$$0000000A          0x080001c8   Section        4  __rtentry2.o(.ARM.Collect$$rtentry$$0000000A)
    .ARM.Collect$$rtentry$$0000000C          0x080001cc   Section        0  __rtentry2.o(.ARM.Collect$$rtentry$$0000000C)
    .ARM.Collect$$rtentry$$0000000D          0x080001cc   Section        8  __rtentry2.o(.ARM.Collect$$rtentry$$0000000D)
    .ARM.Collect$$rtexit$$00000000           0x080001d4   Section        2  rtexit.o(.ARM.Collect$$rtexit$$00000000)
    .ARM.Collect$$rtexit$$00000002           0x080001d6   Section        0  rtexit2.o(.ARM.Collect$$rtexit$$00000002)
    .ARM.Collect$$rtexit$$00000003           0x080001d6   Section        4  rtexit2.o(.ARM.Collect$$rtexit$$00000003)
    .ARM.Collect$$rtexit$$00000004           0x080001da   Section        6  rtexit2.o(.ARM.Collect$$rtexit$$00000004)
    .text                                    0x080001e0   Section       64  startup_stm32f10x_md.o(.text)
    .text                                    0x08000220   Section        0  noretval__2sprintf.o(.text)
    .text                                    0x08000248   Section        0  __printf_ss_wp.o(.text)
    .text                                    0x080003a8   Section        0  strlen.o(.text)
    .text                                    0x080003e6   Section        0  heapauxi.o(.text)
    .text                                    0x080003ec   Section        0  _printf_fp_dec.o(.text)
    _fp_digits                               0x080003ef   Thumb Code   432  _printf_fp_dec.o(.text)
    .text                                    0x0800080c   Section        0  _printf_char_common.o(.text)
    _printf_input_char                       0x0800080d   Thumb Code    10  _printf_char_common.o(.text)
    .text                                    0x0800083c   Section        0  _sputc.o(.text)
    .text                                    0x08000848   Section        8  rt_locale_intlibspace.o(.text)
    .text                                    0x08000850   Section      138  lludiv10.o(.text)
    .text                                    0x080008dc   Section        0  _printf_fp_infnan.o(.text)
    .text                                    0x0800095c   Section        0  bigflt0.o(.text)
    .text                                    0x08000a40   Section        8  libspace.o(.text)
    .text                                    0x08000a48   Section       74  sys_stackheap_outer.o(.text)
    .text                                    0x08000a92   Section        0  exit.o(.text)
    .text                                    0x08000aa4   Section      128  strcmpv7m.o(.text)
    .text                                    0x08000b24   Section        0  sys_exit.o(.text)
    .text                                    0x08000b30   Section        2  use_no_semi.o(.text)
    .text                                    0x08000b32   Section        0  indicate_semi.o(.text)
    CL$$btod_d2e                             0x08000b32   Section       62  btod.o(CL$$btod_d2e)
    CL$$btod_d2e_denorm_low                  0x08000b70   Section       70  btod.o(CL$$btod_d2e_denorm_low)
    CL$$btod_d2e_norm_op1                    0x08000bb6   Section       96  btod.o(CL$$btod_d2e_norm_op1)
    CL$$btod_div_common                      0x08000c16   Section      824  btod.o(CL$$btod_div_common)
    CL$$btod_e2e                             0x08000f4e   Section      220  btod.o(CL$$btod_e2e)
    CL$$btod_ediv                            0x0800102a   Section       42  btod.o(CL$$btod_ediv)
    CL$$btod_emul                            0x08001054   Section       42  btod.o(CL$$btod_emul)
    CL$$btod_mult_common                     0x0800107e   Section      580  btod.o(CL$$btod_mult_common)
    i.ADC_Cmd                                0x080012c2   Section        0  stm32f10x_adc.o(i.ADC_Cmd)
    i.ADC_DeInit                             0x080012d8   Section        0  stm32f10x_adc.o(i.ADC_DeInit)
    i.ADC_GetCalibrationStatus               0x08001334   Section        0  stm32f10x_adc.o(i.ADC_GetCalibrationStatus)
    i.ADC_GetFlagStatus                      0x08001348   Section        0  stm32f10x_adc.o(i.ADC_GetFlagStatus)
    i.ADC_GetResetCalibrationStatus          0x0800135a   Section        0  stm32f10x_adc.o(i.ADC_GetResetCalibrationStatus)
    i.ADC_Init                               0x08001370   Section        0  stm32f10x_adc.o(i.ADC_Init)
    i.ADC_RegularChannelConfig               0x080013c0   Section        0  stm32f10x_adc.o(i.ADC_RegularChannelConfig)
    i.ADC_ResetCalibration                   0x08001478   Section        0  stm32f10x_adc.o(i.ADC_ResetCalibration)
    i.ADC_SoftwareStartConvCmd               0x08001482   Section        0  stm32f10x_adc.o(i.ADC_SoftwareStartConvCmd)
    i.ADC_StartCalibration                   0x08001498   Section        0  stm32f10x_adc.o(i.ADC_StartCalibration)
    i.AdcKey_Init                            0x080014a2   Section        0  adckey.o(i.AdcKey_Init)
    i.Adc_Init                               0x080014b0   Section        0  adckey.o(i.Adc_Init)
    i.BusFault_Handler                       0x08001524   Section        0  stm32f10x_it.o(i.BusFault_Handler)
    i.Clear_guangbiao                        0x08001528   Section        0  oled.o(i.Clear_guangbiao)
    i.DebugMon_Handler                       0x08001558   Section        0  stm32f10x_it.o(i.DebugMon_Handler)
    i.Driver_Init                            0x0800155c   Section        0  pwm.o(i.Driver_Init)
    i.GET_ADConverter                        0x0800162c   Section        0  adckey.o(i.GET_ADConverter)
    i.GPIO_Init                              0x08001660   Section        0  stm32f10x_gpio.o(i.GPIO_Init)
    i.GPIO_PinRemapConfig                    0x08001778   Section        0  stm32f10x_gpio.o(i.GPIO_PinRemapConfig)
    i.GPIO_ResetBits                         0x08001808   Section        0  stm32f10x_gpio.o(i.GPIO_ResetBits)
    i.GPIO_SetBits                           0x0800180c   Section        0  stm32f10x_gpio.o(i.GPIO_SetBits)
    i.GPIOinit                               0x08001810   Section        0  adckey.o(i.GPIOinit)
    i.Go_Ahead                               0x0800183c   Section        0  pwm.o(i.Go_Ahead)
    i.HardFault_Handler                      0x08001868   Section        0  stm32f10x_it.o(i.HardFault_Handler)
    i.MemManage_Handler                      0x0800186c   Section        0  stm32f10x_it.o(i.MemManage_Handler)
    i.NMI_Handler                            0x08001870   Section        0  stm32f10x_it.o(i.NMI_Handler)
    i.OLED_Clear                             0x08001874   Section        0  oled.o(i.OLED_Clear)
    i.OLED_ClearArea                         0x080018a4   Section        0  oled.o(i.OLED_ClearArea)
    i.OLED_ClearPoint                        0x080018d4   Section        0  oled.o(i.OLED_ClearPoint)
    i.OLED_ColorTurn                         0x08001934   Section        0  oled.o(i.OLED_ColorTurn)
    i.OLED_DisplayTurn                       0x08001950   Section        0  oled.o(i.OLED_DisplayTurn)
    i.OLED_DrawPoint                         0x0800197c   Section        0  oled.o(i.OLED_DrawPoint)
    i.OLED_Init                              0x080019b8   Section        0  oled.o(i.OLED_Init)
    i.OLED_Refresh                           0x08001b20   Section        0  oled.o(i.OLED_Refresh)
    i.OLED_ShowChar                          0x08001b6c   Section        0  oled.o(i.OLED_ShowChar)
    i.OLED_ShowChinese                       0x08001c68   Section        0  oled.o(i.OLED_ShowChinese)
    i.OLED_ShowString                        0x08001d70   Section        0  oled.o(i.OLED_ShowString)
    i.OLED_WR_Byte                           0x08001db4   Section        0  oled.o(i.OLED_WR_Byte)
    i.OpenBox                                0x08001e34   Section        0  main.o(i.OpenBox)
    i.PEC_Calculation                        0x08001e36   Section        0  mlx90614.o(i.PEC_Calculation)
    i.PendSV_Handler                         0x08001ef0   Section        0  stm32f10x_it.o(i.PendSV_Handler)
    i.RCC_ADCCLKConfig                       0x08001ef4   Section        0  stm32f10x_rcc.o(i.RCC_ADCCLKConfig)
    i.RCC_APB1PeriphClockCmd                 0x08001f0c   Section        0  stm32f10x_rcc.o(i.RCC_APB1PeriphClockCmd)
    i.RCC_APB2PeriphClockCmd                 0x08001f2c   Section        0  stm32f10x_rcc.o(i.RCC_APB2PeriphClockCmd)
    i.RCC_APB2PeriphResetCmd                 0x08001f4c   Section        0  stm32f10x_rcc.o(i.RCC_APB2PeriphResetCmd)
    i.Read_Xunji                             0x08001f6c   Section        0  xunji.o(i.Read_Xunji)
    i.SET_PWM                                0x08001f80   Section        0  pwm.o(i.SET_PWM)
    i.SMBus_Delay                            0x08001f90   Section        0  mlx90614.o(i.SMBus_Delay)
    i.SMBus_Init                             0x08001fac   Section        0  mlx90614.o(i.SMBus_Init)
    i.SMBus_ReadMemory                       0x08001fe4   Section        0  mlx90614.o(i.SMBus_ReadMemory)
    i.SMBus_ReadTemp                         0x0800208c   Section        0  mlx90614.o(i.SMBus_ReadTemp)
    i.SMBus_ReceiveBit                       0x080020d0   Section        0  mlx90614.o(i.SMBus_ReceiveBit)
    i.SMBus_ReceiveByte                      0x08002114   Section        0  mlx90614.o(i.SMBus_ReceiveByte)
    i.SMBus_SendBit                          0x08002148   Section        0  mlx90614.o(i.SMBus_SendBit)
    i.SMBus_SendByte                         0x08002184   Section        0  mlx90614.o(i.SMBus_SendByte)
    i.SMBus_StartBit                         0x080021b4   Section        0  mlx90614.o(i.SMBus_StartBit)
    i.SMBus_StopBit                          0x080021f0   Section        0  mlx90614.o(i.SMBus_StopBit)
    i.SVC_Handler                            0x08002228   Section        0  stm32f10x_it.o(i.SVC_Handler)
    i.SetSysClock                            0x0800222a   Section        0  system_stm32f10x.o(i.SetSysClock)
    SetSysClock                              0x0800222b   Thumb Code     8  system_stm32f10x.o(i.SetSysClock)
    i.SetSysClockTo72                        0x08002234   Section        0  system_stm32f10x.o(i.SetSysClockTo72)
    SetSysClockTo72                          0x08002235   Thumb Code   214  system_stm32f10x.o(i.SetSysClockTo72)
    i.Show_FirstScream                       0x08002314   Section        0  main.o(i.Show_FirstScream)
    i.Show_Num                               0x08002424   Section        0  main.o(i.Show_Num)
    i.Show_SecondScream                      0x08002498   Section        0  main.o(i.Show_SecondScream)
    i.Show_guangbiao                         0x08002818   Section        0  oled.o(i.Show_guangbiao)
    i.Show_thirdscream                       0x08002848   Section        0  main.o(i.Show_thirdscream)
    i.Stop                                   0x080029f4   Section        0  pwm.o(i.Stop)
    i.SysTick_CLKSourceConfig                0x08002a18   Section        0  misc.o(i.SysTick_CLKSourceConfig)
    i.SysTick_Handler                        0x08002a40   Section        0  stm32f10x_it.o(i.SysTick_Handler)
    i.SystemInit                             0x08002a44   Section        0  system_stm32f10x.o(i.SystemInit)
    i.TIM_ARRPreloadConfig                   0x08002aa4   Section        0  stm32f10x_tim.o(i.TIM_ARRPreloadConfig)
    i.TIM_Cmd                                0x08002abc   Section        0  stm32f10x_tim.o(i.TIM_Cmd)
    i.TIM_CtrlPWMOutputs                     0x08002ad4   Section        0  stm32f10x_tim.o(i.TIM_CtrlPWMOutputs)
    i.TIM_OC1Init                            0x08002af4   Section        0  stm32f10x_tim.o(i.TIM_OC1Init)
    i.TIM_OC4Init                            0x08002b8c   Section        0  stm32f10x_tim.o(i.TIM_OC4Init)
    i.TIM_TimeBaseInit                       0x08002c08   Section        0  stm32f10x_tim.o(i.TIM_TimeBaseInit)
    i.Turn_Left                              0x08002cac   Section        0  pwm.o(i.Turn_Left)
    i.UsageFault_Handler                     0x08002cd8   Section        0  stm32f10x_it.o(i.UsageFault_Handler)
    i.VerifyPassword                         0x08002cdc   Section        0  main.o(i.VerifyPassword)
    i.Xunji_Init                             0x08002d28   Section        0  xunji.o(i.Xunji_Init)
    i.__ARM_fpclassify                       0x08002d64   Section        0  fpclassify.o(i.__ARM_fpclassify)
    i._is_digit                              0x08002d8c   Section        0  __printf_wp.o(i._is_digit)
    i.delay_init                             0x08002d9c   Section        0  delay.o(i.delay_init)
    i.delay_ms                               0x08002dd8   Section        0  delay.o(i.delay_ms)
    i.main                                   0x08002e24   Section        0  main.o(i.main)
    i.run                                    0x08002e74   Section        0  main.o(i.run)
    i.zhuanxiang                             0x08002f5c   Section        0  pwm.o(i.zhuanxiang)
    locale$$code                             0x08002f7c   Section       44  lc_numeric_c.o(locale$$code)
    x$fpl$d2f                                0x08002fa8   Section       98  d2f.o(x$fpl$d2f)
    x$fpl$dadd                               0x0800300c   Section      336  daddsub_clz.o(x$fpl$dadd)
    _dadd1                                   0x0800301d   Thumb Code     0  daddsub_clz.o(x$fpl$dadd)
    x$fpl$dcmpinf                            0x0800315c   Section       24  dcmpi.o(x$fpl$dcmpinf)
    x$fpl$dfltu                              0x08003174   Section       38  dflt_clz.o(x$fpl$dfltu)
    x$fpl$dleqf                              0x0800319c   Section      120  dleqf.o(x$fpl$dleqf)
    x$fpl$dmul                               0x08003214   Section      340  dmul.o(x$fpl$dmul)
    x$fpl$dnaninf                            0x08003368   Section      156  dnaninf.o(x$fpl$dnaninf)
    x$fpl$dretinf                            0x08003404   Section       12  dretinf.o(x$fpl$dretinf)
    x$fpl$drleqf                             0x08003410   Section      108  drleqf.o(x$fpl$drleqf)
    x$fpl$dsub                               0x0800347c   Section      468  daddsub_clz.o(x$fpl$dsub)
    _dsub1                                   0x0800348d   Thumb Code     0  daddsub_clz.o(x$fpl$dsub)
    x$fpl$f2d                                0x08003650   Section       86  f2d.o(x$fpl$f2d)
    x$fpl$fnaninf                            0x080036a6   Section      140  fnaninf.o(x$fpl$fnaninf)
    x$fpl$fretinf                            0x08003732   Section       10  fretinf.o(x$fpl$fretinf)
    x$fpl$printf1                            0x0800373c   Section        4  printf1.o(x$fpl$printf1)
    .constdata                               0x08003740   Section     6080  oled.o(.constdata)
    x$fpl$usenofp                            0x08003740   Section        0  usenofp.o(x$fpl$usenofp)
    .constdata                               0x08004f00   Section      148  bigflt0.o(.constdata)
    tenpwrs_x                                0x08004f00   Data          60  bigflt0.o(.constdata)
    tenpwrs_i                                0x08004f3c   Data          64  bigflt0.o(.constdata)
    locale$$data                             0x08004fb4   Section       28  lc_numeric_c.o(locale$$data)
    __lcnum_c_name                           0x08004fb8   Data           2  lc_numeric_c.o(locale$$data)
    __lcnum_c_start                          0x08004fc0   Data           0  lc_numeric_c.o(locale$$data)
    __lcnum_c_point                          0x08004fcc   Data           0  lc_numeric_c.o(locale$$data)
    __lcnum_c_thousands                      0x08004fce   Data           0  lc_numeric_c.o(locale$$data)
    __lcnum_c_grouping                       0x08004fcf   Data           0  lc_numeric_c.o(locale$$data)
    __lcnum_c_end                            0x08004fd0   Data           0  lc_numeric_c.o(locale$$data)
    .data                                    0x20000000   Section       17  main.o(.data)
    scream_flag                              0x20000004   Data           1  main.o(.data)
    FSC_Offset                               0x20000005   Data           1  main.o(.data)
    SSC_Offset                               0x20000006   Data           1  main.o(.data)
    TSC_Offset                               0x20000007   Data           1  main.o(.data)
    .data                                    0x20000012   Section        4  delay.o(.data)
    fac_us                                   0x20000012   Data           1  delay.o(.data)
    fac_ms                                   0x20000014   Data           2  delay.o(.data)
    .data                                    0x20000016   Section     5464  oled.o(.data)
    .bss                                     0x20001570   Section     1152  oled.o(.bss)
    .bss                                     0x200019f0   Section       96  libspace.o(.bss)
    HEAP                                     0x20001a50   Section      512  startup_stm32f10x_md.o(HEAP)
    Heap_Mem                                 0x20001a50   Data         512  startup_stm32f10x_md.o(HEAP)
    STACK                                    0x20001c50   Section     1024  startup_stm32f10x_md.o(STACK)
    Stack_Mem                                0x20001c50   Data        1024  startup_stm32f10x_md.o(STACK)
    __initial_sp                             0x20002050   Data           0  startup_stm32f10x_md.o(STACK)

    Global Symbols

    Symbol Name                              Value     Ov Type        Size  Object(Section)

    BuildAttributes$$THM_ISAv4$P$D$K$B$S$PE$A:L22UL41UL21$X:L11$S22US41US21$IEEE1$IW$USESV6$~STKCKD$USESV7$~SHL$OTIME$ROPI$IEEEJ$EBA8$UX$STANDARDLIB$REQ8$PRES8$EABIv2 0x00000000   Number         0  anon$$obj.o ABSOLUTE
    __ARM_use_no_argv                        0x00000000   Number         0  main.o ABSOLUTE
    _printf_flags                            0x00000000   Number         0  printf_stubs.o ABSOLUTE
    _printf_return_value                     0x00000000   Number         0  printf_stubs.o ABSOLUTE
    _printf_sizespec                         0x00000000   Number         0  printf_stubs.o ABSOLUTE
    _printf_widthprec                        0x00000000   Number         0  printf_stubs.o ABSOLUTE
    __ARM_exceptions_init                     - Undefined Weak Reference
    __alloca_initialize                       - Undefined Weak Reference
    __arm_preinit_                            - Undefined Weak Reference
    __cpp_initialize__aeabi_                  - Undefined Weak Reference
    __cxa_finalize                            - Undefined Weak Reference
    __sigvec_lookup                           - Undefined Weak Reference
    _atexit_init                              - Undefined Weak Reference
    _call_atexit_fns                          - Undefined Weak Reference
    _clock_init                               - Undefined Weak Reference
    _fp_trap_init                             - Undefined Weak Reference
    _fp_trap_shutdown                         - Undefined Weak Reference
    _get_lc_collate                           - Undefined Weak Reference
    _get_lc_ctype                             - Undefined Weak Reference
    _get_lc_monetary                          - Undefined Weak Reference
    _get_lc_time                              - Undefined Weak Reference
    _getenv_init                              - Undefined Weak Reference
    _handle_redirection                       - Undefined Weak Reference
    _init_alloc                               - Undefined Weak Reference
    _init_user_alloc                          - Undefined Weak Reference
    _initio                                   - Undefined Weak Reference
    _printf_post_padding                      - Undefined Weak Reference
    _printf_pre_padding                       - Undefined Weak Reference
    _rand_init                                - Undefined Weak Reference
    _signal_finish                            - Undefined Weak Reference
    _signal_init                              - Undefined Weak Reference
    _terminate_alloc                          - Undefined Weak Reference
    _terminate_user_alloc                     - Undefined Weak Reference
    _terminateio                              - Undefined Weak Reference
    __Vectors_Size                           0x000000ec   Number         0  startup_stm32f10x_md.o ABSOLUTE
    __Vectors                                0x08000000   Data           4  startup_stm32f10x_md.o(RESET)
    __Vectors_End                            0x080000ec   Data           0  startup_stm32f10x_md.o(RESET)
    __main                                   0x080000ed   Thumb Code     8  __main.o(!!!main)
    __scatterload                            0x080000f5   Thumb Code     0  __scatter.o(!!!scatter)
    __scatterload_rt2                        0x080000f5   Thumb Code    44  __scatter.o(!!!scatter)
    __scatterload_rt2_thumb_only             0x080000f5   Thumb Code     0  __scatter.o(!!!scatter)
    __scatterload_null                       0x08000103   Thumb Code     0  __scatter.o(!!!scatter)
    __decompress                             0x08000129   Thumb Code    90  __dczerorl2.o(!!dczerorl2)
    __decompress1                            0x08000129   Thumb Code     0  __dczerorl2.o(!!dczerorl2)
    __scatterload_zeroinit                   0x08000185   Thumb Code    28  __scatter_zi.o(!!handler_zi)
    _printf_f                                0x080001a1   Thumb Code     0  _printf_f.o(.ARM.Collect$$_printf_percent$$00000003)
    _printf_percent                          0x080001a1   Thumb Code     0  _printf_percent.o(.ARM.Collect$$_printf_percent$$00000000)
    _printf_percent_end                      0x080001a7   Thumb Code     0  _printf_percent_end.o(.ARM.Collect$$_printf_percent$$00000017)
    __rt_lib_init                            0x080001ab   Thumb Code     0  libinit.o(.ARM.Collect$$libinit$$00000000)
    __rt_lib_init_fp_1                       0x080001ad   Thumb Code     0  libinit2.o(.ARM.Collect$$libinit$$00000002)
    __rt_lib_init_heap_1                     0x080001ad   Thumb Code     0  libinit2.o(.ARM.Collect$$libinit$$0000000A)
    __rt_lib_init_lc_common                  0x080001ad   Thumb Code     0  libinit2.o(.ARM.Collect$$libinit$$0000000F)
    __rt_lib_init_preinit_1                  0x080001ad   Thumb Code     0  libinit2.o(.ARM.Collect$$libinit$$00000004)
    __rt_lib_init_rand_1                     0x080001ad   Thumb Code     0  libinit2.o(.ARM.Collect$$libinit$$0000000E)
    __rt_lib_init_user_alloc_1               0x080001ad   Thumb Code     0  libinit2.o(.ARM.Collect$$libinit$$0000000C)
    __rt_lib_init_lc_collate_1               0x080001b3   Thumb Code     0  libinit2.o(.ARM.Collect$$libinit$$00000011)
    __rt_lib_init_lc_ctype_1                 0x080001b3   Thumb Code     0  libinit2.o(.ARM.Collect$$libinit$$00000013)
    __rt_lib_init_lc_monetary_1              0x080001b3   Thumb Code     0  libinit2.o(.ARM.Collect$$libinit$$00000015)
    __rt_lib_init_lc_numeric_2               0x080001b3   Thumb Code     0  libinit2.o(.ARM.Collect$$libinit$$00000016)
    __rt_lib_init_alloca_1                   0x080001bd   Thumb Code     0  libinit2.o(.ARM.Collect$$libinit$$0000002E)
    __rt_lib_init_argv_1                     0x080001bd   Thumb Code     0  libinit2.o(.ARM.Collect$$libinit$$0000002C)
    __rt_lib_init_atexit_1                   0x080001bd   Thumb Code     0  libinit2.o(.ARM.Collect$$libinit$$0000001B)
    __rt_lib_init_clock_1                    0x080001bd   Thumb Code     0  libinit2.o(.ARM.Collect$$libinit$$00000021)
    __rt_lib_init_cpp_1                      0x080001bd   Thumb Code     0  libinit2.o(.ARM.Collect$$libinit$$00000032)
    __rt_lib_init_exceptions_1               0x080001bd   Thumb Code     0  libinit2.o(.ARM.Collect$$libinit$$00000030)
    __rt_lib_init_fp_trap_1                  0x080001bd   Thumb Code     0  libinit2.o(.ARM.Collect$$libinit$$0000001F)
    __rt_lib_init_getenv_1                   0x080001bd   Thumb Code     0  libinit2.o(.ARM.Collect$$libinit$$00000023)
    __rt_lib_init_lc_numeric_1               0x080001bd   Thumb Code     0  libinit2.o(.ARM.Collect$$libinit$$00000017)
    __rt_lib_init_lc_time_1                  0x080001bd   Thumb Code     0  libinit2.o(.ARM.Collect$$libinit$$00000019)
    __rt_lib_init_return                     0x080001bd   Thumb Code     0  libinit2.o(.ARM.Collect$$libinit$$00000033)
    __rt_lib_init_signal_1                   0x080001bd   Thumb Code     0  libinit2.o(.ARM.Collect$$libinit$$0000001D)
    __rt_lib_init_stdio_1                    0x080001bd   Thumb Code     0  libinit2.o(.ARM.Collect$$libinit$$00000025)
    __rt_lib_shutdown                        0x080001bf   Thumb Code     0  libshutdown.o(.ARM.Collect$$libshutdown$$00000000)
    __rt_lib_shutdown_cpp_1                  0x080001c1   Thumb Code     0  libshutdown2.o(.ARM.Collect$$libshutdown$$00000002)
    __rt_lib_shutdown_fp_trap_1              0x080001c1   Thumb Code     0  libshutdown2.o(.ARM.Collect$$libshutdown$$00000007)
    __rt_lib_shutdown_heap_1                 0x080001c1   Thumb Code     0  libshutdown2.o(.ARM.Collect$$libshutdown$$0000000F)
    __rt_lib_shutdown_return                 0x080001c1   Thumb Code     0  libshutdown2.o(.ARM.Collect$$libshutdown$$00000010)
    __rt_lib_shutdown_signal_1               0x080001c1   Thumb Code     0  libshutdown2.o(.ARM.Collect$$libshutdown$$0000000A)
    __rt_lib_shutdown_stdio_1                0x080001c1   Thumb Code     0  libshutdown2.o(.ARM.Collect$$libshutdown$$00000004)
    __rt_lib_shutdown_user_alloc_1           0x080001c1   Thumb Code     0  libshutdown2.o(.ARM.Collect$$libshutdown$$0000000C)
    __rt_entry                               0x080001c3   Thumb Code     0  __rtentry.o(.ARM.Collect$$rtentry$$00000000)
    __rt_entry_presh_1                       0x080001c3   Thumb Code     0  __rtentry2.o(.ARM.Collect$$rtentry$$00000002)
    __rt_entry_sh                            0x080001c3   Thumb Code     0  __rtentry4.o(.ARM.Collect$$rtentry$$00000004)
    __rt_entry_li                            0x080001c9   Thumb Code     0  __rtentry2.o(.ARM.Collect$$rtentry$$0000000A)
    __rt_entry_postsh_1                      0x080001c9   Thumb Code     0  __rtentry2.o(.ARM.Collect$$rtentry$$00000009)
    __rt_entry_main                          0x080001cd   Thumb Code     0  __rtentry2.o(.ARM.Collect$$rtentry$$0000000D)
    __rt_entry_postli_1                      0x080001cd   Thumb Code     0  __rtentry2.o(.ARM.Collect$$rtentry$$0000000C)
    __rt_exit                                0x080001d5   Thumb Code     0  rtexit.o(.ARM.Collect$$rtexit$$00000000)
    __rt_exit_ls                             0x080001d7   Thumb Code     0  rtexit2.o(.ARM.Collect$$rtexit$$00000003)
    __rt_exit_prels_1                        0x080001d7   Thumb Code     0  rtexit2.o(.ARM.Collect$$rtexit$$00000002)
    __rt_exit_exit                           0x080001db   Thumb Code     0  rtexit2.o(.ARM.Collect$$rtexit$$00000004)
    Reset_Handler                            0x080001e1   Thumb Code     8  startup_stm32f10x_md.o(.text)
    ADC1_2_IRQHandler                        0x080001fb   Thumb Code     0  startup_stm32f10x_md.o(.text)
    CAN1_RX1_IRQHandler                      0x080001fb   Thumb Code     0  startup_stm32f10x_md.o(.text)
    CAN1_SCE_IRQHandler                      0x080001fb   Thumb Code     0  startup_stm32f10x_md.o(.text)
    DMA1_Channel1_IRQHandler                 0x080001fb   Thumb Code     0  startup_stm32f10x_md.o(.text)
    DMA1_Channel2_IRQHandler                 0x080001fb   Thumb Code     0  startup_stm32f10x_md.o(.text)
    DMA1_Channel3_IRQHandler                 0x080001fb   Thumb Code     0  startup_stm32f10x_md.o(.text)
    DMA1_Channel4_IRQHandler                 0x080001fb   Thumb Code     0  startup_stm32f10x_md.o(.text)
    DMA1_Channel5_IRQHandler                 0x080001fb   Thumb Code     0  startup_stm32f10x_md.o(.text)
    DMA1_Channel6_IRQHandler                 0x080001fb   Thumb Code     0  startup_stm32f10x_md.o(.text)
    DMA1_Channel7_IRQHandler                 0x080001fb   Thumb Code     0  startup_stm32f10x_md.o(.text)
    EXTI0_IRQHandler                         0x080001fb   Thumb Code     0  startup_stm32f10x_md.o(.text)
    EXTI15_10_IRQHandler                     0x080001fb   Thumb Code     0  startup_stm32f10x_md.o(.text)
    EXTI1_IRQHandler                         0x080001fb   Thumb Code     0  startup_stm32f10x_md.o(.text)
    EXTI2_IRQHandler                         0x080001fb   Thumb Code     0  startup_stm32f10x_md.o(.text)
    EXTI3_IRQHandler                         0x080001fb   Thumb Code     0  startup_stm32f10x_md.o(.text)
    EXTI4_IRQHandler                         0x080001fb   Thumb Code     0  startup_stm32f10x_md.o(.text)
    EXTI9_5_IRQHandler                       0x080001fb   Thumb Code     0  startup_stm32f10x_md.o(.text)
    FLASH_IRQHandler                         0x080001fb   Thumb Code     0  startup_stm32f10x_md.o(.text)
    I2C1_ER_IRQHandler                       0x080001fb   Thumb Code     0  startup_stm32f10x_md.o(.text)
    I2C1_EV_IRQHandler                       0x080001fb   Thumb Code     0  startup_stm32f10x_md.o(.text)
    I2C2_ER_IRQHandler                       0x080001fb   Thumb Code     0  startup_stm32f10x_md.o(.text)
    I2C2_EV_IRQHandler                       0x080001fb   Thumb Code     0  startup_stm32f10x_md.o(.text)
    PVD_IRQHandler                           0x080001fb   Thumb Code     0  startup_stm32f10x_md.o(.text)
    RCC_IRQHandler                           0x080001fb   Thumb Code     0  startup_stm32f10x_md.o(.text)
    RTCAlarm_IRQHandler                      0x080001fb   Thumb Code     0  startup_stm32f10x_md.o(.text)
    RTC_IRQHandler                           0x080001fb   Thumb Code     0  startup_stm32f10x_md.o(.text)
    SPI1_IRQHandler                          0x080001fb   Thumb Code     0  startup_stm32f10x_md.o(.text)
    SPI2_IRQHandler                          0x080001fb   Thumb Code     0  startup_stm32f10x_md.o(.text)
    TAMPER_IRQHandler                        0x080001fb   Thumb Code     0  startup_stm32f10x_md.o(.text)
    TIM1_BRK_IRQHandler                      0x080001fb   Thumb Code     0  startup_stm32f10x_md.o(.text)
    TIM1_CC_IRQHandler                       0x080001fb   Thumb Code     0  startup_stm32f10x_md.o(.text)
    TIM1_TRG_COM_IRQHandler                  0x080001fb   Thumb Code     0  startup_stm32f10x_md.o(.text)
    TIM1_UP_IRQHandler                       0x080001fb   Thumb Code     0  startup_stm32f10x_md.o(.text)
    TIM2_IRQHandler                          0x080001fb   Thumb Code     0  startup_stm32f10x_md.o(.text)
    TIM3_IRQHandler                          0x080001fb   Thumb Code     0  startup_stm32f10x_md.o(.text)
    TIM4_IRQHandler                          0x080001fb   Thumb Code     0  startup_stm32f10x_md.o(.text)
    USART1_IRQHandler                        0x080001fb   Thumb Code     0  startup_stm32f10x_md.o(.text)
    USART2_IRQHandler                        0x080001fb   Thumb Code     0  startup_stm32f10x_md.o(.text)
    USART3_IRQHandler                        0x080001fb   Thumb Code     0  startup_stm32f10x_md.o(.text)
    USBWakeUp_IRQHandler                     0x080001fb   Thumb Code     0  startup_stm32f10x_md.o(.text)
    USB_HP_CAN1_TX_IRQHandler                0x080001fb   Thumb Code     0  startup_stm32f10x_md.o(.text)
    USB_LP_CAN1_RX0_IRQHandler               0x080001fb   Thumb Code     0  startup_stm32f10x_md.o(.text)
    WWDG_IRQHandler                          0x080001fb   Thumb Code     0  startup_stm32f10x_md.o(.text)
    __user_initial_stackheap                 0x080001fd   Thumb Code     0  startup_stm32f10x_md.o(.text)
    __2sprintf                               0x08000221   Thumb Code    34  noretval__2sprintf.o(.text)
    __printf                                 0x08000249   Thumb Code   352  __printf_ss_wp.o(.text)
    strlen                                   0x080003a9   Thumb Code    62  strlen.o(.text)
    __use_two_region_memory                  0x080003e7   Thumb Code     2  heapauxi.o(.text)
    __rt_heap_escrow$2region                 0x080003e9   Thumb Code     2  heapauxi.o(.text)
    __rt_heap_expand$2region                 0x080003eb   Thumb Code     2  heapauxi.o(.text)
    __lib_sel_fp_printf                      0x080003ed   Thumb Code     2  _printf_fp_dec.o(.text)
    _printf_fp_dec_real                      0x0800059f   Thumb Code   620  _printf_fp_dec.o(.text)
    _printf_char_common                      0x08000817   Thumb Code    32  _printf_char_common.o(.text)
    _sputc                                   0x0800083d   Thumb Code    10  _sputc.o(.text)
    __rt_locale                              0x08000849   Thumb Code     8  rt_locale_intlibspace.o(.text)
    _ll_udiv10                               0x08000851   Thumb Code   138  lludiv10.o(.text)
    _printf_fp_infnan                        0x080008dd   Thumb Code   112  _printf_fp_infnan.o(.text)
    _btod_etento                             0x0800095d   Thumb Code   224  bigflt0.o(.text)
    __user_libspace                          0x08000a41   Thumb Code     8  libspace.o(.text)
    __user_perproc_libspace                  0x08000a41   Thumb Code     0  libspace.o(.text)
    __user_perthread_libspace                0x08000a41   Thumb Code     0  libspace.o(.text)
    __user_setup_stackheap                   0x08000a49   Thumb Code    74  sys_stackheap_outer.o(.text)
    exit                                     0x08000a93   Thumb Code    18  exit.o(.text)
    strcmp                                   0x08000aa5   Thumb Code   128  strcmpv7m.o(.text)
    _sys_exit                                0x08000b25   Thumb Code     8  sys_exit.o(.text)
    __I$use$semihosting                      0x08000b31   Thumb Code     0  use_no_semi.o(.text)
    __use_no_semihosting_swi                 0x08000b31   Thumb Code     2  use_no_semi.o(.text)
    __semihosting_library_function           0x08000b33   Thumb Code     0  indicate_semi.o(.text)
    _btod_d2e                                0x08000b33   Thumb Code    62  btod.o(CL$$btod_d2e)
    _d2e_denorm_low                          0x08000b71   Thumb Code    70  btod.o(CL$$btod_d2e_denorm_low)
    _d2e_norm_op1                            0x08000bb7   Thumb Code    96  btod.o(CL$$btod_d2e_norm_op1)
    __btod_div_common                        0x08000c17   Thumb Code   696  btod.o(CL$$btod_div_common)
    _e2e                                     0x08000f4f   Thumb Code   220  btod.o(CL$$btod_e2e)
    _btod_ediv                               0x0800102b   Thumb Code    42  btod.o(CL$$btod_ediv)
    _btod_emul                               0x08001055   Thumb Code    42  btod.o(CL$$btod_emul)
    __btod_mult_common                       0x0800107f   Thumb Code   580  btod.o(CL$$btod_mult_common)
    ADC_Cmd                                  0x080012c3   Thumb Code    22  stm32f10x_adc.o(i.ADC_Cmd)
    ADC_DeInit                               0x080012d9   Thumb Code    78  stm32f10x_adc.o(i.ADC_DeInit)
    ADC_GetCalibrationStatus                 0x08001335   Thumb Code    20  stm32f10x_adc.o(i.ADC_GetCalibrationStatus)
    ADC_GetFlagStatus                        0x08001349   Thumb Code    18  stm32f10x_adc.o(i.ADC_GetFlagStatus)
    ADC_GetResetCalibrationStatus            0x0800135b   Thumb Code    20  stm32f10x_adc.o(i.ADC_GetResetCalibrationStatus)
    ADC_Init                                 0x08001371   Thumb Code    70  stm32f10x_adc.o(i.ADC_Init)
    ADC_RegularChannelConfig                 0x080013c1   Thumb Code   184  stm32f10x_adc.o(i.ADC_RegularChannelConfig)
    ADC_ResetCalibration                     0x08001479   Thumb Code    10  stm32f10x_adc.o(i.ADC_ResetCalibration)
    ADC_SoftwareStartConvCmd                 0x08001483   Thumb Code    22  stm32f10x_adc.o(i.ADC_SoftwareStartConvCmd)
    ADC_StartCalibration                     0x08001499   Thumb Code    10  stm32f10x_adc.o(i.ADC_StartCalibration)
    AdcKey_Init                              0x080014a3   Thumb Code    12  adckey.o(i.AdcKey_Init)
    Adc_Init                                 0x080014b1   Thumb Code   110  adckey.o(i.Adc_Init)
    BusFault_Handler                         0x08001525   Thumb Code     4  stm32f10x_it.o(i.BusFault_Handler)
    Clear_guangbiao                          0x08001529   Thumb Code    48  oled.o(i.Clear_guangbiao)
    DebugMon_Handler                         0x08001559   Thumb Code     2  stm32f10x_it.o(i.DebugMon_Handler)
    Driver_Init                              0x0800155d   Thumb Code   196  pwm.o(i.Driver_Init)
    GET_ADConverter                          0x0800162d   Thumb Code    46  adckey.o(i.GET_ADConverter)
    GPIO_Init                                0x08001661   Thumb Code   278  stm32f10x_gpio.o(i.GPIO_Init)
    GPIO_PinRemapConfig                      0x08001779   Thumb Code   138  stm32f10x_gpio.o(i.GPIO_PinRemapConfig)
    GPIO_ResetBits                           0x08001809   Thumb Code     4  stm32f10x_gpio.o(i.GPIO_ResetBits)
    GPIO_SetBits                             0x0800180d   Thumb Code     4  stm32f10x_gpio.o(i.GPIO_SetBits)
    GPIOinit                                 0x08001811   Thumb Code    38  adckey.o(i.GPIOinit)
    Go_Ahead                                 0x0800183d   Thumb Code    38  pwm.o(i.Go_Ahead)
    HardFault_Handler                        0x08001869   Thumb Code     4  stm32f10x_it.o(i.HardFault_Handler)
    MemManage_Handler                        0x0800186d   Thumb Code     4  stm32f10x_it.o(i.MemManage_Handler)
    NMI_Handler                              0x08001871   Thumb Code     2  stm32f10x_it.o(i.NMI_Handler)
    OLED_Clear                               0x08001875   Thumb Code    42  oled.o(i.OLED_Clear)
    OLED_ClearArea                           0x080018a5   Thumb Code    48  oled.o(i.OLED_ClearArea)
    OLED_ClearPoint                          0x080018d5   Thumb Code    90  oled.o(i.OLED_ClearPoint)
    OLED_ColorTurn                           0x08001935   Thumb Code    28  oled.o(i.OLED_ColorTurn)
    OLED_DisplayTurn                         0x08001951   Thumb Code    44  oled.o(i.OLED_DisplayTurn)
    OLED_DrawPoint                           0x0800197d   Thumb Code    54  oled.o(i.OLED_DrawPoint)
    OLED_Init                                0x080019b9   Thumb Code   356  oled.o(i.OLED_Init)
    OLED_Refresh                             0x08001b21   Thumb Code    70  oled.o(i.OLED_Refresh)
    OLED_ShowChar                            0x08001b6d   Thumb Code   240  oled.o(i.OLED_ShowChar)
    OLED_ShowChinese                         0x08001c69   Thumb Code   248  oled.o(i.OLED_ShowChinese)
    OLED_ShowString                          0x08001d71   Thumb Code    66  oled.o(i.OLED_ShowString)
    OLED_WR_Byte                             0x08001db5   Thumb Code   122  oled.o(i.OLED_WR_Byte)
    OpenBox                                  0x08001e35   Thumb Code     2  main.o(i.OpenBox)
    PEC_Calculation                          0x08001e37   Thumb Code   186  mlx90614.o(i.PEC_Calculation)
    PendSV_Handler                           0x08001ef1   Thumb Code     2  stm32f10x_it.o(i.PendSV_Handler)
    RCC_ADCCLKConfig                         0x08001ef5   Thumb Code    18  stm32f10x_rcc.o(i.RCC_ADCCLKConfig)
    RCC_APB1PeriphClockCmd                   0x08001f0d   Thumb Code    26  stm32f10x_rcc.o(i.RCC_APB1PeriphClockCmd)
    RCC_APB2PeriphClockCmd                   0x08001f2d   Thumb Code    26  stm32f10x_rcc.o(i.RCC_APB2PeriphClockCmd)
    RCC_APB2PeriphResetCmd                   0x08001f4d   Thumb Code    26  stm32f10x_rcc.o(i.RCC_APB2PeriphResetCmd)
    Read_Xunji                               0x08001f6d   Thumb Code    14  xunji.o(i.Read_Xunji)
    SET_PWM                                  0x08001f81   Thumb Code    12  pwm.o(i.SET_PWM)
    SMBus_Delay                              0x08001f91   Thumb Code    26  mlx90614.o(i.SMBus_Delay)
    SMBus_Init                               0x08001fad   Thumb Code    50  mlx90614.o(i.SMBus_Init)
    SMBus_ReadMemory                         0x08001fe5   Thumb Code   166  mlx90614.o(i.SMBus_ReadMemory)
    SMBus_ReadTemp                           0x0800208d   Thumb Code    54  mlx90614.o(i.SMBus_ReadTemp)
    SMBus_ReceiveBit                         0x080020d1   Thumb Code    62  mlx90614.o(i.SMBus_ReceiveBit)
    SMBus_ReceiveByte                        0x08002115   Thumb Code    50  mlx90614.o(i.SMBus_ReceiveByte)
    SMBus_SendBit                            0x08002149   Thumb Code    56  mlx90614.o(i.SMBus_SendBit)
    SMBus_SendByte                           0x08002185   Thumb Code    48  mlx90614.o(i.SMBus_SendByte)
    SMBus_StartBit                           0x080021b5   Thumb Code    56  mlx90614.o(i.SMBus_StartBit)
    SMBus_StopBit                            0x080021f1   Thumb Code    50  mlx90614.o(i.SMBus_StopBit)
    SVC_Handler                              0x08002229   Thumb Code     2  stm32f10x_it.o(i.SVC_Handler)
    Show_FirstScream                         0x08002315   Thumb Code   254  main.o(i.Show_FirstScream)
    Show_Num                                 0x08002425   Thumb Code   114  main.o(i.Show_Num)
    Show_SecondScream                        0x08002499   Thumb Code   812  main.o(i.Show_SecondScream)
    Show_guangbiao                           0x08002819   Thumb Code    48  oled.o(i.Show_guangbiao)
    Show_thirdscream                         0x08002849   Thumb Code   420  main.o(i.Show_thirdscream)
    Stop                                     0x080029f5   Thumb Code    30  pwm.o(i.Stop)
    SysTick_CLKSourceConfig                  0x08002a19   Thumb Code    40  misc.o(i.SysTick_CLKSourceConfig)
    SysTick_Handler                          0x08002a41   Thumb Code     2  stm32f10x_it.o(i.SysTick_Handler)
    SystemInit                               0x08002a45   Thumb Code    78  system_stm32f10x.o(i.SystemInit)
    TIM_ARRPreloadConfig                     0x08002aa5   Thumb Code    24  stm32f10x_tim.o(i.TIM_ARRPreloadConfig)
    TIM_Cmd                                  0x08002abd   Thumb Code    24  stm32f10x_tim.o(i.TIM_Cmd)
    TIM_CtrlPWMOutputs                       0x08002ad5   Thumb Code    30  stm32f10x_tim.o(i.TIM_CtrlPWMOutputs)
    TIM_OC1Init                              0x08002af5   Thumb Code   132  stm32f10x_tim.o(i.TIM_OC1Init)
    TIM_OC4Init                              0x08002b8d   Thumb Code   114  stm32f10x_tim.o(i.TIM_OC4Init)
    TIM_TimeBaseInit                         0x08002c09   Thumb Code   122  stm32f10x_tim.o(i.TIM_TimeBaseInit)
    Turn_Left                                0x08002cad   Thumb Code    38  pwm.o(i.Turn_Left)
    UsageFault_Handler                       0x08002cd9   Thumb Code     4  stm32f10x_it.o(i.UsageFault_Handler)
    VerifyPassword                           0x08002cdd   Thumb Code    70  main.o(i.VerifyPassword)
    Xunji_Init                               0x08002d29   Thumb Code    56  xunji.o(i.Xunji_Init)
    __ARM_fpclassify                         0x08002d65   Thumb Code    40  fpclassify.o(i.__ARM_fpclassify)
    _is_digit                                0x08002d8d   Thumb Code    14  __printf_wp.o(i._is_digit)
    delay_init                               0x08002d9d   Thumb Code    52  delay.o(i.delay_init)
    delay_ms                                 0x08002dd9   Thumb Code    72  delay.o(i.delay_ms)
    main                                     0x08002e25   Thumb Code    74  main.o(i.main)
    run                                      0x08002e75   Thumb Code   224  main.o(i.run)
    zhuanxiang                               0x08002f5d   Thumb Code    32  pwm.o(i.zhuanxiang)
    _get_lc_numeric                          0x08002f7d   Thumb Code    44  lc_numeric_c.o(locale$$code)
    __aeabi_d2f                              0x08002fa9   Thumb Code     0  d2f.o(x$fpl$d2f)
    _d2f                                     0x08002fa9   Thumb Code    98  d2f.o(x$fpl$d2f)
    __aeabi_dadd                             0x0800300d   Thumb Code     0  daddsub_clz.o(x$fpl$dadd)
    _dadd                                    0x0800300d   Thumb Code   332  daddsub_clz.o(x$fpl$dadd)
    __fpl_dcmp_Inf                           0x0800315d   Thumb Code    24  dcmpi.o(x$fpl$dcmpinf)
    __aeabi_ui2d                             0x08003175   Thumb Code     0  dflt_clz.o(x$fpl$dfltu)
    _dfltu                                   0x08003175   Thumb Code    38  dflt_clz.o(x$fpl$dfltu)
    __aeabi_cdcmple                          0x0800319d   Thumb Code     0  dleqf.o(x$fpl$dleqf)
    _dcmple                                  0x0800319d   Thumb Code   120  dleqf.o(x$fpl$dleqf)
    __fpl_dcmple_InfNaN                      0x080031ff   Thumb Code     0  dleqf.o(x$fpl$dleqf)
    __aeabi_dmul                             0x08003215   Thumb Code     0  dmul.o(x$fpl$dmul)
    _dmul                                    0x08003215   Thumb Code   332  dmul.o(x$fpl$dmul)
    __fpl_dnaninf                            0x08003369   Thumb Code   156  dnaninf.o(x$fpl$dnaninf)
    __fpl_dretinf                            0x08003405   Thumb Code    12  dretinf.o(x$fpl$dretinf)
    __aeabi_cdrcmple                         0x08003411   Thumb Code     0  drleqf.o(x$fpl$drleqf)
    _drcmple                                 0x08003411   Thumb Code   108  drleqf.o(x$fpl$drleqf)
    __aeabi_dsub                             0x0800347d   Thumb Code     0  daddsub_clz.o(x$fpl$dsub)
    _dsub                                    0x0800347d   Thumb Code   464  daddsub_clz.o(x$fpl$dsub)
    __aeabi_f2d                              0x08003651   Thumb Code     0  f2d.o(x$fpl$f2d)
    _f2d                                     0x08003651   Thumb Code    86  f2d.o(x$fpl$f2d)
    __fpl_fnaninf                            0x080036a7   Thumb Code   140  fnaninf.o(x$fpl$fnaninf)
    __fpl_fretinf                            0x08003733   Thumb Code    10  fretinf.o(x$fpl$fretinf)
    _printf_fp_dec                           0x0800373d   Thumb Code     4  printf1.o(x$fpl$printf1)
    __I$use$fp                               0x08003740   Number         0  usenofp.o(x$fpl$usenofp)
    asc2_1206                                0x08003740   Data        1140  oled.o(.constdata)
    asc2_1608                                0x08003bb4   Data        1520  oled.o(.constdata)
    asc2_2412                                0x080041a4   Data        3420  oled.o(.constdata)
    Region$$Table$$Base                      0x08004f94   Number         0  anon$$obj.o(Region$$Table)
    Region$$Table$$Limit                     0x08004fb4   Number         0  anon$$obj.o(Region$$Table)
    last_state                               0x20000000   Data           1  main.o(.data)
    car_tmp                                  0x20000001   Data           1  main.o(.data)
    adc_num                                  0x20000002   Data           2  main.o(.data)
    temp                                     0x20000008   Data           4  main.o(.data)
    mima                                     0x2000000c   Data           5  main.o(.data)
    Hzk1                                     0x20000016   Data         640  oled.o(.data)
    Hzk2                                     0x20000296   Data         216  oled.o(.data)
    Hzk3                                     0x2000036e   Data         512  oled.o(.data)
    Hzk4                                     0x2000056e   Data        4096  oled.o(.data)
    OLED_GRAM                                0x20001570   Data        1152  oled.o(.bss)
    __libspace_start                         0x200019f0   Data          96  libspace.o(.bss)
    __temporary_stack_top$libspace           0x20001a50   Data           0  libspace.o(.bss)



==============================================================================

Memory Map of the image

  Image Entry point : 0x080000ed

  Load Region LR_IROM1 (Base: 0x08000000, Size: 0x00006540, Max: 0x00010000, ABSOLUTE, COMPRESSED[0x00005284])

    Execution Region ER_IROM1 (Exec base: 0x08000000, Load base: 0x08000000, Size: 0x00004fd0, Max: 0x00010000, ABSOLUTE)

    Exec Addr    Load Addr    Size         Type   Attr      Idx    E Section Name        Object

    0x08000000   0x08000000   0x000000ec   Data   RO         1455    RESET               startup_stm32f10x_md.o
    0x080000ec   0x080000ec   0x00000008   Code   RO         2044  * !!!main             c_w.l(__main.o)
    0x080000f4   0x080000f4   0x00000034   Code   RO         2290    !!!scatter          c_w.l(__scatter.o)
    0x08000128   0x08000128   0x0000005a   Code   RO         2288    !!dczerorl2         c_w.l(__dczerorl2.o)
    0x08000182   0x08000182   0x00000002   PAD
    0x08000184   0x08000184   0x0000001c   Code   RO         2292    !!handler_zi        c_w.l(__scatter_zi.o)
    0x080001a0   0x080001a0   0x00000000   Code   RO         2039    .ARM.Collect$$_printf_percent$$00000000  c_w.l(_printf_percent.o)
    0x080001a0   0x080001a0   0x00000006   Code   RO         2038    .ARM.Collect$$_printf_percent$$00000003  c_w.l(_printf_f.o)
    0x080001a6   0x080001a6   0x00000004   Code   RO         2077    .ARM.Collect$$_printf_percent$$00000017  c_w.l(_printf_percent_end.o)
    0x080001aa   0x080001aa   0x00000002   Code   RO         2161    .ARM.Collect$$libinit$$00000000  c_w.l(libinit.o)
    0x080001ac   0x080001ac   0x00000000   Code   RO         2163    .ARM.Collect$$libinit$$00000002  c_w.l(libinit2.o)
    0x080001ac   0x080001ac   0x00000000   Code   RO         2165    .ARM.Collect$$libinit$$00000004  c_w.l(libinit2.o)
    0x080001ac   0x080001ac   0x00000000   Code   RO         2168    .ARM.Collect$$libinit$$0000000A  c_w.l(libinit2.o)
    0x080001ac   0x080001ac   0x00000000   Code   RO         2170    .ARM.Collect$$libinit$$0000000C  c_w.l(libinit2.o)
    0x080001ac   0x080001ac   0x00000000   Code   RO         2172    .ARM.Collect$$libinit$$0000000E  c_w.l(libinit2.o)
    0x080001ac   0x080001ac   0x00000006   Code   RO         2173    .ARM.Collect$$libinit$$0000000F  c_w.l(libinit2.o)
    0x080001b2   0x080001b2   0x00000000   Code   RO         2175    .ARM.Collect$$libinit$$00000011  c_w.l(libinit2.o)
    0x080001b2   0x080001b2   0x00000000   Code   RO         2177    .ARM.Collect$$libinit$$00000013  c_w.l(libinit2.o)
    0x080001b2   0x080001b2   0x00000000   Code   RO         2179    .ARM.Collect$$libinit$$00000015  c_w.l(libinit2.o)
    0x080001b2   0x080001b2   0x0000000a   Code   RO         2180    .ARM.Collect$$libinit$$00000016  c_w.l(libinit2.o)
    0x080001bc   0x080001bc   0x00000000   Code   RO         2181    .ARM.Collect$$libinit$$00000017  c_w.l(libinit2.o)
    0x080001bc   0x080001bc   0x00000000   Code   RO         2183    .ARM.Collect$$libinit$$00000019  c_w.l(libinit2.o)
    0x080001bc   0x080001bc   0x00000000   Code   RO         2185    .ARM.Collect$$libinit$$0000001B  c_w.l(libinit2.o)
    0x080001bc   0x080001bc   0x00000000   Code   RO         2187    .ARM.Collect$$libinit$$0000001D  c_w.l(libinit2.o)
    0x080001bc   0x080001bc   0x00000000   Code   RO         2189    .ARM.Collect$$libinit$$0000001F  c_w.l(libinit2.o)
    0x080001bc   0x080001bc   0x00000000   Code   RO         2191    .ARM.Collect$$libinit$$00000021  c_w.l(libinit2.o)
    0x080001bc   0x080001bc   0x00000000   Code   RO         2193    .ARM.Collect$$libinit$$00000023  c_w.l(libinit2.o)
    0x080001bc   0x080001bc   0x00000000   Code   RO         2195    .ARM.Collect$$libinit$$00000025  c_w.l(libinit2.o)
    0x080001bc   0x080001bc   0x00000000   Code   RO         2199    .ARM.Collect$$libinit$$0000002C  c_w.l(libinit2.o)
    0x080001bc   0x080001bc   0x00000000   Code   RO         2201    .ARM.Collect$$libinit$$0000002E  c_w.l(libinit2.o)
    0x080001bc   0x080001bc   0x00000000   Code   RO         2203    .ARM.Collect$$libinit$$00000030  c_w.l(libinit2.o)
    0x080001bc   0x080001bc   0x00000000   Code   RO         2205    .ARM.Collect$$libinit$$00000032  c_w.l(libinit2.o)
    0x080001bc   0x080001bc   0x00000002   Code   RO         2206    .ARM.Collect$$libinit$$00000033  c_w.l(libinit2.o)
    0x080001be   0x080001be   0x00000002   Code   RO         2236    .ARM.Collect$$libshutdown$$00000000  c_w.l(libshutdown.o)
    0x080001c0   0x080001c0   0x00000000   Code   RO         2247    .ARM.Collect$$libshutdown$$00000002  c_w.l(libshutdown2.o)
    0x080001c0   0x080001c0   0x00000000   Code   RO         2249    .ARM.Collect$$libshutdown$$00000004  c_w.l(libshutdown2.o)
    0x080001c0   0x080001c0   0x00000000   Code   RO         2252    .ARM.Collect$$libshutdown$$00000007  c_w.l(libshutdown2.o)
    0x080001c0   0x080001c0   0x00000000   Code   RO         2255    .ARM.Collect$$libshutdown$$0000000A  c_w.l(libshutdown2.o)
    0x080001c0   0x080001c0   0x00000000   Code   RO         2257    .ARM.Collect$$libshutdown$$0000000C  c_w.l(libshutdown2.o)
    0x080001c0   0x080001c0   0x00000000   Code   RO         2260    .ARM.Collect$$libshutdown$$0000000F  c_w.l(libshutdown2.o)
    0x080001c0   0x080001c0   0x00000002   Code   RO         2261    .ARM.Collect$$libshutdown$$00000010  c_w.l(libshutdown2.o)
    0x080001c2   0x080001c2   0x00000000   Code   RO         2070    .ARM.Collect$$rtentry$$00000000  c_w.l(__rtentry.o)
    0x080001c2   0x080001c2   0x00000000   Code   RO         2090    .ARM.Collect$$rtentry$$00000002  c_w.l(__rtentry2.o)
    0x080001c2   0x080001c2   0x00000006   Code   RO         2102    .ARM.Collect$$rtentry$$00000004  c_w.l(__rtentry4.o)
    0x080001c8   0x080001c8   0x00000000   Code   RO         2092    .ARM.Collect$$rtentry$$00000009  c_w.l(__rtentry2.o)
    0x080001c8   0x080001c8   0x00000004   Code   RO         2093    .ARM.Collect$$rtentry$$0000000A  c_w.l(__rtentry2.o)
    0x080001cc   0x080001cc   0x00000000   Code   RO         2095    .ARM.Collect$$rtentry$$0000000C  c_w.l(__rtentry2.o)
    0x080001cc   0x080001cc   0x00000008   Code   RO         2096    .ARM.Collect$$rtentry$$0000000D  c_w.l(__rtentry2.o)
    0x080001d4   0x080001d4   0x00000002   Code   RO         2207    .ARM.Collect$$rtexit$$00000000  c_w.l(rtexit.o)
    0x080001d6   0x080001d6   0x00000000   Code   RO         2214    .ARM.Collect$$rtexit$$00000002  c_w.l(rtexit2.o)
    0x080001d6   0x080001d6   0x00000004   Code   RO         2215    .ARM.Collect$$rtexit$$00000003  c_w.l(rtexit2.o)
    0x080001da   0x080001da   0x00000006   Code   RO         2216    .ARM.Collect$$rtexit$$00000004  c_w.l(rtexit2.o)
    0x080001e0   0x080001e0   0x00000040   Code   RO         1456    .text               startup_stm32f10x_md.o
    0x08000220   0x08000220   0x00000028   Code   RO         2014    .text               c_w.l(noretval__2sprintf.o)
    0x08000248   0x08000248   0x00000160   Code   RO         2033    .text               c_w.l(__printf_ss_wp.o)
    0x080003a8   0x080003a8   0x0000003e   Code   RO         2040    .text               c_w.l(strlen.o)
    0x080003e6   0x080003e6   0x00000006   Code   RO         2042    .text               c_w.l(heapauxi.o)
    0x080003ec   0x080003ec   0x0000041e   Code   RO         2071    .text               c_w.l(_printf_fp_dec.o)
    0x0800080a   0x0800080a   0x00000002   PAD
    0x0800080c   0x0800080c   0x00000030   Code   RO         2073    .text               c_w.l(_printf_char_common.o)
    0x0800083c   0x0800083c   0x0000000a   Code   RO         2075    .text               c_w.l(_sputc.o)
    0x08000846   0x08000846   0x00000002   PAD
    0x08000848   0x08000848   0x00000008   Code   RO         2107    .text               c_w.l(rt_locale_intlibspace.o)
    0x08000850   0x08000850   0x0000008a   Code   RO         2109    .text               c_w.l(lludiv10.o)
    0x080008da   0x080008da   0x00000002   PAD
    0x080008dc   0x080008dc   0x00000080   Code   RO         2111    .text               c_w.l(_printf_fp_infnan.o)
    0x0800095c   0x0800095c   0x000000e4   Code   RO         2115    .text               c_w.l(bigflt0.o)
    0x08000a40   0x08000a40   0x00000008   Code   RO         2147    .text               c_w.l(libspace.o)
    0x08000a48   0x08000a48   0x0000004a   Code   RO         2150    .text               c_w.l(sys_stackheap_outer.o)
    0x08000a92   0x08000a92   0x00000012   Code   RO         2152    .text               c_w.l(exit.o)
    0x08000aa4   0x08000aa4   0x00000080   Code   RO         2154    .text               c_w.l(strcmpv7m.o)
    0x08000b24   0x08000b24   0x0000000c   Code   RO         2226    .text               c_w.l(sys_exit.o)
    0x08000b30   0x08000b30   0x00000002   Code   RO         2237    .text               c_w.l(use_no_semi.o)
    0x08000b32   0x08000b32   0x00000000   Code   RO         2239    .text               c_w.l(indicate_semi.o)
    0x08000b32   0x08000b32   0x0000003e   Code   RO         2118    CL$$btod_d2e        c_w.l(btod.o)
    0x08000b70   0x08000b70   0x00000046   Code   RO         2120    CL$$btod_d2e_denorm_low  c_w.l(btod.o)
    0x08000bb6   0x08000bb6   0x00000060   Code   RO         2119    CL$$btod_d2e_norm_op1  c_w.l(btod.o)
    0x08000c16   0x08000c16   0x00000338   Code   RO         2128    CL$$btod_div_common  c_w.l(btod.o)
    0x08000f4e   0x08000f4e   0x000000dc   Code   RO         2125    CL$$btod_e2e        c_w.l(btod.o)
    0x0800102a   0x0800102a   0x0000002a   Code   RO         2122    CL$$btod_ediv       c_w.l(btod.o)
    0x08001054   0x08001054   0x0000002a   Code   RO         2121    CL$$btod_emul       c_w.l(btod.o)
    0x0800107e   0x0800107e   0x00000244   Code   RO         2127    CL$$btod_mult_common  c_w.l(btod.o)
    0x080012c2   0x080012c2   0x00000016   Code   RO         1173    i.ADC_Cmd           stm32f10x_adc.o
    0x080012d8   0x080012d8   0x0000005c   Code   RO         1175    i.ADC_DeInit        stm32f10x_adc.o
    0x08001334   0x08001334   0x00000014   Code   RO         1181    i.ADC_GetCalibrationStatus  stm32f10x_adc.o
    0x08001348   0x08001348   0x00000012   Code   RO         1184    i.ADC_GetFlagStatus  stm32f10x_adc.o
    0x0800135a   0x0800135a   0x00000014   Code   RO         1187    i.ADC_GetResetCalibrationStatus  stm32f10x_adc.o
    0x0800136e   0x0800136e   0x00000002   PAD
    0x08001370   0x08001370   0x00000050   Code   RO         1191    i.ADC_Init          stm32f10x_adc.o
    0x080013c0   0x080013c0   0x000000b8   Code   RO         1195    i.ADC_RegularChannelConfig  stm32f10x_adc.o
    0x08001478   0x08001478   0x0000000a   Code   RO         1196    i.ADC_ResetCalibration  stm32f10x_adc.o
    0x08001482   0x08001482   0x00000016   Code   RO         1198    i.ADC_SoftwareStartConvCmd  stm32f10x_adc.o
    0x08001498   0x08001498   0x0000000a   Code   RO         1200    i.ADC_StartCalibration  stm32f10x_adc.o
    0x080014a2   0x080014a2   0x0000000c   Code   RO         1962    i.AdcKey_Init       adckey.o
    0x080014ae   0x080014ae   0x00000002   PAD
    0x080014b0   0x080014b0   0x00000074   Code   RO         1963    i.Adc_Init          adckey.o
    0x08001524   0x08001524   0x00000004   Code   RO         1547    i.BusFault_Handler  stm32f10x_it.o
    0x08001528   0x08001528   0x00000030   Code   RO         1804    i.Clear_guangbiao   oled.o
    0x08001558   0x08001558   0x00000002   Code   RO         1548    i.DebugMon_Handler  stm32f10x_it.o
    0x0800155a   0x0800155a   0x00000002   PAD
    0x0800155c   0x0800155c   0x000000d0   Code   RO         1642    i.Driver_Init       pwm.o
    0x0800162c   0x0800162c   0x00000034   Code   RO         1964    i.GET_ADConverter   adckey.o
    0x08001660   0x08001660   0x00000116   Code   RO          131    i.GPIO_Init         stm32f10x_gpio.o
    0x08001776   0x08001776   0x00000002   PAD
    0x08001778   0x08001778   0x00000090   Code   RO          133    i.GPIO_PinRemapConfig  stm32f10x_gpio.o
    0x08001808   0x08001808   0x00000004   Code   RO          138    i.GPIO_ResetBits    stm32f10x_gpio.o
    0x0800180c   0x0800180c   0x00000004   Code   RO          139    i.GPIO_SetBits      stm32f10x_gpio.o
    0x08001810   0x08001810   0x0000002c   Code   RO         1965    i.GPIOinit          adckey.o
    0x0800183c   0x0800183c   0x0000002c   Code   RO         1643    i.Go_Ahead          pwm.o
    0x08001868   0x08001868   0x00000004   Code   RO         1549    i.HardFault_Handler  stm32f10x_it.o
    0x0800186c   0x0800186c   0x00000004   Code   RO         1550    i.MemManage_Handler  stm32f10x_it.o
    0x08001870   0x08001870   0x00000002   Code   RO         1551    i.NMI_Handler       stm32f10x_it.o
    0x08001872   0x08001872   0x00000002   PAD
    0x08001874   0x08001874   0x00000030   Code   RO         1805    i.OLED_Clear        oled.o
    0x080018a4   0x080018a4   0x00000030   Code   RO         1806    i.OLED_ClearArea    oled.o
    0x080018d4   0x080018d4   0x00000060   Code   RO         1807    i.OLED_ClearPoint   oled.o
    0x08001934   0x08001934   0x0000001c   Code   RO         1808    i.OLED_ColorTurn    oled.o
    0x08001950   0x08001950   0x0000002c   Code   RO         1811    i.OLED_DisplayTurn  oled.o
    0x0800197c   0x0800197c   0x0000003c   Code   RO         1814    i.OLED_DrawPoint    oled.o
    0x080019b8   0x080019b8   0x00000168   Code   RO         1815    i.OLED_Init         oled.o
    0x08001b20   0x08001b20   0x0000004c   Code   RO         1817    i.OLED_Refresh      oled.o
    0x08001b6c   0x08001b6c   0x000000fc   Code   RO         1819    i.OLED_ShowChar     oled.o
    0x08001c68   0x08001c68   0x00000108   Code   RO         1820    i.OLED_ShowChinese  oled.o
    0x08001d70   0x08001d70   0x00000042   Code   RO         1823    i.OLED_ShowString   oled.o
    0x08001db2   0x08001db2   0x00000002   PAD
    0x08001db4   0x08001db4   0x00000080   Code   RO         1825    i.OLED_WR_Byte      oled.o
    0x08001e34   0x08001e34   0x00000002   Code   RO         1460    i.OpenBox           main.o
    0x08001e36   0x08001e36   0x000000ba   Code   RO         1729    i.PEC_Calculation   mlx90614.o
    0x08001ef0   0x08001ef0   0x00000002   Code   RO         1552    i.PendSV_Handler    stm32f10x_it.o
    0x08001ef2   0x08001ef2   0x00000002   PAD
    0x08001ef4   0x08001ef4   0x00000018   Code   RO          239    i.RCC_ADCCLKConfig  stm32f10x_rcc.o
    0x08001f0c   0x08001f0c   0x00000020   Code   RO          241    i.RCC_APB1PeriphClockCmd  stm32f10x_rcc.o
    0x08001f2c   0x08001f2c   0x00000020   Code   RO          243    i.RCC_APB2PeriphClockCmd  stm32f10x_rcc.o
    0x08001f4c   0x08001f4c   0x00000020   Code   RO          244    i.RCC_APB2PeriphResetCmd  stm32f10x_rcc.o
    0x08001f6c   0x08001f6c   0x00000014   Code   RO         1708    i.Read_Xunji        xunji.o
    0x08001f80   0x08001f80   0x00000010   Code   RO         1644    i.SET_PWM           pwm.o
    0x08001f90   0x08001f90   0x0000001a   Code   RO         1730    i.SMBus_Delay       mlx90614.o
    0x08001faa   0x08001faa   0x00000002   PAD
    0x08001fac   0x08001fac   0x00000038   Code   RO         1731    i.SMBus_Init        mlx90614.o
    0x08001fe4   0x08001fe4   0x000000a6   Code   RO         1732    i.SMBus_ReadMemory  mlx90614.o
    0x0800208a   0x0800208a   0x00000002   PAD
    0x0800208c   0x0800208c   0x00000044   Code   RO         1733    i.SMBus_ReadTemp    mlx90614.o
    0x080020d0   0x080020d0   0x00000044   Code   RO         1734    i.SMBus_ReceiveBit  mlx90614.o
    0x08002114   0x08002114   0x00000032   Code   RO         1735    i.SMBus_ReceiveByte  mlx90614.o
    0x08002146   0x08002146   0x00000002   PAD
    0x08002148   0x08002148   0x0000003c   Code   RO         1736    i.SMBus_SendBit     mlx90614.o
    0x08002184   0x08002184   0x00000030   Code   RO         1737    i.SMBus_SendByte    mlx90614.o
    0x080021b4   0x080021b4   0x0000003c   Code   RO         1738    i.SMBus_StartBit    mlx90614.o
    0x080021f0   0x080021f0   0x00000038   Code   RO         1739    i.SMBus_StopBit     mlx90614.o
    0x08002228   0x08002228   0x00000002   Code   RO         1553    i.SVC_Handler       stm32f10x_it.o
    0x0800222a   0x0800222a   0x00000008   Code   RO         1400    i.SetSysClock       system_stm32f10x.o
    0x08002232   0x08002232   0x00000002   PAD
    0x08002234   0x08002234   0x000000e0   Code   RO         1401    i.SetSysClockTo72   system_stm32f10x.o
    0x08002314   0x08002314   0x00000110   Code   RO         1461    i.Show_FirstScream  main.o
    0x08002424   0x08002424   0x00000072   Code   RO         1462    i.Show_Num          main.o
    0x08002496   0x08002496   0x00000002   PAD
    0x08002498   0x08002498   0x00000380   Code   RO         1463    i.Show_SecondScream  main.o
    0x08002818   0x08002818   0x00000030   Code   RO         1826    i.Show_guangbiao    oled.o
    0x08002848   0x08002848   0x000001ac   Code   RO         1464    i.Show_thirdscream  main.o
    0x080029f4   0x080029f4   0x00000024   Code   RO         1645    i.Stop              pwm.o
    0x08002a18   0x08002a18   0x00000028   Code   RO            5    i.SysTick_CLKSourceConfig  misc.o
    0x08002a40   0x08002a40   0x00000002   Code   RO         1554    i.SysTick_Handler   stm32f10x_it.o
    0x08002a42   0x08002a42   0x00000002   PAD
    0x08002a44   0x08002a44   0x00000060   Code   RO         1403    i.SystemInit        system_stm32f10x.o
    0x08002aa4   0x08002aa4   0x00000018   Code   RO          623    i.TIM_ARRPreloadConfig  stm32f10x_tim.o
    0x08002abc   0x08002abc   0x00000018   Code   RO          635    i.TIM_Cmd           stm32f10x_tim.o
    0x08002ad4   0x08002ad4   0x0000001e   Code   RO          637    i.TIM_CtrlPWMOutputs  stm32f10x_tim.o
    0x08002af2   0x08002af2   0x00000002   PAD
    0x08002af4   0x08002af4   0x00000098   Code   RO          664    i.TIM_OC1Init       stm32f10x_tim.o
    0x08002b8c   0x08002b8c   0x0000007c   Code   RO          679    i.TIM_OC4Init       stm32f10x_tim.o
    0x08002c08   0x08002c08   0x000000a4   Code   RO          706    i.TIM_TimeBaseInit  stm32f10x_tim.o
    0x08002cac   0x08002cac   0x0000002c   Code   RO         1646    i.Turn_Left         pwm.o
    0x08002cd8   0x08002cd8   0x00000004   Code   RO         1555    i.UsageFault_Handler  stm32f10x_it.o
    0x08002cdc   0x08002cdc   0x0000004c   Code   RO         1465    i.VerifyPassword    main.o
    0x08002d28   0x08002d28   0x0000003c   Code   RO         1709    i.Xunji_Init        xunji.o
    0x08002d64   0x08002d64   0x00000028   Code   RO         2145    i.__ARM_fpclassify  m_ws.l(fpclassify.o)
    0x08002d8c   0x08002d8c   0x0000000e   Code   RO         2028    i._is_digit         c_w.l(__printf_wp.o)
    0x08002d9a   0x08002d9a   0x00000002   PAD
    0x08002d9c   0x08002d9c   0x0000003c   Code   RO         1610    i.delay_init        delay.o
    0x08002dd8   0x08002dd8   0x0000004c   Code   RO         1611    i.delay_ms          delay.o
    0x08002e24   0x08002e24   0x00000050   Code   RO         1466    i.main              main.o
    0x08002e74   0x08002e74   0x000000e8   Code   RO         1467    i.run               main.o
    0x08002f5c   0x08002f5c   0x00000020   Code   RO         1648    i.zhuanxiang        pwm.o
    0x08002f7c   0x08002f7c   0x0000002c   Code   RO         2141    locale$$code        c_w.l(lc_numeric_c.o)
    0x08002fa8   0x08002fa8   0x00000062   Code   RO         2046    x$fpl$d2f           fz_ws.l(d2f.o)
    0x0800300a   0x0800300a   0x00000002   PAD
    0x0800300c   0x0800300c   0x00000150   Code   RO         2048    x$fpl$dadd          fz_ws.l(daddsub_clz.o)
    0x0800315c   0x0800315c   0x00000018   Code   RO         2078    x$fpl$dcmpinf       fz_ws.l(dcmpi.o)
    0x08003174   0x08003174   0x00000026   Code   RO         2054    x$fpl$dfltu         fz_ws.l(dflt_clz.o)
    0x0800319a   0x0800319a   0x00000002   PAD
    0x0800319c   0x0800319c   0x00000078   Code   RO         2060    x$fpl$dleqf         fz_ws.l(dleqf.o)
    0x08003214   0x08003214   0x00000154   Code   RO         2062    x$fpl$dmul          fz_ws.l(dmul.o)
    0x08003368   0x08003368   0x0000009c   Code   RO         2080    x$fpl$dnaninf       fz_ws.l(dnaninf.o)
    0x08003404   0x08003404   0x0000000c   Code   RO         2082    x$fpl$dretinf       fz_ws.l(dretinf.o)
    0x08003410   0x08003410   0x0000006c   Code   RO         2064    x$fpl$drleqf        fz_ws.l(drleqf.o)
    0x0800347c   0x0800347c   0x000001d4   Code   RO         2050    x$fpl$dsub          fz_ws.l(daddsub_clz.o)
    0x08003650   0x08003650   0x00000056   Code   RO         2066    x$fpl$f2d           fz_ws.l(f2d.o)
    0x080036a6   0x080036a6   0x0000008c   Code   RO         2084    x$fpl$fnaninf       fz_ws.l(fnaninf.o)
    0x08003732   0x08003732   0x0000000a   Code   RO         2086    x$fpl$fretinf       fz_ws.l(fretinf.o)
    0x0800373c   0x0800373c   0x00000004   Code   RO         2068    x$fpl$printf1       fz_ws.l(printf1.o)
    0x08003740   0x08003740   0x00000000   Code   RO         2088    x$fpl$usenofp       fz_ws.l(usenofp.o)
    0x08003740   0x08003740   0x000017c0   Data   RO         1828    .constdata          oled.o
    0x08004f00   0x08004f00   0x00000094   Data   RO         2116    .constdata          c_w.l(bigflt0.o)
    0x08004f94   0x08004f94   0x00000020   Data   RO         2286    Region$$Table       anon$$obj.o
    0x08004fb4   0x08004fb4   0x0000001c   Data   RO         2140    locale$$data        c_w.l(lc_numeric_c.o)


    Execution Region RW_IRAM1 (Exec base: 0x20000000, Load base: 0x08004fd0, Size: 0x00002050, Max: 0x00005000, ABSOLUTE, COMPRESSED[0x000002b4])

    Exec Addr    Load Addr    Size         Type   Attr      Idx    E Section Name        Object

    0x20000000   COMPRESSED   0x00000011   Data   RW         1468    .data               main.o
    0x20000011   COMPRESSED   0x00000001   PAD
    0x20000012   COMPRESSED   0x00000004   Data   RW         1613    .data               delay.o
    0x20000016   COMPRESSED   0x00001558   Data   RW         1829    .data               oled.o
    0x2000156e   COMPRESSED   0x00000002   PAD
    0x20001570        -       0x00000480   Zero   RW         1827    .bss                oled.o
    0x200019f0        -       0x00000060   Zero   RW         2148    .bss                c_w.l(libspace.o)
    0x20001a50        -       0x00000200   Zero   RW         1454    HEAP                startup_stm32f10x_md.o
    0x20001c50        -       0x00000400   Zero   RW         1453    STACK               startup_stm32f10x_md.o


==============================================================================

Image component sizes


      Code (inc. data)   RO Data    RW Data    ZI Data      Debug   Object Name

       224         18          0          0          0       2114   adckey.o
         0          0          0          0          0         32   core_cm3.o
       136         12          0          4          0       1332   delay.o
      2100        130          0         17          0       6212   main.o
        40          0          0          0          0     244782   misc.o
       844         40          0          0          0       7766   mlx90614.o
      1566         62       6080       5464       1152      11409   oled.o
       380         34          0          0          0       3339   pwm.o
        64         26        236          0       1536        832   startup_stm32f10x_md.o
       478         24          0          0          0       8409   stm32f10x_adc.o
       430          6          0          0          0       4094   stm32f10x_gpio.o
        26          0          0          0          0       4198   stm32f10x_it.o
       120         24          0          0          0       2350   stm32f10x_rcc.o
       518         72          0          0          0       4525   stm32f10x_tim.o
       328         28          0          0          0       2153   system_stm32f10x.o
        80         10          0          0          0       1030   xunji.o

    ----------------------------------------------------------------------
      7362        486       6348       5488       2688     304577   Object Totals
         0          0         32          0          0          0   (incl. Generated)
        28          0          0          3          0          0   (incl. Padding)

    ----------------------------------------------------------------------

      Code (inc. data)   RO Data    RW Data    ZI Data      Debug   Library Member Name

        90          0          0          0          0          0   __dczerorl2.o
         8          0          0          0          0         68   __main.o
       352          0          0          0          0         88   __printf_ss_wp.o
        14          0          0          0          0         68   __printf_wp.o
         0          0          0          0          0          0   __rtentry.o
        12          0          0          0          0          0   __rtentry2.o
         6          0          0          0          0          0   __rtentry4.o
        52          8          0          0          0          0   __scatter.o
        28          0          0          0          0          0   __scatter_zi.o
        48          6          0          0          0         96   _printf_char_common.o
         6          0          0          0          0          0   _printf_f.o
      1054          0          0          0          0        216   _printf_fp_dec.o
       128         16          0          0          0         84   _printf_fp_infnan.o
         0          0          0          0          0          0   _printf_percent.o
         4          0          0          0          0          0   _printf_percent_end.o
        10          0          0          0          0         68   _sputc.o
       228          4        148          0          0         96   bigflt0.o
      1936        128          0          0          0        672   btod.o
        18          0          0          0          0         80   exit.o
         6          0          0          0          0        152   heapauxi.o
         0          0          0          0          0          0   indicate_semi.o
        44         10         28          0          0         76   lc_numeric_c.o
         2          0          0          0          0          0   libinit.o
        18          0          0          0          0          0   libinit2.o
         2          0          0          0          0          0   libshutdown.o
         2          0          0          0          0          0   libshutdown2.o
         8          4          0          0         96         68   libspace.o
       138          0          0          0          0         80   lludiv10.o
        40          6          0          0          0         84   noretval__2sprintf.o
         8          4          0          0          0         68   rt_locale_intlibspace.o
         2          0          0          0          0          0   rtexit.o
        10          0          0          0          0          0   rtexit2.o
       128          0          0          0          0         68   strcmpv7m.o
        62          0          0          0          0         76   strlen.o
        12          4          0          0          0         68   sys_exit.o
        74          0          0          0          0         80   sys_stackheap_outer.o
         2          0          0          0          0         68   use_no_semi.o
        98          4          0          0          0         92   d2f.o
       804         16          0          0          0        272   daddsub_clz.o
        24          0          0          0          0         68   dcmpi.o
        38          0          0          0          0         68   dflt_clz.o
       120          4          0          0          0         92   dleqf.o
       340         12          0          0          0        104   dmul.o
       156          4          0          0          0         92   dnaninf.o
        12          0          0          0          0         68   dretinf.o
       108          0          0          0          0         80   drleqf.o
        86          4          0          0          0         84   f2d.o
       140          4          0          0          0         84   fnaninf.o
        10          0          0          0          0         68   fretinf.o
         4          0          0          0          0         68   printf1.o
         0          0          0          0          0          0   usenofp.o
        40          0          0          0          0         68   fpclassify.o

    ----------------------------------------------------------------------
      6546        238        176          0         96       3732   Library Totals
        14          0          0          0          0          0   (incl. Padding)

    ----------------------------------------------------------------------

      Code (inc. data)   RO Data    RW Data    ZI Data      Debug   Library Name

      4552        190        176          0         96       2424   c_w.l
      1940         48          0          0          0       1240   fz_ws.l
        40          0          0          0          0         68   m_ws.l

    ----------------------------------------------------------------------
      6546        238        176          0         96       3732   Library Totals

    ----------------------------------------------------------------------

==============================================================================


      Code (inc. data)   RO Data    RW Data    ZI Data      Debug   

     13908        724       6524       5488       2784     302065   Grand Totals
     13908        724       6524        692       2784     302065   ELF Image Totals (compressed)
     13908        724       6524        692          0          0   ROM Totals

==============================================================================

    Total RO  Size (Code + RO Data)                20432 (  19.95kB)
    Total RW  Size (RW Data + ZI Data)              8272 (   8.08kB)
    Total ROM Size (Code + RO Data + RW Data)      21124 (  20.63kB)

==============================================================================

